Component: ARM Compiler 5.06 update 7 (build 960) Tool: armlink [4d3601]

==============================================================================

Section Cross References

    main.o(i.ESP8266_Connect_Task) refers to printfa.o(i.__0printf) for __2printf
    main.o(i.ESP8266_Connect_Task) refers to event_groups.o(i.xEventGroupClearBits) for xEventGroupClearBits
    main.o(i.ESP8266_Connect_Task) refers to tasks.o(i.vTaskDelay) for vTaskDelay
    main.o(i.ESP8266_Connect_Task) refers to event_groups.o(i.xEventGroupSetBits) for xEventGroupSetBits
    main.o(i.ESP8266_Connect_Task) refers to esp8266.o(i.ESP8266_OnLineInit) for ESP8266_OnLineInit
    main.o(i.ESP8266_Connect_Task) refers to esp8266.o(i.ESP8266_ConnectMyYunServer) for ESP8266_ConnectMyYunServer
    main.o(i.ESP8266_Connect_Task) refers to main.o(.data) for xESP8266EventGroup
    main.o(i.ESP8266_Process_Task) refers to port.o(i.vPortEnterCritical) for vPortEnterCritical
    main.o(i.ESP8266_Process_Task) refers to printfa.o(i.__0printf) for __2printf
    main.o(i.ESP8266_Process_Task) refers to strcpy.o(.text) for strcpy
    main.o(i.ESP8266_Process_Task) refers to uart.o(i.Uart_DataArray_clear) for Uart_DataArray_clear
    main.o(i.ESP8266_Process_Task) refers to port.o(i.vPortExitCritical) for vPortExitCritical
    main.o(i.ESP8266_Process_Task) refers to my_lib.o(i.MY_LIB_CmpArray) for MY_LIB_CmpArray
    main.o(i.ESP8266_Process_Task) refers to event_groups.o(i.xEventGroupSetBits) for xEventGroupSetBits
    main.o(i.ESP8266_Process_Task) refers to tasks.o(i.vTaskDelay) for vTaskDelay
    main.o(i.ESP8266_Process_Task) refers to esp8266.o(.data) for esp8266_transparent_transmission_sta
    main.o(i.ESP8266_Process_Task) refers to uart.o(.data) for uart3_flag
    main.o(i.ESP8266_Process_Task) refers to uart.o(.bss) for uart3_recvbuf
    main.o(i.ESP8266_Process_Task) refers to main.o(.data) for xESP8266EventGroup
    main.o(i.ESP8266_Process_Task) refers to main.o(.bss) for g_rxbuffer
    main.o(i.ESP8266_messagereport_Task) refers to event_groups.o(i.xEventGroupClearBits) for xEventGroupClearBits
    main.o(i.ESP8266_messagereport_Task) refers to printfa.o(i.__0printf) for __2printf
    main.o(i.ESP8266_messagereport_Task) refers to esp8266.o(i.esp8266_DataReport) for esp8266_DataReport
    main.o(i.ESP8266_messagereport_Task) refers to event_groups.o(i.xEventGroupSetBits) for xEventGroupSetBits
    main.o(i.ESP8266_messagereport_Task) refers to tasks.o(i.vTaskDelay) for vTaskDelay
    main.o(i.ESP8266_messagereport_Task) refers to main.o(.data) for xESP8266EventGroup
    main.o(i.HC_SR04_Task) refers to hc_sr04.o(i.HC_SR04_Get_Distance) for HC_SR04_Get_Distance
    main.o(i.HC_SR04_Task) refers to tasks.o(i.vTaskDelay) for vTaskDelay
    main.o(i.HC_SR04_Task) refers to hc_sr04.o(.data) for distance
    main.o(i.Hardware_Init) refers to misc.o(i.NVIC_PriorityGroupConfig) for NVIC_PriorityGroupConfig
    main.o(i.Hardware_Init) refers to uart.o(i.Uart_Init) for Uart_Init
    main.o(i.Hardware_Init) refers to uart.o(i.Uart2_Init) for Uart2_Init
    main.o(i.Hardware_Init) refers to led.o(i.LED_Init) for LED_Init
    main.o(i.Hardware_Init) refers to key.o(i.KEY_Init) for KEY_Init
    main.o(i.Hardware_Init) refers to buzzer.o(i.BUZZER_Init) for BUZZER_Init
    main.o(i.Hardware_Init) refers to oled.o(i.OLED_Init) for OLED_Init
    main.o(i.Hardware_Init) refers to hc_sr04.o(i.HC_SR04_Init) for HC_SR04_Init
    main.o(i.Hardware_Init) refers to esp8266.o(i.Esp8266_Init) for Esp8266_Init
    main.o(i.OLED_Task) refers to oled.o(i.OLED_ShowNum) for OLED_ShowNum
    main.o(i.OLED_Task) refers to oled.o(i.OLED_UpdateArea) for OLED_UpdateArea
    main.o(i.OLED_Task) refers to tasks.o(i.vTaskDelay) for vTaskDelay
    main.o(i.OLED_Task) refers to hc_sr04.o(.data) for distance
    main.o(i.main) refers to main.o(i.Hardware_Init) for Hardware_Init
    main.o(i.main) refers to event_groups.o(i.xEventGroupCreate) for xEventGroupCreate
    main.o(i.main) refers to printfa.o(i.__0printf) for __2printf
    main.o(i.main) refers to tasks.o(i.xTaskCreate) for xTaskCreate
    main.o(i.main) refers to tasks.o(i.vTaskStartScheduler) for vTaskStartScheduler
    main.o(i.main) refers to main.o(.data) for xESP8266EventGroup
    main.o(i.main) refers to main.o(i.OLED_Task) for OLED_Task
    main.o(i.main) refers to main.o(i.HC_SR04_Task) for HC_SR04_Task
    main.o(i.main) refers to main.o(i.ESP8266_Connect_Task) for ESP8266_Connect_Task
    main.o(i.main) refers to main.o(i.ESP8266_Process_Task) for ESP8266_Process_Task
    main.o(i.main) refers to main.o(i.ESP8266_messagereport_Task) for ESP8266_messagereport_Task
    system_stm32f4xx.o(i.SystemCoreClockUpdate) refers to system_stm32f4xx.o(.data) for SystemCoreClock
    system_stm32f4xx.o(i.SystemInit) refers to system_stm32f4xx.o(i.SetSysClock) for SetSysClock
    buzzer.o(i.BUZZER_Init) refers to stm32f4xx_rcc.o(i.RCC_AHB1PeriphClockCmd) for RCC_AHB1PeriphClockCmd
[...]
    i.TI2_Config                             0x0800214a   Section        0  stm32f4xx_tim.o(i.TI2_Config)
    TI2_Config                               0x0800214b   Thumb Code    80  stm32f4xx_tim.o(i.TI2_Config)
    i.TI3_Config                             0x0800219a   Section        0  stm32f4xx_tim.o(i.TI3_Config)
    TI3_Config                               0x0800219b   Thumb Code    72  stm32f4xx_tim.o(i.TI3_Config)
    i.TI4_Config                             0x080021e2   Section        0  stm32f4xx_tim.o(i.TI4_Config)
    TI4_Config                               0x080021e3   Thumb Code    80  stm32f4xx_tim.o(i.TI4_Config)
    i.TIM8_CC_IRQHandler                     0x08002234   Section        0  hc_sr04.o(i.TIM8_CC_IRQHandler)
    i.TIM_CCxCmd                             0x080022a0   Section        0  stm32f4xx_tim.o(i.TIM_CCxCmd)
    i.TIM_ClearITPendingBit                  0x080022be   Section        0  stm32f4xx_tim.o(i.TIM_ClearITPendingBit)
    i.TIM_Cmd                                0x080022c4   Section        0  stm32f4xx_tim.o(i.TIM_Cmd)
    i.TIM_GetCapture1                        0x080022dc   Section        0  stm32f4xx_tim.o(i.TIM_GetCapture1)
    i.TIM_GetCapture2                        0x080022e2   Section        0  stm32f4xx_tim.o(i.TIM_GetCapture2)
    i.TIM_GetITStatus                        0x080022e8   Section        0  stm32f4xx_tim.o(i.TIM_GetITStatus)
    i.TIM_ICInit                             0x0800230a   Section        0  stm32f4xx_tim.o(i.TIM_ICInit)
    i.TIM_ITConfig                           0x08002378   Section        0  stm32f4xx_tim.o(i.TIM_ITConfig)
    i.TIM_SelectInputTrigger                 0x0800238a   Section        0  stm32f4xx_tim.o(i.TIM_SelectInputTrigger)
    i.TIM_SelectSlaveMode                    0x0800239c   Section        0  stm32f4xx_tim.o(i.TIM_SelectSlaveMode)
    i.TIM_SetIC1Prescaler                    0x080023ae   Section        0  stm32f4xx_tim.o(i.TIM_SetIC1Prescaler)
    i.TIM_SetIC2Prescaler                    0x080023c0   Section        0  stm32f4xx_tim.o(i.TIM_SetIC2Prescaler)
    i.TIM_SetIC3Prescaler                    0x080023da   Section        0  stm32f4xx_tim.o(i.TIM_SetIC3Prescaler)
    i.TIM_SetIC4Prescaler                    0x080023ec   Section        0  stm32f4xx_tim.o(i.TIM_SetIC4Prescaler)
    i.TIM_TimeBaseInit                       0x08002408   Section        0  stm32f4xx_tim.o(i.TIM_TimeBaseInit)
    i.USART1_IRQHandler                      0x0800248c   Section        0  uart.o(i.USART1_IRQHandler)
    i.USART1_SendStr                         0x08002504   Section        0  uart.o(i.USART1_SendStr)
    i.USART2_IRQHandler                      0x08002530   Section        0  uart.o(i.USART2_IRQHandler)
    i.USART3_IRQHandler                      0x080025c0   Section        0  uart.o(i.USART3_IRQHandler)
    i.USART3_SendStr                         0x08002644   Section        0  uart.o(i.USART3_SendStr)
    i.USART_ClearITPendingBit                0x08002670   Section        0  stm32f4xx_usart.o(i.USART_ClearITPendingBit)
    i.USART_Cmd                              0x0800268e   Section        0  stm32f4xx_usart.o(i.USART_Cmd)
    i.USART_GetFlagStatus                    0x080026a6   Section        0  stm32f4xx_usart.o(i.USART_GetFlagStatus)
    i.USART_GetITStatus                      0x080026c0   Section        0  stm32f4xx_usart.o(i.USART_GetITStatus)
    i.USART_ITConfig                         0x08002714   Section        0  stm32f4xx_usart.o(i.USART_ITConfig)
    i.USART_Init                             0x08002760   Section        0  stm32f4xx_usart.o(i.USART_Init)
    i.USART_ReceiveData                      0x08002834   Section        0  stm32f4xx_usart.o(i.USART_ReceiveData)
    i.USART_SendData                         0x0800283e   Section        0  stm32f4xx_usart.o(i.USART_SendData)
    i.Uart2_Init                             0x08002848   Section        0  uart.o(i.Uart2_Init)
    i.Uart3_Init                             0x080028f8   Section        0  uart.o(i.Uart3_Init)
    i.Uart_DataArray_clear                   0x080029b4   Section        0  uart.o(i.Uart_DataArray_clear)
    i.Uart_Data_Cpy                          0x080029c8   Section        0  uart.o(i.Uart_Data_Cpy)
    i.Uart_Data_clear                        0x080029e0   Section        0  uart.o(i.Uart_Data_clear)
    i.Uart_Init                              0x080029fc   Section        0  uart.o(i.Uart_Init)
    i.UsageFault_Handler                     0x08002aac   Section        0  stm32f4xx_it.o(i.UsageFault_Handler)
    i.__0printf                              0x08002ab0   Section        0  printfa.o(i.__0printf)
    i.__0sprintf                             0x08002ad0   Section        0  printfa.o(i.__0sprintf)
    i.__scatterload_copy                     0x08002af8   Section       14  handlers.o(i.__scatterload_copy)
    i.__scatterload_null                     0x08002b06   Section        2  handlers.o(i.__scatterload_null)
    i.__scatterload_zeroinit                 0x08002b08   Section       14  handlers.o(i.__scatterload_zeroinit)
    i._fp_digits                             0x08002b18   Section        0  printfa.o(i._fp_digits)
    _fp_digits                               0x08002b19   Thumb Code   366  printfa.o(i._fp_digits)
    i._printf_core                           0x08002c9c   Section        0  printfa.o(i._printf_core)
    _printf_core                             0x08002c9d   Thumb Code  1704  printfa.o(i._printf_core)
    i._printf_post_padding                   0x08003350   Section        0  printfa.o(i._printf_post_padding)
    _printf_post_padding                     0x08003351   Thumb Code    36  printfa.o(i._printf_post_padding)
    i._printf_pre_padding                    0x08003374   Section        0  printfa.o(i._printf_pre_padding)
    _printf_pre_padding                      0x08003375   Thumb Code    46  printfa.o(i._printf_pre_padding)
    i._sputc                                 0x080033a2   Section        0  printfa.o(i._sputc)
    _sputc                                   0x080033a3   Thumb Code    10  printfa.o(i._sputc)
    i.esp8266_DataReport                     0x080033ac   Section        0  esp8266.o(i.esp8266_DataReport)
    i.fputc                                  0x080033dc   Section        0  uart.o(i.fputc)
    i.main                                   0x08003400   Section        0  main.o(i.main)
    i.prvAddCurrentTaskToDelayedList         0x0800372c   Section        0  tasks.o(i.prvAddCurrentTaskToDelayedList)
    prvAddCurrentTaskToDelayedList           0x0800372d   Thumb Code   124  tasks.o(i.prvAddCurrentTaskToDelayedList)
    i.prvAddNewTaskToReadyList               0x080037c4   Section        0  tasks.o(i.prvAddNewTaskToReadyList)
    prvAddNewTaskToReadyList                 0x080037c5   Thumb Code   156  tasks.o(i.prvAddNewTaskToReadyList)
    i.prvCheckForValidListAndQueue           0x0800387c   Section        0  timers.o(i.prvCheckForValidListAndQueue)
    prvCheckForValidListAndQueue             0x0800387d   Thumb Code    72  timers.o(i.prvCheckForValidListAndQueue)
    i.prvCheckTasksWaitingTermination        0x080038e0   Section        0  tasks.o(i.prvCheckTasksWaitingTermination)
    prvCheckTasksWaitingTermination          0x080038e1   Thumb Code    86  tasks.o(i.prvCheckTasksWaitingTermination)
    i.prvCopyDataFromQueue                   0x08003944   Section        0  queue.o(i.prvCopyDataFromQueue)
    prvCopyDataFromQueue                     0x08003945   Thumb Code    42  queue.o(i.prvCopyDataFromQueue)
    i.prvCopyDataToQueue                     0x0800396e   Section        0  queue.o(i.prvCopyDataToQueue)
    prvCopyDataToQueue                       0x0800396f   Thumb Code   124  queue.o(i.prvCopyDataToQueue)
    i.prvDeleteTCB                           0x080039ea   Section        0  tasks.o(i.prvDeleteTCB)
    prvDeleteTCB                             0x080039eb   Thumb Code    18  tasks.o(i.prvDeleteTCB)
    i.prvGetNextExpireTime                   0x080039fc   Section        0  timers.o(i.prvGetNextExpireTime)
    prvGetNextExpireTime                     0x080039fd   Thumb Code    36  timers.o(i.prvGetNextExpireTime)
    i.prvHeapInit                            0x08003a24   Section        0  heap_4.o(i.prvHeapInit)
    prvHeapInit                              0x08003a25   Thumb Code    98  heap_4.o(i.prvHeapInit)
    i.prvIdleTask                            0x08003aa0   Section        0  tasks.o(i.prvIdleTask)
    prvIdleTask                              0x08003aa1   Thumb Code    32  tasks.o(i.prvIdleTask)
    i.prvInitialiseNewQueue                  0x08003ac8   Section        0  queue.o(i.prvInitialiseNewQueue)
    prvInitialiseNewQueue                    0x08003ac9   Thumb Code    42  queue.o(i.prvInitialiseNewQueue)
    i.prvInitialiseNewTask                   0x08003af2   Section        0  tasks.o(i.prvInitialiseNewTask)
    prvInitialiseNewTask                     0x08003af3   Thumb Code   180  tasks.o(i.prvInitialiseNewTask)
    i.prvInitialiseTaskLists                 0x08003ba8   Section        0  tasks.o(i.prvInitialiseTaskLists)
    prvInitialiseTaskLists                   0x08003ba9   Thumb Code    70  tasks.o(i.prvInitialiseTaskLists)
    i.prvInsertBlockIntoFreeList             0x08003c10   Section        0  heap_4.o(i.prvInsertBlockIntoFreeList)
    prvInsertBlockIntoFreeList               0x08003c11   Thumb Code    96  heap_4.o(i.prvInsertBlockIntoFreeList)
    i.prvInsertTimerInActiveList             0x08003c78   Section        0  timers.o(i.prvInsertTimerInActiveList)
    prvInsertTimerInActiveList               0x08003c79   Thumb Code    80  timers.o(i.prvInsertTimerInActiveList)
    i.prvIsQueueEmpty                        0x08003cd0   Section        0  queue.o(i.prvIsQueueEmpty)
    prvIsQueueEmpty                          0x08003cd1   Thumb Code    26  queue.o(i.prvIsQueueEmpty)
    i.prvIsQueueFull                         0x08003cea   Section        0  queue.o(i.prvIsQueueFull)
    prvIsQueueFull                           0x08003ceb   Thumb Code    30  queue.o(i.prvIsQueueFull)
    i.prvProcessExpiredTimer                 0x08003d08   Section        0  timers.o(i.prvProcessExpiredTimer)
    prvProcessExpiredTimer                   0x08003d09   Thumb Code    94  timers.o(i.prvProcessExpiredTimer)
    i.prvProcessReceivedCommands             0x08003d6c   Section        0  timers.o(i.prvProcessReceivedCommands)
    prvProcessReceivedCommands               0x08003d6d   Thumb Code   242  timers.o(i.prvProcessReceivedCommands)
    i.prvProcessTimerOrBlockTask             0x08003e64   Section        0  timers.o(i.prvProcessTimerOrBlockTask)
    prvProcessTimerOrBlockTask               0x08003e65   Thumb Code   102  timers.o(i.prvProcessTimerOrBlockTask)
    i.prvResetNextTaskUnblockTime            0x08003ed8   Section        0  tasks.o(i.prvResetNextTaskUnblockTime)
    prvResetNextTaskUnblockTime              0x08003ed9   Thumb Code    42  tasks.o(i.prvResetNextTaskUnblockTime)
    i.prvSampleTimeNow                       0x08003f0c   Section        0  timers.o(i.prvSampleTimeNow)
    prvSampleTimeNow                         0x08003f0d   Thumb Code    40  timers.o(i.prvSampleTimeNow)
    i.prvSwitchTimerLists                    0x08003f38   Section        0  timers.o(i.prvSwitchTimerLists)
    prvSwitchTimerLists                      0x08003f39   Thumb Code   150  timers.o(i.prvSwitchTimerLists)
    i.prvTaskExitError                       0x08003fd8   Section        0  port.o(i.prvTaskExitError)
    prvTaskExitError                         0x08003fd9   Thumb Code    60  port.o(i.prvTaskExitError)
    i.prvTimerTask                           0x08004018   Section        0  timers.o(i.prvTimerTask)
    prvTimerTask                             0x08004019   Thumb Code    26  timers.o(i.prvTimerTask)
    i.prvUnlockQueue                         0x08004032   Section        0  queue.o(i.prvUnlockQueue)
    prvUnlockQueue                           0x08004033   Thumb Code   126  queue.o(i.prvUnlockQueue)
    i.pvPortMalloc                           0x080040b0   Section        0  heap_4.o(i.pvPortMalloc)
    i.pvTaskIncrementMutexHeldCount          0x080041ec   Section        0  tasks.o(i.pvTaskIncrementMutexHeldCount)
    i.pxPortInitialiseStack                  0x0800420c   Section        0  port.o(i.pxPortInitialiseStack)
    i.uxListRemove                           0x08004238   Section        0  list.o(i.uxListRemove)
    i.vListInitialise                        0x08004260   Section        0  list.o(i.vListInitialise)
    i.vListInitialiseItem                    0x0800427a   Section        0  list.o(i.vListInitialiseItem)
    i.vListInsert                            0x08004280   Section        0  list.o(i.vListInsert)
    i.vListInsertEnd                         0x080042b4   Section        0  list.o(i.vListInsertEnd)
    i.vPortEnterCritical                     0x080042cc   Section        0  port.o(i.vPortEnterCritical)
    i.vPortExitCritical                      0x08004320   Section        0  port.o(i.vPortExitCritical)
    i.vPortFree                              0x0800435c   Section        0  heap_4.o(i.vPortFree)
    i.vPortSetupTimerInterrupt               0x080043f0   Section        0  port.o(i.vPortSetupTimerInterrupt)
    i.vPortValidateInterruptPriority         0x08004410   Section        0  port.o(i.vPortValidateInterruptPriority)
    i.vQueueAddToRegistry                    0x08004488   Section        0  queue.o(i.vQueueAddToRegistry)
    i.vQueueWaitForMessageRestricted         0x080044b4   Section        0  queue.o(i.vQueueWaitForMessageRestricted)
    i.vTaskDelay                             0x08004500   Section        0  tasks.o(i.vTaskDelay)
    i.vTaskMissedYield                       0x0800455c   Section        0  tasks.o(i.vTaskMissedYield)
    i.vTaskPlaceOnEventList                  0x08004568   Section        0  tasks.o(i.vTaskPlaceOnEventList)
    i.vTaskPlaceOnEventListRestricted        0x080045a0   Section        0  tasks.o(i.vTaskPlaceOnEventListRestricted)
    i.vTaskPriorityInherit                   0x080045e0   Section        0  tasks.o(i.vTaskPriorityInherit)
    i.vTaskSetTimeOutState                   0x08004690   Section        0  tasks.o(i.vTaskSetTimeOutState)
    i.vTaskStartScheduler                    0x080046c0   Section        0  tasks.o(i.vTaskStartScheduler)
    i.vTaskSuspendAll                        0x08004754   Section        0  tasks.o(i.vTaskSuspendAll)
    i.vTaskSwitchContext                     0x08004764   Section        0  tasks.o(i.vTaskSwitchContext)
    i.xEventGroupClearBits                   0x080047f0   Section        0  event_groups.o(i.xEventGroupClearBits)
    i.xEventGroupCreate                      0x0800484c   Section        0  event_groups.o(i.xEventGroupCreate)
    i.xEventGroupSetBits                     0x08004866   Section        0  event_groups.o(i.xEventGroupSetBits)
    i.xPortStartScheduler                    0x08004934   Section        0  port.o(i.xPortStartScheduler)
    i.xQueueGenericCreate                    0x08004a70   Section        0  queue.o(i.xQueueGenericCreate)
    i.xQueueGenericReceive                   0x08004ac8   Section        0  queue.o(i.xQueueGenericReceive)
    i.xQueueGenericReset                     0x08004c8c   Section        0  queue.o(i.xQueueGenericReset)
    i.xQueueGenericSend                      0x08004d24   Section        0  queue.o(i.xQueueGenericSend)
    i.xQueueGenericSendFromISR               0x08004ecc   Section        0  queue.o(i.xQueueGenericSendFromISR)
    i.xQueueGiveFromISR                      0x08004fc4   Section        0  queue.o(i.xQueueGiveFromISR)
    i.xTaskCheckForTimeOut                   0x080050a4   Section        0  tasks.o(i.xTaskCheckForTimeOut)
    i.xTaskCreate                            0x08005130   Section        0  tasks.o(i.xTaskCreate)
    i.xTaskGetSchedulerState                 0x08005190   Section        0  tasks.o(i.xTaskGetSchedulerState)
    i.xTaskGetTickCount                      0x080051b0   Section        0  tasks.o(i.xTaskGetTickCount)
    i.xTaskIncrementTick                     0x080051bc   Section        0  tasks.o(i.xTaskIncrementTick)
    i.xTaskPriorityDisinherit                0x08005304   Section        0  tasks.o(i.xTaskPriorityDisinherit)
    i.xTaskRemoveFromEventList               0x080053cc   Section        0  tasks.o(i.xTaskRemoveFromEventList)
    i.xTaskRemoveFromUnorderedEventList      0x08005464   Section        0  tasks.o(i.xTaskRemoveFromUnorderedEventList)
    i.xTaskResumeAll                         0x08005514   Section        0  tasks.o(i.xTaskResumeAll)
    i.xTimerCreateTimerTask                  0x08005618   Section        0  timers.o(i.xTimerCreateTimerTask)
    i.xTimerGenericCommand                   0x08005670   Section        0  timers.o(i.xTimerGenericCommand)
    .constdata                               0x080056f4   Section     4082  oled_data.o(.constdata)
    .data                                    0x20000000   Section       28  main.o(.data)
    OLED_Task_handle                         0x20000004   Data           4  main.o(.data)
    HC_SR04_Task_handle                      0x20000008   Data           4  main.o(.data)
    ESP8266_Connect_Task_handle              0x2000000c   Data           4  main.o(.data)
    ESP8266_Process_Task_handle              0x20000010   Data           4  main.o(.data)
    ESP8266_messagereport_Task_handle        0x20000014   Data           4  main.o(.data)
    xLastHeartbeatTime                       0x20000018   Data           4  main.o(.data)
    .data                                    0x2000001c   Section       20  system_stm32f4xx.o(.data)
    .data                                    0x20000030   Section       16  hc_sr04.o(.data)
    cnt                                      0x2000003a   Data           1  hc_sr04.o(.data)
    .data                                    0x20000040   Section        8  esp8266.o(.data)
    cnt                                      0x20000042   Data           1  esp8266.o(.data)
    .data                                    0x20000048   Section       12  hs0038.o(.data)
    .data                                    0x20000054   Section        4  delay.o(.data)
    fac_us                                   0x20000054   Data           1  delay.o(.data)
    fac_ms                                   0x20000056   Data           2  delay.o(.data)
    .data                                    0x20000058   Section       21  uart.o(.data)
    count                                    0x2000006c   Data           1  uart.o(.data)
    .data                                    0x2000006d   Section       16  stm32f4xx_rcc.o(.data)
    APBAHBPrescTable                         0x2000006d   Data          16  stm32f4xx_rcc.o(.data)
    .data                                    0x20000080   Section       60  tasks.o(.data)
    pxDelayedTaskList                        0x20000084   Data           4  tasks.o(.data)
    pxOverflowDelayedTaskList                0x20000088   Data           4  tasks.o(.data)
    uxDeletedTasksWaitingCleanUp             0x2000008c   Data           4  tasks.o(.data)
    uxCurrentNumberOfTasks                   0x20000090   Data           4  tasks.o(.data)
    xTickCount                               0x20000094   Data           4  tasks.o(.data)
    uxTopReadyPriority                       0x20000098   Data           4  tasks.o(.data)
    xSchedulerRunning                        0x2000009c   Data           4  tasks.o(.data)
    uxPendedTicks                            0x200000a0   Data           4  tasks.o(.data)
    xYieldPending                            0x200000a4   Data           4  tasks.o(.data)
    xNumOfOverflows                          0x200000a8   Data           4  tasks.o(.data)
    uxTaskNumber                             0x200000ac   Data           4  tasks.o(.data)
    xNextTaskUnblockTime                     0x200000b0   Data           4  tasks.o(.data)
    xIdleTaskHandle                          0x200000b4   Data           4  tasks.o(.data)
    uxSchedulerSuspended                     0x200000b8   Data           4  tasks.o(.data)
    .data                                    0x200000bc   Section       20  timers.o(.data)
    pxCurrentTimerList                       0x200000bc   Data           4  timers.o(.data)
    pxOverflowTimerList                      0x200000c0   Data           4  timers.o(.data)
    xTimerQueue                              0x200000c4   Data           4  timers.o(.data)
    xTimerTaskHandle                         0x200000c8   Data           4  timers.o(.data)
    xLastTime                                0x200000cc   Data           4  timers.o(.data)
    .data                                    0x200000d0   Section       12  port.o(.data)
    uxCriticalNesting                        0x200000d0   Data           4  port.o(.data)
    ucMaxSysCallPriority                     0x200000d4   Data           1  port.o(.data)
    ulMaxPRIGROUPValue                       0x200000d8   Data           4  port.o(.data)
    .data                                    0x200000dc   Section       24  heap_4.o(.data)
    xStart                                   0x200000dc   Data           8  heap_4.o(.data)
    pxEnd                                    0x200000e4   Data           4  heap_4.o(.data)
    xFreeBytesRemaining                      0x200000e8   Data           4  heap_4.o(.data)
    xMinimumEverFreeBytesRemaining           0x200000ec   Data           4  heap_4.o(.data)
    xBlockAllocatedBit                       0x200000f0   Data           4  heap_4.o(.data)
    .bss                                     0x200000f4   Section       74  main.o(.bss)
    .bss                                     0x2000013e   Section     1040  oled.o(.bss)
    .bss                                     0x2000054e   Section      296  uart.o(.bss)
    .bss                                     0x20000678   Section       64  queue.o(.bss)
    .bss                                     0x200006b8   Section      200  tasks.o(.bss)
    pxReadyTasksLists                        0x200006b8   Data         100  tasks.o(.bss)
    xDelayedTaskList1                        0x2000071c   Data          20  tasks.o(.bss)
    xDelayedTaskList2                        0x20000730   Data          20  tasks.o(.bss)
    xPendingReadyList                        0x20000744   Data          20  tasks.o(.bss)
    xTasksWaitingTermination                 0x20000758   Data          20  tasks.o(.bss)
    xSuspendedTaskList                       0x2000076c   Data          20  tasks.o(.bss)
    .bss                                     0x20000780   Section       40  timers.o(.bss)
    xActiveTimerList1                        0x20000780   Data          20  timers.o(.bss)
    xActiveTimerList2                        0x20000794   Data          20  timers.o(.bss)
    .bss                                     0x200007a8   Section    76800  heap_4.o(.bss)
    ucHeap                                   0x200007a8   Data       76800  heap_4.o(.bss)
    STACK                                    0x200133a8   Section     1024  startup_stm32f40_41xxx.o(STACK)

    Global Symbols

    Symbol Name                              Value     Ov Type        Size  Object(Section)

    BuildAttributes$$THM_ISAv4$E$P$D$K$B$S$7EM$VFPi3$EXTD16$VFPS$VFMA$PE$A:L22UL41UL21$X:L11$S22US41US21$IEEE1$IW$USESV6$~STKCKD$USESV7$~SHL$OTIME$ROPI$IEEEX$EBA8$MICROLIB$REQ8$PRES8$EABIv2 0x00000000   Number         0  anon$$obj.o ABSOLUTE
    __ARM_use_no_argv                        0x00000000   Number         0  main.o ABSOLUTE
    __use_no_errno                           0x00000000   Number         0  useno.o ABSOLUTE
    __use_no_exception_handling              0x00000000   Number         0  useno.o ABSOLUTE
    __use_no_fp                              0x00000000   Number         0  useno.o ABSOLUTE
    __use_no_heap                            0x00000000   Number         0  useno.o ABSOLUTE
    __use_no_heap_region                     0x00000000   Number         0  useno.o ABSOLUTE
    __use_no_semihosting                     0x00000000   Number         0  useno.o ABSOLUTE
    __use_no_semihosting_swi                 0x00000000   Number         0  useno.o ABSOLUTE
    __use_no_signal_handling                 0x00000000   Number         0  useno.o ABSOLUTE
    _printf_a                                0x00000000   Number         0  stubs.o ABSOLUTE
    _printf_c                                0x00000000   Number         0  stubs.o ABSOLUTE
    _printf_charcount                        0x00000000   Number         0  stubs.o ABSOLUTE
    _printf_d                                0x00000000   Number         0  stubs.o ABSOLUTE
    _printf_e                                0x00000000   Number         0  stubs.o ABSOLUTE
    _printf_f                                0x00000000   Number         0  stubs.o ABSOLUTE
    _printf_flags                            0x00000000   Number         0  stubs.o ABSOLUTE
    _printf_fp_dec                           0x00000000   Number         0  stubs.o ABSOLUTE
    _printf_fp_hex                           0x00000000   Number         0  stubs.o ABSOLUTE
    _printf_g                                0x00000000   Number         0  stubs.o ABSOLUTE
    _printf_i                                0x00000000   Number         0  stubs.o ABSOLUTE
    _printf_int_dec                          0x00000000   Number         0  stubs.o ABSOLUTE
    _printf_l                                0x00000000   Number         0  stubs.o ABSOLUTE
    _printf_lc                               0x00000000   Number         0  stubs.o ABSOLUTE
    _printf_ll                               0x00000000   Number         0  stubs.o ABSOLUTE
    _printf_lld                              0x00000000   Number         0  stubs.o ABSOLUTE
    _printf_lli                              0x00000000   Number         0  stubs.o ABSOLUTE
    _printf_llo                              0x00000000   Number         0  stubs.o ABSOLUTE
    _printf_llu                              0x00000000   Number         0  stubs.o ABSOLUTE
    _printf_llx                              0x00000000   Number         0  stubs.o ABSOLUTE
    _printf_longlong_dec                     0x00000000   Number         0  stubs.o ABSOLUTE
    _printf_longlong_hex                     0x00000000   Number         0  stubs.o ABSOLUTE
    _printf_longlong_oct                     0x00000000   Number         0  stubs.o ABSOLUTE
    _printf_ls                               0x00000000   Number         0  stubs.o ABSOLUTE
    _printf_mbtowc                           0x00000000   Number         0  stubs.o ABSOLUTE
    _printf_n                                0x00000000   Number         0  stubs.o ABSOLUTE
    _printf_o                                0x00000000   Number         0  stubs.o ABSOLUTE
    _printf_p                                0x00000000   Number         0  stubs.o ABSOLUTE
    _printf_percent                          0x00000000   Number         0  stubs.o ABSOLUTE
    _printf_pre_padding                      0x00000000   Number         0  stubs.o ABSOLUTE
    _printf_return_value                     0x00000000   Number         0  stubs.o ABSOLUTE
    _printf_s                                0x00000000   Number         0  stubs.o ABSOLUTE
    _printf_sizespec                         0x00000000   Number         0  stubs.o ABSOLUTE
    _printf_str                              0x00000000   Number         0  stubs.o ABSOLUTE
    _printf_truncate_signed                  0x00000000   Number         0  stubs.o ABSOLUTE
    _printf_truncate_unsigned                0x00000000   Number         0  stubs.o ABSOLUTE
    _printf_u                                0x00000000   Number         0  stubs.o ABSOLUTE
    _printf_wc                               0x00000000   Number         0  stubs.o ABSOLUTE
    _printf_wctomb                           0x00000000   Number         0  stubs.o ABSOLUTE
    _printf_widthprec                        0x00000000   Number         0  stubs.o ABSOLUTE
    _printf_x                                0x00000000   Number         0  stubs.o ABSOLUTE
    __arm_fini_                               - Undefined Weak Reference
    __cpp_initialize__aeabi_                  - Undefined Weak Reference
    __cxa_finalize                            - Undefined Weak Reference
    __decompress                              - Undefined Weak Reference
    _clock_init                               - Undefined Weak Reference
    _microlib_exit                            - Undefined Weak Reference
    __Vectors_Size                           0x00000188   Number         0  startup_stm32f40_41xxx.o ABSOLUTE
    __Vectors                                0x08000000   Data           4  startup_stm32f40_41xxx.o(RESET)
    __Vectors_End                            0x08000188   Data           0  startup_stm32f40_41xxx.o(RESET)
    __main                                   0x08000189   Thumb Code     0  entry.o(.ARM.Collect$$$$00000000)
    _main_stk                                0x08000189   Thumb Code     0  entry2.o(.ARM.Collect$$$$00000001)
    _main_scatterload                        0x0800018d   Thumb Code     0  entry5.o(.ARM.Collect$$$$00000004)
    __main_after_scatterload                 0x08000191   Thumb Code     0  entry5.o(.ARM.Collect$$$$00000004)
    _main_clock                              0x08000191   Thumb Code     0  entry7b.o(.ARM.Collect$$$$00000008)
    _main_cpp_init                           0x08000191   Thumb Code     0  entry8b.o(.ARM.Collect$$$$0000000A)
    _main_init                               0x08000191   Thumb Code     0  entry9a.o(.ARM.Collect$$$$0000000B)
    __rt_lib_shutdown_fini                   0x08000199   Thumb Code     0  entry12b.o(.ARM.Collect$$$$0000000E)
    __rt_final_cpp                           0x0800019d   Thumb Code     0  entry10a.o(.ARM.Collect$$$$0000000F)
    __rt_final_exit                          0x0800019d   Thumb Code     0  entry11a.o(.ARM.Collect$$$$00000011)
    SVC_Handler                              0x080001a1   Thumb Code    28  port.o(.emb_text)
    __asm___6_port_c_39a90d8d__prvStartFirstTask 0x080001c1   Thumb Code    28  port.o(.emb_text)
    __asm___6_port_c_39a90d8d__prvEnableVFP  0x080001e1   Thumb Code    16  port.o(.emb_text)
    PendSV_Handler                           0x080001f5   Thumb Code    88  port.o(.emb_text)
    vPortGetIPSR                             0x08000251   Thumb Code     6  port.o(.emb_text)
    Reset_Handler                            0x08000259   Thumb Code     8  startup_stm32f40_41xxx.o(.text)
    ADC_IRQHandler                           0x08000273   Thumb Code     0  startup_stm32f40_41xxx.o(.text)
    CAN1_RX0_IRQHandler                      0x08000273   Thumb Code     0  startup_stm32f40_41xxx.o(.text)
    CAN1_RX1_IRQHandler                      0x08000273   Thumb Code     0  startup_stm32f40_41xxx.o(.text)
    CAN1_SCE_IRQHandler                      0x08000273   Thumb Code     0  startup_stm32f40_41xxx.o(.text)
    CAN1_TX_IRQHandler                       0x08000273   Thumb Code     0  startup_stm32f40_41xxx.o(.text)
    CAN2_RX0_IRQHandler                      0x08000273   Thumb Code     0  startup_stm32f40_41xxx.o(.text)
    CAN2_RX1_IRQHandler                      0x08000273   Thumb Code     0  startup_stm32f40_41xxx.o(.text)
    CAN2_SCE_IRQHandler                      0x08000273   Thumb Code     0  startup_stm32f40_41xxx.o(.text)
    CAN2_TX_IRQHandler                       0x08000273   Thumb Code     0  startup_stm32f40_41xxx.o(.text)
    CRYP_IRQHandler                          0x08000273   Thumb Code     0  startup_stm32f40_41xxx.o(.text)
    DCMI_IRQHandler                          0x08000273   Thumb Code     0  startup_stm32f40_41xxx.o(.text)
    DMA1_Stream0_IRQHandler                  0x08000273   Thumb Code     0  startup_stm32f40_41xxx.o(.text)
    DMA1_Stream1_IRQHandler                  0x08000273   Thumb Code     0  startup_stm32f40_41xxx.o(.text)
    DMA1_Stream2_IRQHandler                  0x08000273   Thumb Code     0  startup_stm32f40_41xxx.o(.text)
    DMA1_Stream3_IRQHandler                  0x08000273   Thumb Code     0  startup_stm32f40_41xxx.o(.text)
    DMA1_Stream4_IRQHandler                  0x08000273   Thumb Code     0  startup_stm32f40_41xxx.o(.text)
    DMA1_Stream5_IRQHandler                  0x08000273   Thumb Code     0  startup_stm32f40_41xxx.o(.text)
    DMA1_Stream6_IRQHandler                  0x08000273   Thumb Code     0  startup_stm32f40_41xxx.o(.text)
    DMA1_Stream7_IRQHandler                  0x08000273   Thumb Code     0  startup_stm32f40_41xxx.o(.text)
    DMA2_Stream0_IRQHandler                  0x08000273   Thumb Code     0  startup_stm32f40_41xxx.o(.text)
    DMA2_Stream1_IRQHandler                  0x08000273   Thumb Code     0  startup_stm32f40_41xxx.o(.text)
    DMA2_Stream2_IRQHandler                  0x08000273   Thumb Code     0  startup_stm32f40_41xxx.o(.text)
    DMA2_Stream3_IRQHandler                  0x08000273   Thumb Code     0  startup_stm32f40_41xxx.o(.text)
    DMA2_Stream4_IRQHandler                  0x08000273   Thumb Code     0  startup_stm32f40_41xxx.o(.text)
    DMA2_Stream5_IRQHandler                  0x08000273   Thumb Code     0  startup_stm32f40_41xxx.o(.text)
    DMA2_Stream6_IRQHandler                  0x08000273   Thumb Code     0  startup_stm32f40_41xxx.o(.text)
    DMA2_Stream7_IRQHandler                  0x08000273   Thumb Code     0  startup_stm32f40_41xxx.o(.text)
    ETH_IRQHandler                           0x08000273   Thumb Code     0  startup_stm32f40_41xxx.o(.text)
    ETH_WKUP_IRQHandler                      0x08000273   Thumb Code     0  startup_stm32f40_41xxx.o(.text)
    EXTI0_IRQHandler                         0x08000273   Thumb Code     0  startup_stm32f40_41xxx.o(.text)
    EXTI15_10_IRQHandler                     0x08000273   Thumb Code     0  startup_stm32f40_41xxx.o(.text)
    EXTI1_IRQHandler                         0x08000273   Thumb Code     0  startup_stm32f40_41xxx.o(.text)
    EXTI2_IRQHandler                         0x08000273   Thumb Code     0  startup_stm32f40_41xxx.o(.text)
    EXTI3_IRQHandler                         0x08000273   Thumb Code     0  startup_stm32f40_41xxx.o(.text)
    EXTI4_IRQHandler                         0x08000273   Thumb Code     0  startup_stm32f40_41xxx.o(.text)
    FLASH_IRQHandler                         0x08000273   Thumb Code     0  startup_stm32f40_41xxx.o(.text)
    FPU_IRQHandler                           0x08000273   Thumb Code     0  startup_stm32f40_41xxx.o(.text)
    FSMC_IRQHandler                          0x08000273   Thumb Code     0  startup_stm32f40_41xxx.o(.text)
    HASH_RNG_IRQHandler                      0x08000273   Thumb Code     0  startup_stm32f40_41xxx.o(.text)
    I2C1_ER_IRQHandler                       0x08000273   Thumb Code     0  startup_stm32f40_41xxx.o(.text)
    I2C1_EV_IRQHandler                       0x08000273   Thumb Code     0  startup_stm32f40_41xxx.o(.text)
    I2C2_ER_IRQHandler                       0x08000273   Thumb Code     0  startup_stm32f40_41xxx.o(.text)
    I2C2_EV_IRQHandler                       0x08000273   Thumb Code     0  startup_stm32f40_41xxx.o(.text)
    I2C3_ER_IRQHandler                       0x08000273   Thumb Code     0  startup_stm32f40_41xxx.o(.text)
    I2C3_EV_IRQHandler                       0x08000273   Thumb Code     0  startup_stm32f40_41xxx.o(.text)
    OTG_FS_IRQHandler                        0x08000273   Thumb Code     0  startup_stm32f40_41xxx.o(.text)
    OTG_FS_WKUP_IRQHandler                   0x08000273   Thumb Code     0  startup_stm32f40_41xxx.o(.text)
    OTG_HS_EP1_IN_IRQHandler                 0x08000273   Thumb Code     0  startup_stm32f40_41xxx.o(.text)
    OTG_HS_EP1_OUT_IRQHandler                0x08000273   Thumb Code     0  startup_stm32f40_41xxx.o(.text)
    OTG_HS_IRQHandler                        0x08000273   Thumb Code     0  startup_stm32f40_41xxx.o(.text)
    OTG_HS_WKUP_IRQHandler                   0x08000273   Thumb Code     0  startup_stm32f40_41xxx.o(.text)
    PVD_IRQHandler                           0x08000273   Thumb Code     0  startup_stm32f40_41xxx.o(.text)
    RCC_IRQHandler                           0x08000273   Thumb Code     0  startup_stm32f40_41xxx.o(.text)
    RTC_Alarm_IRQHandler                     0x08000273   Thumb Code     0  startup_stm32f40_41xxx.o(.text)
    RTC_WKUP_IRQHandler                      0x08000273   Thumb Code     0  startup_stm32f40_41xxx.o(.text)
    SDIO_IRQHandler                          0x08000273   Thumb Code     0  startup_stm32f40_41xxx.o(.text)
    SPI1_IRQHandler                          0x08000273   Thumb Code     0  startup_stm32f40_41xxx.o(.text)
    SPI2_IRQHandler                          0x08000273   Thumb Code     0  startup_stm32f40_41xxx.o(.text)
    SPI3_IRQHandler                          0x08000273   Thumb Code     0  startup_stm32f40_41xxx.o(.text)
    TAMP_STAMP_IRQHandler                    0x08000273   Thumb Code     0  startup_stm32f40_41xxx.o(.text)
    TIM1_BRK_TIM9_IRQHandler                 0x08000273   Thumb Code     0  startup_stm32f40_41xxx.o(.text)
    TIM1_CC_IRQHandler                       0x08000273   Thumb Code     0  startup_stm32f40_41xxx.o(.text)
    TIM1_TRG_COM_TIM11_IRQHandler            0x08000273   Thumb Code     0  startup_stm32f40_41xxx.o(.text)
    TIM1_UP_TIM10_IRQHandler                 0x08000273   Thumb Code     0  startup_stm32f40_41xxx.o(.text)
    TIM2_IRQHandler                          0x08000273   Thumb Code     0  startup_stm32f40_41xxx.o(.text)
    TIM3_IRQHandler                          0x08000273   Thumb Code     0  startup_stm32f40_41xxx.o(.text)
    TIM4_IRQHandler                          0x08000273   Thumb Code     0  startup_stm32f40_41xxx.o(.text)
    TIM5_IRQHandler                          0x08000273   Thumb Code     0  startup_stm32f40_41xxx.o(.text)
    TIM6_DAC_IRQHandler                      0x08000273   Thumb Code     0  startup_stm32f40_41xxx.o(.text)
    TIM7_IRQHandler                          0x08000273   Thumb Code     0  startup_stm32f40_41xxx.o(.text)
    TIM8_BRK_TIM12_IRQHandler                0x08000273   Thumb Code     0  startup_stm32f40_41xxx.o(.text)
    TIM8_TRG_COM_TIM14_IRQHandler            0x08000273   Thumb Code     0  startup_stm32f40_41xxx.o(.text)
    TIM8_UP_TIM13_IRQHandler                 0x08000273   Thumb Code     0  startup_stm32f40_41xxx.o(.text)
    UART4_IRQHandler                         0x08000273   Thumb Code     0  startup_stm32f40_41xxx.o(.text)
    UART5_IRQHandler                         0x08000273   Thumb Code     0  startup_stm32f40_41xxx.o(.text)
    USART6_IRQHandler                        0x08000273   Thumb Code     0  startup_stm32f40_41xxx.o(.text)
    WWDG_IRQHandler                          0x08000273   Thumb Code     0  startup_stm32f40_41xxx.o(.text)
    __aeabi_memcpy                           0x0800027d   Thumb Code    36  memcpya.o(.text)
    __aeabi_memcpy4                          0x0800027d   Thumb Code     0  memcpya.o(.text)
    __aeabi_memcpy8                          0x0800027d   Thumb Code     0  memcpya.o(.text)
    __aeabi_memset                           0x080002a1   Thumb Code    14  memseta.o(.text)
    __aeabi_memset4                          0x080002a1   Thumb Code     0  memseta.o(.text)
    __aeabi_memset8                          0x080002a1   Thumb Code     0  memseta.o(.text)
    __aeabi_memclr                           0x080002af   Thumb Code     4  memseta.o(.text)
    __aeabi_memclr4                          0x080002af   Thumb Code     0  memseta.o(.text)
    __aeabi_memclr8                          0x080002af   Thumb Code     0  memseta.o(.text)
    _memset$wrapper                          0x080002b3   Thumb Code    18  memseta.o(.text)
    strstr                                   0x080002c5   Thumb Code    36  strstr.o(.text)
    strcpy                                   0x080002e9   Thumb Code    18  strcpy.o(.text)
    __aeabi_dadd                             0x080002fb   Thumb Code   322  dadd.o(.text)
    __aeabi_dsub                             0x0800043d   Thumb Code     6  dadd.o(.text)
    __aeabi_drsub                            0x08000443   Thumb Code     6  dadd.o(.text)
    __aeabi_dmul                             0x08000449   Thumb Code   228  dmul.o(.text)
    __aeabi_ddiv                             0x0800052d   Thumb Code   222  ddiv.o(.text)
    __aeabi_cdrcmple                         0x0800060d   Thumb Code    48  cdrcmple.o(.text)
    __aeabi_uidiv                            0x0800063d   Thumb Code     0  uidiv.o(.text)
    __aeabi_uidivmod                         0x0800063d   Thumb Code    44  uidiv.o(.text)
    __aeabi_uldivmod                         0x08000669   Thumb Code    98  uldiv.o(.text)
    __aeabi_llsl                             0x080006cb   Thumb Code    30  llshl.o(.text)
    _ll_shift_l                              0x080006cb   Thumb Code     0  llshl.o(.text)
    __aeabi_llsr                             0x080006e9   Thumb Code    32  llushr.o(.text)
    _ll_ushift_r                             0x080006e9   Thumb Code     0  llushr.o(.text)
    __aeabi_lasr                             0x08000709   Thumb Code    36  llsshr.o(.text)
    _ll_sshift_r                             0x08000709   Thumb Code     0  llsshr.o(.text)
    __I$use$fp                               0x0800072d   Thumb Code     0  iusefp.o(.text)
    _double_round                            0x0800072d   Thumb Code    30  depilogue.o(.text)
    _double_epilogue                         0x0800074b   Thumb Code   156  depilogue.o(.text)
    __aeabi_d2ulz                            0x080007e7   Thumb Code    48  dfixul.o(.text)
    __scatterload                            0x08000819   Thumb Code    28  init.o(.text)
    __scatterload_rt2                        0x08000819   Thumb Code     0  init.o(.text)
    BUZZER_Init                              0x0800083d   Thumb Code    54  buzzer.o(i.BUZZER_Init)
    BusFault_Handler                         0x0800087d   Thumb Code     4  stm32f4xx_it.o(i.BusFault_Handler)
    DebugMon_Handler                         0x08000881   Thumb Code     2  stm32f4xx_it.o(i.DebugMon_Handler)
    Delay_ms                                 0x08000885   Thumb Code    60  delay.o(i.Delay_ms)
    Delay_us                                 0x080008c5   Thumb Code   108  delay.o(i.Delay_us)
    ESP8266_CheckStrInRxbuf                  0x08000939   Thumb Code    52  esp8266.o(i.ESP8266_CheckStrInRxbuf)
    ESP8266_ConnectAp                        0x08000971   Thumb Code    96  esp8266.o(i.ESP8266_ConnectAp)
    ESP8266_ConnectMyYunServer               0x08000a09   Thumb Code   124  esp8266.o(i.ESP8266_ConnectMyYunServer)
    ESP8266_ConnectServer                    0x08000b6d   Thumb Code   134  esp8266.o(i.ESP8266_ConnectServer)
    ESP8266_EnEcho                           0x08000ee1   Thumb Code    46  esp8266.o(i.ESP8266_EnEcho)
    ESP8266_EnterTransparentTransmission     0x08000f25   Thumb Code    64  esp8266.o(i.ESP8266_EnterTransparentTransmission)
    ESP8266_ExitTransparentTransmission      0x08000f8d   Thumb Code    24  esp8266.o(i.ESP8266_ExitTransparentTransmission)
    ESP8266_OnLineInit                       0x08000fad   Thumb Code   158  esp8266.o(i.ESP8266_OnLineInit)
    ESP8266_Rst                              0x08001271   Thumb Code    32  esp8266.o(i.ESP8266_Rst)
    ESP8266_SendATCmd                        0x080012a1   Thumb Code    34  esp8266.o(i.ESP8266_SendATCmd)
    ESP8266_SendMsg                          0x080012d5   Thumb Code    34  esp8266.o(i.ESP8266_SendMsg)
    EXTI9_5_IRQHandler                       0x08001399   Thumb Code    64  hs0038.o(i.EXTI9_5_IRQHandler)
    EXTI_ClearITPendingBit                   0x080013e1   Thumb Code     6  stm32f4xx_exti.o(i.EXTI_ClearITPendingBit)
    EXTI_GetITStatus                         0x080013ed   Thumb Code    20  stm32f4xx_exti.o(i.EXTI_GetITStatus)
    Esp8266_Init                             0x08001405   Thumb Code    12  esp8266.o(i.Esp8266_Init)
    GPIO_Init                                0x08001411   Thumb Code   144  stm32f4xx_gpio.o(i.GPIO_Init)
    GPIO_PinAFConfig                         0x080014a1   Thumb Code    70  stm32f4xx_gpio.o(i.GPIO_PinAFConfig)
    HC_SR04_Get_Distance                     0x080014e9   Thumb Code   170  hc_sr04.o(i.HC_SR04_Get_Distance)
    HC_SR04_Init                             0x080015ad   Thumb Code    46  hc_sr04.o(i.HC_SR04_Init)
    HC_SR04_TIM8_Init                        0x080015e1   Thumb Code   252  hc_sr04.o(i.HC_SR04_TIM8_Init)
    HardFault_Handler                        0x08001705   Thumb Code     4  stm32f4xx_it.o(i.HardFault_Handler)
    Hardware_Init                            0x08001709   Thumb Code    48  main.o(i.Hardware_Init)
    KEY_Init                                 0x08001739   Thumb Code    54  key.o(i.KEY_Init)
    LED_Init                                 0x08001779   Thumb Code    92  led.o(i.LED_Init)
    MY_LIB_CmpArray                          0x080017ed   Thumb Code    38  my_lib.o(i.MY_LIB_CmpArray)
    MemManage_Handler                        0x08001813   Thumb Code     4  stm32f4xx_it.o(i.MemManage_Handler)
    NMI_Handler                              0x08001817   Thumb Code     2  stm32f4xx_it.o(i.NMI_Handler)
    NVIC_Init                                0x08001819   Thumb Code   106  misc.o(i.NVIC_Init)
    NVIC_PriorityGroupConfig                 0x08001891   Thumb Code    10  misc.o(i.NVIC_PriorityGroupConfig)
    OLED_Clear                               0x080018a5   Thumb Code    42  oled.o(i.OLED_Clear)
    OLED_ClearArea                           0x080018d5   Thumb Code   148  oled.o(i.OLED_ClearArea)
    OLED_GPIO_Init                           0x0800196d   Thumb Code    98  oled.o(i.OLED_GPIO_Init)
    OLED_I2C_SendByte                        0x080019d9   Thumb Code    92  oled.o(i.OLED_I2C_SendByte)
    OLED_I2C_Start                           0x08001a35   Thumb Code    40  oled.o(i.OLED_I2C_Start)
    OLED_I2C_Stop                            0x08001a5d   Thumb Code    34  oled.o(i.OLED_I2C_Stop)
    OLED_Init                                0x08001a7f   Thumb Code   154  oled.o(i.OLED_Init)
    OLED_Pow                                 0x08001b19   Thumb Code    20  oled.o(i.OLED_Pow)
    OLED_SetCursor                           0x08001b2d   Thumb Code    34  oled.o(i.OLED_SetCursor)
    OLED_ShowChar                            0x08001b51   Thumb Code    74  oled.o(i.OLED_ShowChar)
    OLED_ShowImage                           0x08001ba5   Thumb Code   264  oled.o(i.OLED_ShowImage)
    OLED_ShowNum                             0x08001cb1   Thumb Code    76  oled.o(i.OLED_ShowNum)
    OLED_Update                              0x08001d2d   Thumb Code    40  oled.o(i.OLED_Update)
    OLED_UpdateArea                          0x08001d59   Thumb Code   124  oled.o(i.OLED_UpdateArea)
    OLED_W_SCL                               0x08001dd9   Thumb Code     6  oled.o(i.OLED_W_SCL)
    OLED_W_SDA                               0x08001de5   Thumb Code     6  oled.o(i.OLED_W_SDA)
    OLED_WriteCommand                        0x08001df1   Thumb Code    32  oled.o(i.OLED_WriteCommand)
    OLED_WriteData                           0x08001e11   Thumb Code    46  oled.o(i.OLED_WriteData)
    RCC_AHB1PeriphClockCmd                   0x08001e41   Thumb Code    26  stm32f4xx_rcc.o(i.RCC_AHB1PeriphClockCmd)
    RCC_APB1PeriphClockCmd                   0x08001e61   Thumb Code    26  stm32f4xx_rcc.o(i.RCC_APB1PeriphClockCmd)
    RCC_APB2PeriphClockCmd                   0x08001e81   Thumb Code    26  stm32f4xx_rcc.o(i.RCC_APB2PeriphClockCmd)
    RCC_GetClocksFreq                        0x08001ea1   Thumb Code   214  stm32f4xx_rcc.o(i.RCC_GetClocksFreq)
    SysTick_Handler                          0x08002075   Thumb Code    46  port.o(i.SysTick_Handler)
    SystemInit                               0x080020a9   Thumb Code    88  system_stm32f4xx.o(i.SystemInit)
    TIM8_CC_IRQHandler                       0x08002235   Thumb Code    86  hc_sr04.o(i.TIM8_CC_IRQHandler)
    TIM_CCxCmd                               0x080022a1   Thumb Code    30  stm32f4xx_tim.o(i.TIM_CCxCmd)
    TIM_ClearITPendingBit                    0x080022bf   Thumb Code     6  stm32f4xx_tim.o(i.TIM_ClearITPendingBit)
    TIM_Cmd                                  0x080022c5   Thumb Code    24  stm32f4xx_tim.o(i.TIM_Cmd)
    TIM_GetCapture1                          0x080022dd   Thumb Code     6  stm32f4xx_tim.o(i.TIM_GetCapture1)
    TIM_GetCapture2                          0x080022e3   Thumb Code     6  stm32f4xx_tim.o(i.TIM_GetCapture2)
    TIM_GetITStatus                          0x080022e9   Thumb Code    34  stm32f4xx_tim.o(i.TIM_GetITStatus)
    TIM_ICInit                               0x0800230b   Thumb Code   110  stm32f4xx_tim.o(i.TIM_ICInit)
    TIM_ITConfig                             0x08002379   Thumb Code    18  stm32f4xx_tim.o(i.TIM_ITConfig)
    TIM_SelectInputTrigger                   0x0800238b   Thumb Code    18  stm32f4xx_tim.o(i.TIM_SelectInputTrigger)
    TIM_SelectSlaveMode                      0x0800239d   Thumb Code    18  stm32f4xx_tim.o(i.TIM_SelectSlaveMode)
    TIM_SetIC1Prescaler                      0x080023af   Thumb Code    18  stm32f4xx_tim.o(i.TIM_SetIC1Prescaler)
    TIM_SetIC2Prescaler                      0x080023c1   Thumb Code    26  stm32f4xx_tim.o(i.TIM_SetIC2Prescaler)
    TIM_SetIC3Prescaler                      0x080023db   Thumb Code    18  stm32f4xx_tim.o(i.TIM_SetIC3Prescaler)
    TIM_SetIC4Prescaler                      0x080023ed   Thumb Code    26  stm32f4xx_tim.o(i.TIM_SetIC4Prescaler)
    TIM_TimeBaseInit                         0x08002409   Thumb Code   104  stm32f4xx_tim.o(i.TIM_TimeBaseInit)
    USART1_IRQHandler                        0x0800248d   Thumb Code    98  uart.o(i.USART1_IRQHandler)
    USART1_SendStr                           0x08002505   Thumb Code    38  uart.o(i.USART1_SendStr)
    USART2_IRQHandler                        0x08002531   Thumb Code   126  uart.o(i.USART2_IRQHandler)
    USART3_IRQHandler                        0x080025c1   Thumb Code   112  uart.o(i.USART3_IRQHandler)
    USART3_SendStr                           0x08002645   Thumb Code    38  uart.o(i.USART3_SendStr)
    USART_ClearITPendingBit                  0x08002671   Thumb Code    30  stm32f4xx_usart.o(i.USART_ClearITPendingBit)
    USART_Cmd                                0x0800268f   Thumb Code    24  stm32f4xx_usart.o(i.USART_Cmd)
    USART_GetFlagStatus                      0x080026a7   Thumb Code    26  stm32f4xx_usart.o(i.USART_GetFlagStatus)
    USART_GetITStatus                        0x080026c1   Thumb Code    84  stm32f4xx_usart.o(i.USART_GetITStatus)
    USART_ITConfig                           0x08002715   Thumb Code    74  stm32f4xx_usart.o(i.USART_ITConfig)
    USART_Init                               0x08002761   Thumb Code   204  stm32f4xx_usart.o(i.USART_Init)
    USART_ReceiveData                        0x08002835   Thumb Code    10  stm32f4xx_usart.o(i.USART_ReceiveData)
    USART_SendData                           0x0800283f   Thumb Code     8  stm32f4xx_usart.o(i.USART_SendData)
    Uart2_Init                               0x08002849   Thumb Code   166  uart.o(i.Uart2_Init)
    Uart3_Init                               0x080028f9   Thumb Code   178  uart.o(i.Uart3_Init)
    Uart_DataArray_clear                     0x080029b5   Thumb Code    20  uart.o(i.Uart_DataArray_clear)
    Uart_Data_Cpy                            0x080029c9   Thumb Code    24  uart.o(i.Uart_Data_Cpy)
    Uart_Data_clear                          0x080029e1   Thumb Code    22  uart.o(i.Uart_Data_clear)
    Uart_Init                                0x080029fd   Thumb Code   168  uart.o(i.Uart_Init)
    UsageFault_Handler                       0x08002aad   Thumb Code     4  stm32f4xx_it.o(i.UsageFault_Handler)
    __0printf                                0x08002ab1   Thumb Code    22  printfa.o(i.__0printf)
    __1printf                                0x08002ab1   Thumb Code     0  printfa.o(i.__0printf)
    __2printf                                0x08002ab1   Thumb Code     0  printfa.o(i.__0printf)
    __c89printf                              0x08002ab1   Thumb Code     0  printfa.o(i.__0printf)
    printf                                   0x08002ab1   Thumb Code     0  printfa.o(i.__0printf)
    __0sprintf                               0x08002ad1   Thumb Code    34  printfa.o(i.__0sprintf)
    __1sprintf                               0x08002ad1   Thumb Code     0  printfa.o(i.__0sprintf)
    __2sprintf                               0x08002ad1   Thumb Code     0  printfa.o(i.__0sprintf)
    __c89sprintf                             0x08002ad1   Thumb Code     0  printfa.o(i.__0sprintf)
    sprintf                                  0x08002ad1   Thumb Code     0  printfa.o(i.__0sprintf)
    __scatterload_copy                       0x08002af9   Thumb Code    14  handlers.o(i.__scatterload_copy)
    __scatterload_null                       0x08002b07   Thumb Code     2  handlers.o(i.__scatterload_null)
    __scatterload_zeroinit                   0x08002b09   Thumb Code    14  handlers.o(i.__scatterload_zeroinit)
    esp8266_DataReport                       0x080033ad   Thumb Code    28  esp8266.o(i.esp8266_DataReport)
    fputc                                    0x080033dd   Thumb Code    32  uart.o(i.fputc)
    main                                     0x08003401   Thumb Code   250  main.o(i.main)
    pvPortMalloc                             0x080040b1   Thumb Code   296  heap_4.o(i.pvPortMalloc)
    pvTaskIncrementMutexHeldCount            0x080041ed   Thumb Code    26  tasks.o(i.pvTaskIncrementMutexHeldCount)
    pxPortInitialiseStack                    0x0800420d   Thumb Code    38  port.o(i.pxPortInitialiseStack)
    uxListRemove                             0x08004239   Thumb Code    40  list.o(i.uxListRemove)
    vListInitialise                          0x08004261   Thumb Code    26  list.o(i.vListInitialise)
    vListInitialiseItem                      0x0800427b   Thumb Code     6  list.o(i.vListInitialiseItem)
    vListInsert                              0x08004281   Thumb Code    52  list.o(i.vListInsert)
    vListInsertEnd                           0x080042b5   Thumb Code    24  list.o(i.vListInsertEnd)
    vPortEnterCritical                       0x080042cd   Thumb Code    76  port.o(i.vPortEnterCritical)
    vPortExitCritical                        0x08004321   Thumb Code    56  port.o(i.vPortExitCritical)
    vPortFree                                0x0800435d   Thumb Code   140  heap_4.o(i.vPortFree)
    vPortSetupTimerInterrupt                 0x080043f1   Thumb Code    26  port.o(i.vPortSetupTimerInterrupt)
    vPortValidateInterruptPriority           0x08004411   Thumb Code   106  port.o(i.vPortValidateInterruptPriority)
    vQueueAddToRegistry                      0x08004489   Thumb Code    38  queue.o(i.vQueueAddToRegistry)
    vQueueWaitForMessageRestricted           0x080044b5   Thumb Code    74  queue.o(i.vQueueWaitForMessageRestricted)
    vTaskDelay                               0x08004501   Thumb Code    82  tasks.o(i.vTaskDelay)
    vTaskMissedYield                         0x0800455d   Thumb Code     8  tasks.o(i.vTaskMissedYield)
    vTaskPlaceOnEventList                    0x08004569   Thumb Code    52  tasks.o(i.vTaskPlaceOnEventList)
    vTaskPlaceOnEventListRestricted          0x080045a1   Thumb Code    60  tasks.o(i.vTaskPlaceOnEventListRestricted)
    vTaskPriorityInherit                     0x080045e1   Thumb Code   164  tasks.o(i.vTaskPriorityInherit)
    vTaskSetTimeOutState                     0x08004691   Thumb Code    38  tasks.o(i.vTaskSetTimeOutState)
    vTaskStartScheduler                      0x080046c1   Thumb Code   118  tasks.o(i.vTaskStartScheduler)
    vTaskSuspendAll                          0x08004755   Thumb Code    12  tasks.o(i.vTaskSuspendAll)
    vTaskSwitchContext                       0x08004765   Thumb Code   118  tasks.o(i.vTaskSwitchContext)
    xEventGroupClearBits                     0x080047f1   Thumb Code    92  event_groups.o(i.xEventGroupClearBits)
    xEventGroupCreate                        0x0800484d   Thumb Code    26  event_groups.o(i.xEventGroupCreate)
    xEventGroupSetBits                       0x08004867   Thumb Code   206  event_groups.o(i.xEventGroupSetBits)
    xPortStartScheduler                      0x08004935   Thumb Code   288  port.o(i.xPortStartScheduler)
    xQueueGenericCreate                      0x08004a71   Thumb Code    88  queue.o(i.xQueueGenericCreate)
    xQueueGenericReceive                     0x08004ac9   Thumb Code   446  queue.o(i.xQueueGenericReceive)
    xQueueGenericReset                       0x08004c8d   Thumb Code   146  queue.o(i.xQueueGenericReset)
    xQueueGenericSend                        0x08004d25   Thumb Code   420  queue.o(i.xQueueGenericSend)
    xQueueGenericSendFromISR                 0x08004ecd   Thumb Code   248  queue.o(i.xQueueGenericSendFromISR)
    xQueueGiveFromISR                        0x08004fc5   Thumb Code   224  queue.o(i.xQueueGiveFromISR)
    xTaskCheckForTimeOut                     0x080050a5   Thumb Code   132  tasks.o(i.xTaskCheckForTimeOut)
    xTaskCreate                              0x08005131   Thumb Code    96  tasks.o(i.xTaskCreate)
    xTaskGetSchedulerState                   0x08005191   Thumb Code    24  tasks.o(i.xTaskGetSchedulerState)
    xTaskGetTickCount                        0x080051b1   Thumb Code     6  tasks.o(i.xTaskGetTickCount)
    xTaskIncrementTick                       0x080051bd   Thumb Code   282  tasks.o(i.xTaskIncrementTick)
    xTaskPriorityDisinherit                  0x08005305   Thumb Code   188  tasks.o(i.xTaskPriorityDisinherit)
    xTaskRemoveFromEventList                 0x080053cd   Thumb Code   128  tasks.o(i.xTaskRemoveFromEventList)
    xTaskRemoveFromUnorderedEventList        0x08005465   Thumb Code   154  tasks.o(i.xTaskRemoveFromUnorderedEventList)
    xTaskResumeAll                           0x08005515   Thumb Code   224  tasks.o(i.xTaskResumeAll)
    xTimerCreateTimerTask                    0x08005619   Thumb Code    66  timers.o(i.xTimerCreateTimerTask)
    xTimerGenericCommand                     0x08005671   Thumb Code   126  timers.o(i.xTimerGenericCommand)
    OLED_F8x16                               0x080056f4   Data        1520  oled_data.o(.constdata)
    OLED_F6x8                                0x08005ce4   Data         570  oled_data.o(.constdata)
    OLED_CF16x16                             0x08005f1e   Data        1960  oled_data.o(.constdata)
    Diode                                    0x080066c6   Data          32  oled_data.o(.constdata)
    Region$$Table$$Base                      0x080066e8   Number         0  anon$$obj.o(Region$$Table)
    Region$$Table$$Limit                     0x08006708   Number         0  anon$$obj.o(Region$$Table)
    xESP8266EventGroup                       0x20000000   Data           4  main.o(.data)
    SystemCoreClock                          0x2000001c   Data           4  system_stm32f4xx.o(.data)
    AHBPrescTable                            0x20000020   Data          16  system_stm32f4xx.o(.data)
    Dis_up                                   0x20000030   Data           4  hc_sr04.o(.data)
    Dis_down                                 0x20000034   Data           4  hc_sr04.o(.data)
    Dis_flag                                 0x20000038   Data           1  hc_sr04.o(.data)
    HC_SR04_start_flag                       0x20000039   Data           1  hc_sr04.o(.data)
    distance                                 0x2000003c   Data           4  hc_sr04.o(.data)
    esp8266_transparent_transmission_sta     0x20000040   Data           1  esp8266.o(.data)
    Delay_flag                               0x20000041   Data           1  esp8266.o(.data)
    esp8266                                  0x20000043   Data           5  esp8266.o(.data)
    HS0038_Start_Flag                        0x20000048   Data           1  hs0038.o(.data)
    data_array                               0x20000049   Data           4  hs0038.o(.data)
    xIRSemaphore                             0x20000050   Data           4  hs0038.o(.data)
    uart3_count                              0x20000058   Data           2  uart.o(.data)
    uart3_flag                               0x2000005a   Data           1  uart.o(.data)
    uart3_len                                0x2000005c   Data           2  uart.o(.data)
    uart1_count                              0x2000005e   Data           2  uart.o(.data)
    uart1_flag                               0x20000060   Data           1  uart.o(.data)
    uart1_len                                0x20000062   Data           2  uart.o(.data)
    __stdout                                 0x20000064   Data           4  uart.o(.data)
    __stdin                                  0x20000068   Data           4  uart.o(.data)
    pxCurrentTCB                             0x20000080   Data           4  tasks.o(.data)
    data_buffer                              0x200000f4   Data          10  main.o(.bss)
    g_buffer                                 0x200000fe   Data          32  main.o(.bss)
    g_rxbuffer                               0x2000011e   Data          32  main.o(.bss)
    OLED_DisplayBuf                          0x2000013e   Data        1040  oled.o(.bss)
    data                                     0x2000054e   Data          20  uart.o(.bss)
    data_temp                                0x20000562   Data          20  uart.o(.bss)
    uart3_recvbuf                            0x20000576   Data         128  uart.o(.bss)
    uart1_recvbuf                            0x200005f6   Data         128  uart.o(.bss)
    xQueueRegistry                           0x20000678   Data          64  queue.o(.bss)
    __initial_sp                             0x200137a8   Data           0  startup_stm32f40_41xxx.o(STACK)



==============================================================================

Memory Map of the image

  Image Entry point : 0x08000189

  Load Region LR_IROM1 (Base: 0x08000000, Size: 0x000067fc, Max: 0x00080000, ABSOLUTE)

    Execution Region ER_IROM1 (Exec base: 0x08000000, Load base: 0x08000000, Size: 0x00006708, Max: 0x00080000, ABSOLUTE)

    Exec Addr    Load Addr    Size         Type   Attr      Idx    E Section Name        Object

    0x08000000   0x08000000   0x00000188   Data   RO         6312    RESET               startup_stm32f40_41xxx.o
    0x08000188   0x08000188   0x00000000   Code   RO         7284  * .ARM.Collect$$$$00000000  mc_w.l(entry.o)
    0x08000188   0x08000188   0x00000004   Code   RO         7638    .ARM.Collect$$$$00000001  mc_w.l(entry2.o)
    0x0800018c   0x0800018c   0x00000004   Code   RO         7641    .ARM.Collect$$$$00000004  mc_w.l(entry5.o)
    0x08000190   0x08000190   0x00000000   Code   RO         7643    .ARM.Collect$$$$00000008  mc_w.l(entry7b.o)
    0x08000190   0x08000190   0x00000000   Code   RO         7645    .ARM.Collect$$$$0000000A  mc_w.l(entry8b.o)
    0x08000190   0x08000190   0x00000008   Code   RO         7646    .ARM.Collect$$$$0000000B  mc_w.l(entry9a.o)
    0x08000198   0x08000198   0x00000004   Code   RO         7653    .ARM.Collect$$$$0000000E  mc_w.l(entry12b.o)
    0x0800019c   0x0800019c   0x00000000   Code   RO         7648    .ARM.Collect$$$$0000000F  mc_w.l(entry10a.o)
    0x0800019c   0x0800019c   0x00000000   Code   RO         7650    .ARM.Collect$$$$00000011  mc_w.l(entry11a.o)
    0x0800019c   0x0800019c   0x00000004   Code   RO         7639    .ARM.Collect$$$$00002712  mc_w.l(entry2.o)
    0x080001a0   0x080001a0   0x000000b6   Code   RO         7130    .emb_text           port.o
    0x08000256   0x08000256   0x00000002   PAD
    0x08000258   0x08000258   0x00000024   Code   RO         6313    .text               startup_stm32f40_41xxx.o
    0x0800027c   0x0800027c   0x00000024   Code   RO         7287    .text               mc_w.l(memcpya.o)
    0x080002a0   0x080002a0   0x00000024   Code   RO         7289    .text               mc_w.l(memseta.o)
    0x080002c4   0x080002c4   0x00000024   Code   RO         7291    .text               mc_w.l(strstr.o)
    0x080002e8   0x080002e8   0x00000012   Code   RO         7295    .text               mc_w.l(strcpy.o)
    0x080002fa   0x080002fa   0x0000014e   Code   RO         7560    .text               mf_w.l(dadd.o)
    0x08000448   0x08000448   0x000000e4   Code   RO         7562    .text               mf_w.l(dmul.o)
    0x0800052c   0x0800052c   0x000000de   Code   RO         7564    .text               mf_w.l(ddiv.o)
    0x0800060a   0x0800060a   0x00000002   PAD
    0x0800060c   0x0800060c   0x00000030   Code   RO         7580    .text               mf_w.l(cdrcmple.o)
    0x0800063c   0x0800063c   0x0000002c   Code   RO         7654    .text               mc_w.l(uidiv.o)
    0x08000668   0x08000668   0x00000062   Code   RO         7656    .text               mc_w.l(uldiv.o)
    0x080006ca   0x080006ca   0x0000001e   Code   RO         7658    .text               mc_w.l(llshl.o)
    0x080006e8   0x080006e8   0x00000020   Code   RO         7660    .text               mc_w.l(llushr.o)
    0x08000708   0x08000708   0x00000024   Code   RO         7662    .text               mc_w.l(llsshr.o)
    0x0800072c   0x0800072c   0x00000000   Code   RO         7671    .text               mc_w.l(iusefp.o)
    0x0800072c   0x0800072c   0x000000ba   Code   RO         7674    .text               mf_w.l(depilogue.o)
    0x080007e6   0x080007e6   0x00000030   Code   RO         7678    .text               mf_w.l(dfixul.o)
    0x08000816   0x08000816   0x00000002   PAD
    0x08000818   0x08000818   0x00000024   Code   RO         7684    .text               mc_w.l(init.o)
    0x0800083c   0x0800083c   0x00000040   Code   RO          583    i.BUZZER_Init       buzzer.o
    0x0800087c   0x0800087c   0x00000004   Code   RO          294    i.BusFault_Handler  stm32f4xx_it.o
    0x08000880   0x08000880   0x00000002   Code   RO          295    i.DebugMon_Handler  stm32f4xx_it.o
    0x08000882   0x08000882   0x00000002   PAD
    0x08000884   0x08000884   0x00000040   Code   RO         1603    i.Delay_ms          delay.o
    0x080008c4   0x080008c4   0x00000074   Code   RO         1605    i.Delay_us          delay.o
    0x08000938   0x08000938   0x00000038   Code   RO         1201    i.ESP8266_CheckStrInRxbuf  esp8266.o
    0x08000970   0x08000970   0x00000098   Code   RO         1202    i.ESP8266_ConnectAp  esp8266.o
    0x08000a08   0x08000a08   0x00000164   Code   RO         1203    i.ESP8266_ConnectMyYunServer  esp8266.o
    0x08000b6c   0x08000b6c   0x000000b4   Code   RO         1204    i.ESP8266_ConnectServer  esp8266.o
    0x08000c20   0x08000c20   0x000002c0   Code   RO            3    i.ESP8266_Connect_Task  main.o
    0x08000ee0   0x08000ee0   0x00000044   Code   RO         1206    i.ESP8266_EnEcho    esp8266.o
    0x08000f24   0x08000f24   0x00000068   Code   RO         1207    i.ESP8266_EnterTransparentTransmission  esp8266.o
    0x08000f8c   0x08000f8c   0x00000020   Code   RO         1208    i.ESP8266_ExitTransparentTransmission  esp8266.o
    0x08000fac   0x08000fac   0x000001bc   Code   RO         1209    i.ESP8266_OnLineInit  esp8266.o
    0x08001168   0x08001168   0x00000108   Code   RO            4    i.ESP8266_Process_Task  main.o
    0x08001270   0x08001270   0x00000030   Code   RO         1210    i.ESP8266_Rst       esp8266.o
    0x080012a0   0x080012a0   0x00000034   Code   RO         1211    i.ESP8266_SendATCmd  esp8266.o
    0x080012d4   0x080012d4   0x00000034   Code   RO         1213    i.ESP8266_SendMsg   esp8266.o
    0x08001308   0x08001308   0x00000090   Code   RO            5    i.ESP8266_messagereport_Task  main.o
    0x08001398   0x08001398   0x00000048   Code   RO         1351    i.EXTI9_5_IRQHandler  hs0038.o
    0x080013e0   0x080013e0   0x0000000c   Code   RO         3622    i.EXTI_ClearITPendingBit  stm32f4xx_exti.o
    0x080013ec   0x080013ec   0x00000018   Code   RO         3626    i.EXTI_GetITStatus  stm32f4xx_exti.o
    0x08001404   0x08001404   0x0000000c   Code   RO         1214    i.Esp8266_Init      esp8266.o
    0x08001410   0x08001410   0x00000090   Code   RO         1803    i.GPIO_Init         stm32f4xx_gpio.o
    0x080014a0   0x080014a0   0x00000046   Code   RO         1804    i.GPIO_PinAFConfig  stm32f4xx_gpio.o
    0x080014e6   0x080014e6   0x00000002   PAD
    0x080014e8   0x080014e8   0x000000c4   Code   RO         1064    i.HC_SR04_Get_Distance  hc_sr04.o
    0x080015ac   0x080015ac   0x00000034   Code   RO         1066    i.HC_SR04_Init      hc_sr04.o
    0x080015e0   0x080015e0   0x00000104   Code   RO         1067    i.HC_SR04_TIM8_Init  hc_sr04.o
    0x080016e4   0x080016e4   0x00000020   Code   RO            6    i.HC_SR04_Task      main.o
    0x08001704   0x08001704   0x00000004   Code   RO          296    i.HardFault_Handler  stm32f4xx_it.o
    0x08001708   0x08001708   0x00000030   Code   RO            7    i.Hardware_Init     main.o
    0x08001738   0x08001738   0x00000040   Code   RO          744    i.KEY_Init          key.o
    0x08001778   0x08001778   0x00000074   Code   RO          685    i.LED_Init          led.o
    0x080017ec   0x080017ec   0x00000026   Code   RO          528    i.MY_LIB_CmpArray   my_lib.o
    0x08001812   0x08001812   0x00000004   Code   RO          297    i.MemManage_Handler  stm32f4xx_it.o
    0x08001816   0x08001816   0x00000002   Code   RO          298    i.NMI_Handler       stm32f4xx_it.o
    0x08001818   0x08001818   0x00000078   Code   RO         1758    i.NVIC_Init         misc.o
    0x08001890   0x08001890   0x00000014   Code   RO         1759    i.NVIC_PriorityGroupConfig  misc.o
    0x080018a4   0x080018a4   0x00000030   Code   RO          783    i.OLED_Clear        oled.o
    0x080018d4   0x080018d4   0x00000098   Code   RO          784    i.OLED_ClearArea    oled.o
    0x0800196c   0x0800196c   0x0000006c   Code   RO          792    i.OLED_GPIO_Init    oled.o
    0x080019d8   0x080019d8   0x0000005c   Code   RO          794    i.OLED_I2C_SendByte  oled.o
    0x08001a34   0x08001a34   0x00000028   Code   RO          795    i.OLED_I2C_Start    oled.o
    0x08001a5c   0x08001a5c   0x00000022   Code   RO          796    i.OLED_I2C_Stop     oled.o
    0x08001a7e   0x08001a7e   0x0000009a   Code   RO          797    i.OLED_Init         oled.o
    0x08001b18   0x08001b18   0x00000014   Code   RO          799    i.OLED_Pow          oled.o
    0x08001b2c   0x08001b2c   0x00000022   Code   RO          803    i.OLED_SetCursor    oled.o
    0x08001b4e   0x08001b4e   0x00000002   PAD
    0x08001b50   0x08001b50   0x00000054   Code   RO          805    i.OLED_ShowChar     oled.o
    0x08001ba4   0x08001ba4   0x0000010c   Code   RO          810    i.OLED_ShowImage    oled.o
    0x08001cb0   0x08001cb0   0x0000004c   Code   RO          811    i.OLED_ShowNum      oled.o
    0x08001cfc   0x08001cfc   0x00000030   Code   RO            8    i.OLED_Task         main.o
    0x08001d2c   0x08001d2c   0x0000002c   Code   RO          815    i.OLED_Update       oled.o
    0x08001d58   0x08001d58   0x00000080   Code   RO          816    i.OLED_UpdateArea   oled.o
    0x08001dd8   0x08001dd8   0x0000000c   Code   RO          817    i.OLED_W_SCL        oled.o
    0x08001de4   0x08001de4   0x0000000c   Code   RO          818    i.OLED_W_SDA        oled.o
    0x08001df0   0x08001df0   0x00000020   Code   RO          819    i.OLED_WriteCommand  oled.o
    0x08001e10   0x08001e10   0x0000002e   Code   RO          820    i.OLED_WriteData    oled.o
    0x08001e3e   0x08001e3e   0x00000002   PAD
    0x08001e40   0x08001e40   0x00000020   Code   RO         1900    i.RCC_AHB1PeriphClockCmd  stm32f4xx_rcc.o
    0x08001e60   0x08001e60   0x00000020   Code   RO         1909    i.RCC_APB1PeriphClockCmd  stm32f4xx_rcc.o
    0x08001e80   0x08001e80   0x00000020   Code   RO         1912    i.RCC_APB2PeriphClockCmd  stm32f4xx_rcc.o
    0x08001ea0   0x08001ea0   0x000000e8   Code   RO         1921    i.RCC_GetClocksFreq  stm32f4xx_rcc.o
    0x08001f88   0x08001f88   0x000000ec   Code   RO          448    i.SetSysClock       system_stm32f4xx.o
    0x08002074   0x08002074   0x00000034   Code   RO         7131    i.SysTick_Handler   port.o
    0x080020a8   0x080020a8   0x00000068   Code   RO          450    i.SystemInit        system_stm32f4xx.o
    0x08002110   0x08002110   0x0000003a   Code   RO         5688    i.TI1_Config        stm32f4xx_tim.o
    0x0800214a   0x0800214a   0x00000050   Code   RO         5689    i.TI2_Config        stm32f4xx_tim.o
    0x0800219a   0x0800219a   0x00000048   Code   RO         5690    i.TI3_Config        stm32f4xx_tim.o
    0x080021e2   0x080021e2   0x00000050   Code   RO         5691    i.TI4_Config        stm32f4xx_tim.o
    0x08002232   0x08002232   0x00000002   PAD
    0x08002234   0x08002234   0x0000006c   Code   RO         1069    i.TIM8_CC_IRQHandler  hc_sr04.o
    0x080022a0   0x080022a0   0x0000001e   Code   RO         5696    i.TIM_CCxCmd        stm32f4xx_tim.o
    0x080022be   0x080022be   0x00000006   Code   RO         5699    i.TIM_ClearITPendingBit  stm32f4xx_tim.o
    0x080022c4   0x080022c4   0x00000018   Code   RO         5704    i.TIM_Cmd           stm32f4xx_tim.o
    0x080022dc   0x080022dc   0x00000006   Code   RO         5719    i.TIM_GetCapture1   stm32f4xx_tim.o
    0x080022e2   0x080022e2   0x00000006   Code   RO         5720    i.TIM_GetCapture2   stm32f4xx_tim.o
    0x080022e8   0x080022e8   0x00000022   Code   RO         5725    i.TIM_GetITStatus   stm32f4xx_tim.o
    0x0800230a   0x0800230a   0x0000006e   Code   RO         5727    i.TIM_ICInit        stm32f4xx_tim.o
    0x08002378   0x08002378   0x00000012   Code   RO         5729    i.TIM_ITConfig      stm32f4xx_tim.o
    0x0800238a   0x0800238a   0x00000012   Code   RO         5758    i.TIM_SelectInputTrigger  stm32f4xx_tim.o
    0x0800239c   0x0800239c   0x00000012   Code   RO         5763    i.TIM_SelectSlaveMode  stm32f4xx_tim.o
    0x080023ae   0x080023ae   0x00000012   Code   RO         5771    i.TIM_SetIC1Prescaler  stm32f4xx_tim.o
    0x080023c0   0x080023c0   0x0000001a   Code   RO         5772    i.TIM_SetIC2Prescaler  stm32f4xx_tim.o
    0x080023da   0x080023da   0x00000012   Code   RO         5773    i.TIM_SetIC3Prescaler  stm32f4xx_tim.o
    0x080023ec   0x080023ec   0x0000001a   Code   RO         5774    i.TIM_SetIC4Prescaler  stm32f4xx_tim.o
    0x08002406   0x08002406   0x00000002   PAD
    0x08002408   0x08002408   0x00000084   Code   RO         5776    i.TIM_TimeBaseInit  stm32f4xx_tim.o
    0x0800248c   0x0800248c   0x00000078   Code   RO         1655    i.USART1_IRQHandler  uart.o
    0x08002504   0x08002504   0x0000002c   Code   RO         1656    i.USART1_SendStr    uart.o
    0x08002530   0x08002530   0x00000090   Code   RO         1657    i.USART2_IRQHandler  uart.o
    0x080025c0   0x080025c0   0x00000084   Code   RO         1659    i.USART3_IRQHandler  uart.o
    0x08002644   0x08002644   0x0000002c   Code   RO         1660    i.USART3_SendStr    uart.o
    0x08002670   0x08002670   0x0000001e   Code   RO         2235    i.USART_ClearITPendingBit  stm32f4xx_usart.o
    0x0800268e   0x0800268e   0x00000018   Code   RO         2238    i.USART_Cmd         stm32f4xx_usart.o
    0x080026a6   0x080026a6   0x0000001a   Code   RO         2241    i.USART_GetFlagStatus  stm32f4xx_usart.o
    0x080026c0   0x080026c0   0x00000054   Code   RO         2242    i.USART_GetITStatus  stm32f4xx_usart.o
    0x08002714   0x08002714   0x0000004a   Code   RO         2244    i.USART_ITConfig    stm32f4xx_usart.o
    0x0800275e   0x0800275e   0x00000002   PAD
    0x08002760   0x08002760   0x000000d4   Code   RO         2245    i.USART_Init        stm32f4xx_usart.o
    0x08002834   0x08002834   0x0000000a   Code   RO         2252    i.USART_ReceiveData  stm32f4xx_usart.o
    0x0800283e   0x0800283e   0x00000008   Code   RO         2255    i.USART_SendData    stm32f4xx_usart.o
    0x08002846   0x08002846   0x00000002   PAD
    0x08002848   0x08002848   0x000000b0   Code   RO         1661    i.Uart2_Init        uart.o
    0x080028f8   0x080028f8   0x000000bc   Code   RO         1662    i.Uart3_Init        uart.o
    0x080029b4   0x080029b4   0x00000014   Code   RO         1663    i.Uart_DataArray_clear  uart.o
    0x080029c8   0x080029c8   0x00000018   Code   RO         1664    i.Uart_Data_Cpy     uart.o
    0x080029e0   0x080029e0   0x0000001c   Code   RO         1665    i.Uart_Data_clear   uart.o
    0x080029fc   0x080029fc   0x000000b0   Code   RO         1666    i.Uart_Init         uart.o
    0x08002aac   0x08002aac   0x00000004   Code   RO          299    i.UsageFault_Handler  stm32f4xx_it.o
    0x08002ab0   0x08002ab0   0x00000020   Code   RO         7532    i.__0printf         mc_w.l(printfa.o)
    0x08002ad0   0x08002ad0   0x00000028   Code   RO         7534    i.__0sprintf        mc_w.l(printfa.o)
    0x08002af8   0x08002af8   0x0000000e   Code   RO         7688    i.__scatterload_copy  mc_w.l(handlers.o)
    0x08002b06   0x08002b06   0x00000002   Code   RO         7689    i.__scatterload_null  mc_w.l(handlers.o)
    0x08002b08   0x08002b08   0x0000000e   Code   RO         7690    i.__scatterload_zeroinit  mc_w.l(handlers.o)
    0x08002b16   0x08002b16   0x00000002   PAD
    0x08002b18   0x08002b18   0x00000184   Code   RO         7539    i._fp_digits        mc_w.l(printfa.o)
    0x08002c9c   0x08002c9c   0x000006b4   Code   RO         7540    i._printf_core      mc_w.l(printfa.o)
    0x08003350   0x08003350   0x00000024   Code   RO         7541    i._printf_post_padding  mc_w.l(printfa.o)
    0x08003374   0x08003374   0x0000002e   Code   RO         7542    i._printf_pre_padding  mc_w.l(printfa.o)
    0x080033a2   0x080033a2   0x0000000a   Code   RO         7544    i._sputc            mc_w.l(printfa.o)
    0x080033ac   0x080033ac   0x00000030   Code   RO         1215    i.esp8266_DataReport  esp8266.o
    0x080033dc   0x080033dc   0x00000024   Code   RO         1667    i.fputc             uart.o
    0x08003400   0x08003400   0x0000032c   Code   RO            9    i.main              main.o
    0x0800372c   0x0800372c   0x00000098   Code   RO         6663    i.prvAddCurrentTaskToDelayedList  tasks.o
    0x080037c4   0x080037c4   0x000000b8   Code   RO         6664    i.prvAddNewTaskToReadyList  tasks.o
    0x0800387c   0x0800387c   0x00000064   Code   RO         7000    i.prvCheckForValidListAndQueue  timers.o
    0x080038e0   0x080038e0   0x00000064   Code   RO         6665    i.prvCheckTasksWaitingTermination  tasks.o
    0x08003944   0x08003944   0x0000002a   Code   RO         6465    i.prvCopyDataFromQueue  queue.o
    0x0800396e   0x0800396e   0x0000007c   Code   RO         6466    i.prvCopyDataToQueue  queue.o
    0x080039ea   0x080039ea   0x00000012   Code   RO         6666    i.prvDeleteTCB      tasks.o
    0x080039fc   0x080039fc   0x00000028   Code   RO         7001    i.prvGetNextExpireTime  timers.o
    0x08003a24   0x08003a24   0x0000007c   Code   RO         7207    i.prvHeapInit       heap_4.o
    0x08003aa0   0x08003aa0   0x00000028   Code   RO         6667    i.prvIdleTask       tasks.o
    0x08003ac8   0x08003ac8   0x0000002a   Code   RO         6468    i.prvInitialiseNewQueue  queue.o
    0x08003af2   0x08003af2   0x000000b4   Code   RO         6668    i.prvInitialiseNewTask  tasks.o
    0x08003ba6   0x08003ba6   0x00000002   PAD
    0x08003ba8   0x08003ba8   0x00000068   Code   RO         6669    i.prvInitialiseTaskLists  tasks.o
    0x08003c10   0x08003c10   0x00000068   Code   RO         7208    i.prvInsertBlockIntoFreeList  heap_4.o
    0x08003c78   0x08003c78   0x00000058   Code   RO         7003    i.prvInsertTimerInActiveList  timers.o
    0x08003cd0   0x08003cd0   0x0000001a   Code   RO         6469    i.prvIsQueueEmpty   queue.o
    0x08003cea   0x08003cea   0x0000001e   Code   RO         6470    i.prvIsQueueFull    queue.o
    0x08003d08   0x08003d08   0x00000064   Code   RO         7004    i.prvProcessExpiredTimer  timers.o
    0x08003d6c   0x08003d6c   0x000000f8   Code   RO         7005    i.prvProcessReceivedCommands  timers.o
    0x08003e64   0x08003e64   0x00000074   Code   RO         7006    i.prvProcessTimerOrBlockTask  timers.o
    0x08003ed8   0x08003ed8   0x00000034   Code   RO         6671    i.prvResetNextTaskUnblockTime  tasks.o
    0x08003f0c   0x08003f0c   0x0000002c   Code   RO         7007    i.prvSampleTimeNow  timers.o
    0x08003f38   0x08003f38   0x000000a0   Code   RO         7008    i.prvSwitchTimerLists  timers.o
    0x08003fd8   0x08003fd8   0x00000040   Code   RO         7132    i.prvTaskExitError  port.o
    0x08004018   0x08004018   0x0000001a   Code   RO         7009    i.prvTimerTask      timers.o
    0x08004032   0x08004032   0x0000007e   Code   RO         6471    i.prvUnlockQueue    queue.o
    0x080040b0   0x080040b0   0x0000013c   Code   RO         7209    i.pvPortMalloc      heap_4.o
    0x080041ec   0x080041ec   0x00000020   Code   RO         6674    i.pvTaskIncrementMutexHeldCount  tasks.o
    0x0800420c   0x0800420c   0x0000002c   Code   RO         7133    i.pxPortInitialiseStack  port.o
    0x08004238   0x08004238   0x00000028   Code   RO         6428    i.uxListRemove      list.o
    0x08004260   0x08004260   0x0000001a   Code   RO         6429    i.vListInitialise   list.o
    0x0800427a   0x0800427a   0x00000006   Code   RO         6430    i.vListInitialiseItem  list.o
    0x08004280   0x08004280   0x00000034   Code   RO         6431    i.vListInsert       list.o
    0x080042b4   0x080042b4   0x00000018   Code   RO         6432    i.vListInsertEnd    list.o
    0x080042cc   0x080042cc   0x00000054   Code   RO         7135    i.vPortEnterCritical  port.o
    0x08004320   0x08004320   0x0000003c   Code   RO         7136    i.vPortExitCritical  port.o
    0x0800435c   0x0800435c   0x00000094   Code   RO         7210    i.vPortFree         heap_4.o
    0x080043f0   0x080043f0   0x00000020   Code   RO         7137    i.vPortSetupTimerInterrupt  port.o
    0x08004410   0x08004410   0x00000078   Code   RO         7138    i.vPortValidateInterruptPriority  port.o
    0x08004488   0x08004488   0x0000002c   Code   RO         6477    i.vQueueAddToRegistry  queue.o
    0x080044b4   0x080044b4   0x0000004a   Code   RO         6481    i.vQueueWaitForMessageRestricted  queue.o
    0x080044fe   0x080044fe   0x00000002   PAD
    0x08004500   0x08004500   0x0000005c   Code   RO         6682    i.vTaskDelay        tasks.o
    0x0800455c   0x0800455c   0x0000000c   Code   RO         6687    i.vTaskMissedYield  tasks.o
    0x08004568   0x08004568   0x00000038   Code   RO         6689    i.vTaskPlaceOnEventList  tasks.o
    0x080045a0   0x080045a0   0x00000040   Code   RO         6690    i.vTaskPlaceOnEventListRestricted  tasks.o
    0x080045e0   0x080045e0   0x000000b0   Code   RO         6692    i.vTaskPriorityInherit  tasks.o
    0x08004690   0x08004690   0x00000030   Code   RO         6696    i.vTaskSetTimeOutState  tasks.o
    0x080046c0   0x080046c0   0x00000094   Code   RO         6697    i.vTaskStartScheduler  tasks.o
    0x08004754   0x08004754   0x00000010   Code   RO         6699    i.vTaskSuspendAll   tasks.o
    0x08004764   0x08004764   0x0000008c   Code   RO         6700    i.vTaskSwitchContext  tasks.o
    0x080047f0   0x080047f0   0x0000005c   Code   RO         6335    i.xEventGroupClearBits  event_groups.o
    0x0800484c   0x0800484c   0x0000001a   Code   RO         6336    i.xEventGroupCreate  event_groups.o
    0x08004866   0x08004866   0x000000ce   Code   RO         6338    i.xEventGroupSetBits  event_groups.o
    0x08004934   0x08004934   0x0000013c   Code   RO         7139    i.xPortStartScheduler  port.o
    0x08004a70   0x08004a70   0x00000058   Code   RO         6484    i.xQueueGenericCreate  queue.o
    0x08004ac8   0x08004ac8   0x000001c4   Code   RO         6485    i.xQueueGenericReceive  queue.o
    0x08004c8c   0x08004c8c   0x00000098   Code   RO         6486    i.xQueueGenericReset  queue.o
    0x08004d24   0x08004d24   0x000001a8   Code   RO         6487    i.xQueueGenericSend  queue.o
    0x08004ecc   0x08004ecc   0x000000f8   Code   RO         6488    i.xQueueGenericSendFromISR  queue.o
    0x08004fc4   0x08004fc4   0x000000e0   Code   RO         6489    i.xQueueGiveFromISR  queue.o
    0x080050a4   0x080050a4   0x0000008c   Code   RO         6701    i.xTaskCheckForTimeOut  tasks.o
    0x08005130   0x08005130   0x00000060   Code   RO         6702    i.xTaskCreate       tasks.o
    0x08005190   0x08005190   0x00000020   Code   RO         6706    i.xTaskGetSchedulerState  tasks.o
    0x080051b0   0x080051b0   0x0000000c   Code   RO         6707    i.xTaskGetTickCount  tasks.o
    0x080051bc   0x080051bc   0x00000148   Code   RO         6709    i.xTaskIncrementTick  tasks.o
    0x08005304   0x08005304   0x000000c8   Code   RO         6712    i.xTaskPriorityDisinherit  tasks.o
    0x080053cc   0x080053cc   0x00000098   Code   RO         6713    i.xTaskRemoveFromEventList  tasks.o
    0x08005464   0x08005464   0x000000b0   Code   RO         6714    i.xTaskRemoveFromUnorderedEventList  tasks.o
    0x08005514   0x08005514   0x00000104   Code   RO         6715    i.xTaskResumeAll    tasks.o
    0x08005618   0x08005618   0x00000058   Code   RO         7013    i.xTimerCreateTimerTask  timers.o
    0x08005670   0x08005670   0x00000084   Code   RO         7014    i.xTimerGenericCommand  timers.o
    0x080056f4   0x080056f4   0x00000ff2   Data   RO          769    .constdata          oled_data.o
    0x080066e6   0x080066e6   0x00000002   PAD
    0x080066e8   0x080066e8   0x00000020   Data   RO         7686    Region$$Table       anon$$obj.o


    Execution Region RW_IRAM1 (Exec base: 0x20000000, Load base: 0x08006708, Size: 0x000137a8, Max: 0x00020000, ABSOLUTE)

    Exec Addr    Load Addr    Size         Type   Attr      Idx    E Section Name        Object

    0x20000000   0x08006708   0x0000001c   Data   RW           11    .data               main.o
    0x2000001c   0x08006724   0x00000014   Data   RW          451    .data               system_stm32f4xx.o
    0x20000030   0x08006738   0x00000010   Data   RW         1070    .data               hc_sr04.o
    0x20000040   0x08006748   0x00000008   Data   RW         1218    .data               esp8266.o
    0x20000048   0x08006750   0x0000000c   Data   RW         1359    .data               hs0038.o
    0x20000054   0x0800675c   0x00000004   Data   RW         1607    .data               delay.o
    0x20000058   0x08006760   0x00000015   Data   RW         1669    .data               uart.o
    0x2000006d   0x08006775   0x00000010   Data   RW         1953    .data               stm32f4xx_rcc.o
    0x2000007d   0x08006785   0x00000003   PAD
    0x20000080   0x08006788   0x0000003c   Data   RW         6718    .data               tasks.o
    0x200000bc   0x080067c4   0x00000014   Data   RW         7020    .data               timers.o
    0x200000d0   0x080067d8   0x0000000c   Data   RW         7140    .data               port.o
    0x200000dc   0x080067e4   0x00000018   Data   RW         7215    .data               heap_4.o
    0x200000f4        -       0x0000004a   Zero   RW           10    .bss                main.o
    0x2000013e        -       0x00000410   Zero   RW          822    .bss                oled.o
    0x2000054e        -       0x00000128   Zero   RW         1668    .bss                uart.o
    0x20000676   0x080067fc   0x00000002   PAD
    0x20000678        -       0x00000040   Zero   RW         6496    .bss                queue.o
    0x200006b8        -       0x000000c8   Zero   RW         6717    .bss                tasks.o
    0x20000780        -       0x00000028   Zero   RW         7019    .bss                timers.o
    0x200007a8        -       0x00012c00   Zero   RW         7214    .bss                heap_4.o
    0x200133a8        -       0x00000400   Zero   RW         6310    STACK               startup_stm32f40_41xxx.o


==============================================================================

Image component sizes


      Code (inc. data)   RO Data    RW Data    ZI Data      Debug   Object Name

        64         10          0          0          0     237026   buzzer.o
       180         12          0          4          0       1514   delay.o
      1604        766          0          8          0       9840   esp8266.o
       324          0          0          0          0      15904   event_groups.o
       616         62          0         16          0     232838   hc_sr04.o
       692         62          0         24      76800       4571   heap_4.o
        72          8          0         12          0       5901   hs0038.o
        64         10          0          0          0        547   key.o
       116         24          0          0          0        567   led.o
       148          0          0          0          0       3402   list.o
      2052       1218          0         28         74     271660   main.o
       140         24          0          0          0       1695   misc.o
        38          0          0          0          0       1094   my_lib.o
      1384         54          0          0       1040      12801   oled.o
         0          0       4082          0          0       1262   oled_data.o
       954         92          0         12          0      11629   port.o
      2096         22          0          0         64      15165   queue.o
        36          8        392          0       1024        844   startup_stm32f40_41xxx.o
        36         10          0          0          0       1156   stm32f4xx_exti.o
       214          0          0          0          0       1919   stm32f4xx_gpio.o
        20          0          0          0          0      50717   stm32f4xx_it.o
       328         36          0         16          0       4799   stm32f4xx_rcc.o
       780         28          0          0          0      12875   stm32f4xx_tim.o
       468          8          0          0          0       6347   stm32f4xx_usart.o
       340         32          0         20          0       1905   system_stm32f4xx.o
      3010        390          0         60        200      23669   tasks.o
      1142        118          0         20         40      17575   timers.o
      1132        110          0         21        296      10024   uart.o

    ----------------------------------------------------------------------
     18072       3104       4508        244      79540     959246   Object Totals
         0          0         32          0          0          0   (incl. Generated)
        22          0          2          3          2          0   (incl. Padding)

    ----------------------------------------------------------------------

      Code (inc. data)   RO Data    RW Data    ZI Data      Debug   Library Member Name

         0          0          0          0          0          0   entry.o
         0          0          0          0          0          0   entry10a.o
         0          0          0          0          0          0   entry11a.o
         4          0          0          0          0          0   entry12b.o
         8          4          0          0          0          0   entry2.o
         4          0          0          0          0          0   entry5.o
         0          0          0          0          0          0   entry7b.o
         0          0          0          0          0          0   entry8b.o
         8          4          0          0          0          0   entry9a.o
        30          0          0          0          0          0   handlers.o
        36          8          0          0          0         68   init.o
         0          0          0          0          0          0   iusefp.o
        30          0          0          0          0         68   llshl.o
        36          0          0          0          0         68   llsshr.o
        32          0          0          0          0         68   llushr.o
        36          0          0          0          0         68   memcpya.o
        36          0          0          0          0        108   memseta.o
      2268         96          0          0          0        616   printfa.o
        18          0          0          0          0         68   strcpy.o
        36          0          0          0          0         80   strstr.o
        44          0          0          0          0         80   uidiv.o
        98          0          0          0          0         92   uldiv.o
        48          0          0          0          0         68   cdrcmple.o
       334          0          0          0          0        148   dadd.o
       222          0          0          0          0        100   ddiv.o
       186          0          0          0          0        176   depilogue.o
        48          0          0          0          0         68   dfixul.o
       228          0          0          0          0         96   dmul.o

    ----------------------------------------------------------------------
      3796        112          0          0          0       2040   Library Totals
         6          0          0          0          0          0   (incl. Padding)

    ----------------------------------------------------------------------

      Code (inc. data)   RO Data    RW Data    ZI Data      Debug   Library Name

      2724        112          0          0          0       1384   mc_w.l
      1066          0          0          0          0        656   mf_w.l

    ----------------------------------------------------------------------
      3796        112          0          0          0       2040   Library Totals

    ----------------------------------------------------------------------

==============================================================================


      Code (inc. data)   RO Data    RW Data    ZI Data      Debug   

     21868       3216       4508        244      79540     942998   Grand Totals
     21868       3216       4508        244      79540     942998   ELF Image Totals
     21868       3216       4508        244          0          0   ROM Totals

==============================================================================

    Total RO  Size (Code + RO Data)                26376 (  25.76kB)
    Total RW  Size (RW Data + ZI Data)             79784 (  77.91kB)
    Total ROM Size (Code + RO Data + RW Data)      26620 (  26.00kB)

==============================================================================

