Component: ARM Compiler 5.06 update 7 (build 960) Tool: armlink [4d3601]

==============================================================================

Section Cross References

    main.o(i.ESP8266_Connect_Task) refers to printfa.o(i.__0printf) for __2printf
    main.o(i.ESP8266_Connect_Task) refers to event_groups.o(i.xEventGroupClearBits) for xEventGroupClearBits
    main.o(i.ESP8266_Connect_Task) refers to tasks.o(i.vTaskDelay) for vTaskDelay
    main.o(i.ESP8266_Connect_Task) refers to event_groups.o(i.xEventGroupSetBits) for xEventGroupSetBits
    main.o(i.ESP8266_Connect_Task) refers to esp8266.o(i.ESP8266_OnLineInit) for ESP8266_OnLineInit
    main.o(i.ESP8266_Connect_Task) refers to esp8266.o(i.ESP8266_ConnectMyYunServer) for ESP8266_ConnectMyYunServer
    main.o(i.ESP8266_Connect_Task) refers to main.o(.data) for xESP8266EventGroup
    main.o(i.ESP8266_Process_Task) refers to _scanf_int.o(.text) for _scanf_int
    main.o(i.ESP8266_Process_Task) refers to tasks.o(i.vTaskSuspendAll) for vTaskSuspendAll
    main.o(i.ESP8266_Process_Task) refers to printfa.o(i.__0printf) for __2printf
    main.o(i.ESP8266_Process_Task) refers to strcpy.o(.text) for strcpy
    main.o(i.ESP8266_Process_Task) refers to uart.o(i.Uart_DataArray_clear) for Uart_DataArray_clear
    main.o(i.ESP8266_Process_Task) refers to tasks.o(i.xTaskResumeAll) for xTaskResumeAll
    main.o(i.ESP8266_Process_Task) refers to my_lib.o(i.MY_LIB_CmpArray) for MY_LIB_CmpArray
    main.o(i.ESP8266_Process_Task) refers to event_groups.o(i.xEventGroupSetBits) for xEventGroupSetBits
    main.o(i.ESP8266_Process_Task) refers to strstr.o(.text) for strstr
    main.o(i.ESP8266_Process_Task) refers to __0sscanf.o(.text) for __0sscanf
    main.o(i.ESP8266_Process_Task) refers to flash.o(i.Save_Distance_To_Flash) for Save_Distance_To_Flash
    main.o(i.ESP8266_Process_Task) refers to tasks.o(i.vTaskDelay) for vTaskDelay
    main.o(i.ESP8266_Process_Task) refers to esp8266.o(.data) for esp8266_transparent_transmission_sta
    main.o(i.ESP8266_Process_Task) refers to uart.o(.data) for uart3_flag
    main.o(i.ESP8266_Process_Task) refers to uart.o(.bss) for uart3_recvbuf
    main.o(i.ESP8266_Process_Task) refers to main.o(.data) for xESP8266EventGroup
    main.o(i.ESP8266_Process_Task) refers to motor.o(.data) for motor_flag
    main.o(i.ESP8266_Process_Task) refers to hc_sr04.o(.data) for distance_up
    main.o(i.ESP8266_messagereport_Task) refers to event_groups.o(i.xEventGroupClearBits) for xEventGroupClearBits
    main.o(i.ESP8266_messagereport_Task) refers to queue.o(i.xQueueGenericReceive) for xQueueGenericReceive
    main.o(i.ESP8266_messagereport_Task) refers to printfa.o(i.__0printf) for __2printf
    main.o(i.ESP8266_messagereport_Task) refers to esp8266.o(i.esp8266_DataReport) for esp8266_DataReport
    main.o(i.ESP8266_messagereport_Task) refers to tasks.o(i.vTaskDelay) for vTaskDelay
    main.o(i.ESP8266_messagereport_Task) refers to queue.o(i.xQueueGenericSend) for xQueueGenericSend
    main.o(i.ESP8266_messagereport_Task) refers to main.o(.data) for xESP8266EventGroup
    main.o(i.HC_SR04_Task) refers to queue.o(i.xQueueGenericReceive) for xQueueGenericReceive
    main.o(i.HC_SR04_Task) refers to hc_sr04.o(i.HC_SR04_Get_Distance) for HC_SR04_Get_Distance
    main.o(i.HC_SR04_Task) refers to queue.o(i.xQueueGenericSend) for xQueueGenericSend
    main.o(i.HC_SR04_Task) refers to hc_sr04.o(i.Distance_Filter) for Distance_Filter
    main.o(i.HC_SR04_Task) refers to printfa.o(i.__0printf) for __2printf
    main.o(i.HC_SR04_Task) refers to tasks.o(i.vTaskDelay) for vTaskDelay
    main.o(i.HC_SR04_Task) refers to main.o(.data) for xHardwareMutex
    main.o(i.HC_SR04_Task) refers to hc_sr04.o(.data) for distance
    main.o(i.HC_SR04_Task) refers to motor.o(.data) for motor_flag
    main.o(i.Hardware_Init) refers to misc.o(i.NVIC_PriorityGroupConfig) for NVIC_PriorityGroupConfig
    main.o(i.Hardware_Init) refers to key_timer.o(i.Key_Timer5_Init) for Key_Timer5_Init
    main.o(i.Hardware_Init) refers to key_timer.o(i.key_Timer_Init) for key_Timer_Init
    main.o(i.Hardware_Init) refers to uart.o(i.Uart_Init) for Uart_Init
    main.o(i.Hardware_Init) refers to buzzer.o(i.BUZZER_Init) for BUZZER_Init
    main.o(i.Hardware_Init) refers to oled.o(i.OLED_Init) for OLED_Init
    main.o(i.Hardware_Init) refers to hc_sr04.o(i.HC_SR04_Init) for HC_SR04_Init
    main.o(i.Hardware_Init) refers to motor.o(i.motor_init) for motor_init
    main.o(i.Hardware_Init) refers to esp8266.o(i.Esp8266_Init) for Esp8266_Init
    main.o(i.Motor_Task) refers to stm32f4xx_gpio.o(i.GPIO_SetBits) for GPIO_SetBits
    main.o(i.Motor_Task) refers to stm32f4xx_gpio.o(i.GPIO_ResetBits) for GPIO_ResetBits
    main.o(i.Motor_Task) refers to tasks.o(i.vTaskDelay) for vTaskDelay
    main.o(i.Motor_Task) refers to motor.o(.data) for motor_flag
    main.o(i.OLED_Task) refers to key_timer.o(i.page_switch) for page_switch
[...]
    i.vListInitialiseItem                    0x0800582e   Section        0  list.o(i.vListInitialiseItem)
    i.vListInsert                            0x08005834   Section        0  list.o(i.vListInsert)
    i.vListInsertEnd                         0x08005868   Section        0  list.o(i.vListInsertEnd)
    i.vPortEnterCritical                     0x08005880   Section        0  port.o(i.vPortEnterCritical)
    i.vPortExitCritical                      0x080058d4   Section        0  port.o(i.vPortExitCritical)
    i.vPortFree                              0x08005910   Section        0  heap_4.o(i.vPortFree)
    i.vPortSetupTimerInterrupt               0x080059a4   Section        0  port.o(i.vPortSetupTimerInterrupt)
    i.vPortValidateInterruptPriority         0x080059c4   Section        0  port.o(i.vPortValidateInterruptPriority)
    i.vQueueAddToRegistry                    0x08005a3c   Section        0  queue.o(i.vQueueAddToRegistry)
    i.vQueueWaitForMessageRestricted         0x08005a68   Section        0  queue.o(i.vQueueWaitForMessageRestricted)
    i.vTaskDelay                             0x08005ab4   Section        0  tasks.o(i.vTaskDelay)
    i.vTaskMissedYield                       0x08005b10   Section        0  tasks.o(i.vTaskMissedYield)
    i.vTaskPlaceOnEventList                  0x08005b1c   Section        0  tasks.o(i.vTaskPlaceOnEventList)
    i.vTaskPlaceOnEventListRestricted        0x08005b54   Section        0  tasks.o(i.vTaskPlaceOnEventListRestricted)
    i.vTaskPriorityInherit                   0x08005b94   Section        0  tasks.o(i.vTaskPriorityInherit)
    i.vTaskSetTimeOutState                   0x08005c44   Section        0  tasks.o(i.vTaskSetTimeOutState)
    i.vTaskStartScheduler                    0x08005c74   Section        0  tasks.o(i.vTaskStartScheduler)
    i.vTaskSuspendAll                        0x08005d08   Section        0  tasks.o(i.vTaskSuspendAll)
    i.vTaskSwitchContext                     0x08005d18   Section        0  tasks.o(i.vTaskSwitchContext)
    i.xEventGroupClearBits                   0x08005da4   Section        0  event_groups.o(i.xEventGroupClearBits)
    i.xEventGroupCreate                      0x08005e00   Section        0  event_groups.o(i.xEventGroupCreate)
    i.xEventGroupSetBits                     0x08005e1a   Section        0  event_groups.o(i.xEventGroupSetBits)
    i.xPortStartScheduler                    0x08005ee8   Section        0  port.o(i.xPortStartScheduler)
    i.xQueueCreateMutex                      0x08006024   Section        0  queue.o(i.xQueueCreateMutex)
    i.xQueueGenericCreate                    0x08006046   Section        0  queue.o(i.xQueueGenericCreate)
    i.xQueueGenericReceive                   0x080060a0   Section        0  queue.o(i.xQueueGenericReceive)
    i.xQueueGenericReset                     0x08006264   Section        0  queue.o(i.xQueueGenericReset)
    i.xQueueGenericSend                      0x080062fc   Section        0  queue.o(i.xQueueGenericSend)
    i.xQueueGenericSendFromISR               0x080064a4   Section        0  queue.o(i.xQueueGenericSendFromISR)
    i.xTaskCheckForTimeOut                   0x0800659c   Section        0  tasks.o(i.xTaskCheckForTimeOut)
    i.xTaskCreate                            0x08006628   Section        0  tasks.o(i.xTaskCreate)
    i.xTaskGetSchedulerState                 0x08006688   Section        0  tasks.o(i.xTaskGetSchedulerState)
    i.xTaskGetTickCount                      0x080066a8   Section        0  tasks.o(i.xTaskGetTickCount)
    i.xTaskIncrementTick                     0x080066b4   Section        0  tasks.o(i.xTaskIncrementTick)
    i.xTaskPriorityDisinherit                0x080067fc   Section        0  tasks.o(i.xTaskPriorityDisinherit)
    i.xTaskRemoveFromEventList               0x080068c4   Section        0  tasks.o(i.xTaskRemoveFromEventList)
    i.xTaskRemoveFromUnorderedEventList      0x0800695c   Section        0  tasks.o(i.xTaskRemoveFromUnorderedEventList)
    i.xTaskResumeAll                         0x08006a0c   Section        0  tasks.o(i.xTaskResumeAll)
    i.xTimerCreateTimerTask                  0x08006b10   Section        0  timers.o(i.xTimerCreateTimerTask)
    i.xTimerGenericCommand                   0x08006b68   Section        0  timers.o(i.xTimerGenericCommand)
    .constdata                               0x08006bec   Section     4572  oled_data.o(.constdata)
    .constdata                               0x08007dc8   Section       64  ctype_c.o(.constdata)
    .data                                    0x20000000   Section       32  main.o(.data)
    OLED_Task_handle                         0x20000008   Data           4  main.o(.data)
    HC_SR04_Task_handle                      0x2000000c   Data           4  main.o(.data)
    Motor_Task_handle                        0x20000010   Data           4  main.o(.data)
    ESP8266_Connect_Task_handle              0x20000014   Data           4  main.o(.data)
    ESP8266_Process_Task_handle              0x20000018   Data           4  main.o(.data)
    ESP8266_messagereport_Task_handle        0x2000001c   Data           4  main.o(.data)
    .data                                    0x20000020   Section       20  system_stm32f4xx.o(.data)
    .data                                    0x20000034   Section       29  hc_sr04.o(.data)
    cnt                                      0x2000003f   Data           1  hc_sr04.o(.data)
    last_val                                 0x2000004c   Data           4  hc_sr04.o(.data)
    is_first                                 0x20000050   Data           1  hc_sr04.o(.data)
    .data                                    0x20000051   Section        8  key_timer.o(.data)
    cnt                                      0x20000051   Data           1  key_timer.o(.data)
    prestate                                 0x20000052   Data           1  key_timer.o(.data)
    curstate                                 0x20000053   Data           1  key_timer.o(.data)
    .data                                    0x20000059   Section        1  motor.o(.data)
    .data                                    0x2000005a   Section        8  esp8266.o(.data)
    cnt                                      0x2000005c   Data           1  esp8266.o(.data)
    .data                                    0x20000062   Section        4  delay.o(.data)
    fac_us                                   0x20000062   Data           1  delay.o(.data)
    fac_ms                                   0x20000064   Data           2  delay.o(.data)
    .data                                    0x20000068   Section       21  uart.o(.data)
    count                                    0x2000007c   Data           1  uart.o(.data)
    .data                                    0x2000007d   Section       16  stm32f4xx_rcc.o(.data)
    APBAHBPrescTable                         0x2000007d   Data          16  stm32f4xx_rcc.o(.data)
    .data                                    0x20000090   Section       60  tasks.o(.data)
    pxDelayedTaskList                        0x20000094   Data           4  tasks.o(.data)
    pxOverflowDelayedTaskList                0x20000098   Data           4  tasks.o(.data)
    uxDeletedTasksWaitingCleanUp             0x2000009c   Data           4  tasks.o(.data)
    uxCurrentNumberOfTasks                   0x200000a0   Data           4  tasks.o(.data)
    xTickCount                               0x200000a4   Data           4  tasks.o(.data)
    uxTopReadyPriority                       0x200000a8   Data           4  tasks.o(.data)
    xSchedulerRunning                        0x200000ac   Data           4  tasks.o(.data)
    uxPendedTicks                            0x200000b0   Data           4  tasks.o(.data)
    xYieldPending                            0x200000b4   Data           4  tasks.o(.data)
    xNumOfOverflows                          0x200000b8   Data           4  tasks.o(.data)
    uxTaskNumber                             0x200000bc   Data           4  tasks.o(.data)
    xNextTaskUnblockTime                     0x200000c0   Data           4  tasks.o(.data)
    xIdleTaskHandle                          0x200000c4   Data           4  tasks.o(.data)
    uxSchedulerSuspended                     0x200000c8   Data           4  tasks.o(.data)
    .data                                    0x200000cc   Section       20  timers.o(.data)
    pxCurrentTimerList                       0x200000cc   Data           4  timers.o(.data)
    pxOverflowTimerList                      0x200000d0   Data           4  timers.o(.data)
    xTimerQueue                              0x200000d4   Data           4  timers.o(.data)
    xTimerTaskHandle                         0x200000d8   Data           4  timers.o(.data)
    xLastTime                                0x200000dc   Data           4  timers.o(.data)
    .data                                    0x200000e0   Section       12  port.o(.data)
    uxCriticalNesting                        0x200000e0   Data           4  port.o(.data)
    ucMaxSysCallPriority                     0x200000e4   Data           1  port.o(.data)
    ulMaxPRIGROUPValue                       0x200000e8   Data           4  port.o(.data)
    .data                                    0x200000ec   Section       24  heap_4.o(.data)
    xStart                                   0x200000ec   Data           8  heap_4.o(.data)
    pxEnd                                    0x200000f4   Data           4  heap_4.o(.data)
    xFreeBytesRemaining                      0x200000f8   Data           4  heap_4.o(.data)
    xMinimumEverFreeBytesRemaining           0x200000fc   Data           4  heap_4.o(.data)
    xBlockAllocatedBit                       0x20000100   Data           4  heap_4.o(.data)
    .bss                                     0x20000104   Section     1040  oled.o(.bss)
    .bss                                     0x20000514   Section      296  uart.o(.bss)
    .bss                                     0x2000063c   Section       64  queue.o(.bss)
    .bss                                     0x2000067c   Section      300  tasks.o(.bss)
    pxReadyTasksLists                        0x2000067c   Data         200  tasks.o(.bss)
    xDelayedTaskList1                        0x20000744   Data          20  tasks.o(.bss)
    xDelayedTaskList2                        0x20000758   Data          20  tasks.o(.bss)
    xPendingReadyList                        0x2000076c   Data          20  tasks.o(.bss)
    xTasksWaitingTermination                 0x20000780   Data          20  tasks.o(.bss)
    xSuspendedTaskList                       0x20000794   Data          20  tasks.o(.bss)
    .bss                                     0x200007a8   Section       40  timers.o(.bss)
    xActiveTimerList1                        0x200007a8   Data          20  timers.o(.bss)
    xActiveTimerList2                        0x200007bc   Data          20  timers.o(.bss)
    .bss                                     0x200007d0   Section    76800  heap_4.o(.bss)
    ucHeap                                   0x200007d0   Data       76800  heap_4.o(.bss)
    STACK                                    0x200133d0   Section     1024  startup_stm32f40_41xxx.o(STACK)

    Global Symbols

    Symbol Name                              Value     Ov Type        Size  Object(Section)

    BuildAttributes$$THM_ISAv4$E$P$D$K$B$S$7EM$VFPi3$EXTD16$VFPS$VFMA$PE$A:L22UL41UL21$X:L11$S22US41US21$IEEE1$IW$USESV6$~STKCKD$USESV7$~SHL$OTIME$ROPI$IEEEX$EBA8$MICROLIB$REQ8$PRES8$EABIv2 0x00000000   Number         0  anon$$obj.o ABSOLUTE
    __ARM_use_no_argv                        0x00000000   Number         0  main.o ABSOLUTE
    __use_no_errno                           0x00000000   Number         0  useno.o ABSOLUTE
    __use_no_exception_handling              0x00000000   Number         0  useno.o ABSOLUTE
    __use_no_fp                              0x00000000   Number         0  useno.o ABSOLUTE
    __use_no_heap                            0x00000000   Number         0  useno.o ABSOLUTE
    __use_no_heap_region                     0x00000000   Number         0  useno.o ABSOLUTE
    __use_no_semihosting                     0x00000000   Number         0  useno.o ABSOLUTE
    __use_no_semihosting_swi                 0x00000000   Number         0  useno.o ABSOLUTE
    __use_no_signal_handling                 0x00000000   Number         0  useno.o ABSOLUTE
    _printf_a                                0x00000000   Number         0  stubs.o ABSOLUTE
    _printf_c                                0x00000000   Number         0  stubs.o ABSOLUTE
    _printf_charcount                        0x00000000   Number         0  stubs.o ABSOLUTE
    _printf_d                                0x00000000   Number         0  stubs.o ABSOLUTE
    _printf_e                                0x00000000   Number         0  stubs.o ABSOLUTE
    _printf_f                                0x00000000   Number         0  stubs.o ABSOLUTE
    _printf_flags                            0x00000000   Number         0  stubs.o ABSOLUTE
    _printf_fp_dec                           0x00000000   Number         0  stubs.o ABSOLUTE
    _printf_fp_hex                           0x00000000   Number         0  stubs.o ABSOLUTE
    _printf_g                                0x00000000   Number         0  stubs.o ABSOLUTE
    _printf_i                                0x00000000   Number         0  stubs.o ABSOLUTE
    _printf_int_dec                          0x00000000   Number         0  stubs.o ABSOLUTE
    _printf_l                                0x00000000   Number         0  stubs.o ABSOLUTE
    _printf_lc                               0x00000000   Number         0  stubs.o ABSOLUTE
    _printf_ll                               0x00000000   Number         0  stubs.o ABSOLUTE
    _printf_lld                              0x00000000   Number         0  stubs.o ABSOLUTE
    _printf_lli                              0x00000000   Number         0  stubs.o ABSOLUTE
    _printf_llo                              0x00000000   Number         0  stubs.o ABSOLUTE
    _printf_llu                              0x00000000   Number         0  stubs.o ABSOLUTE
    _printf_llx                              0x00000000   Number         0  stubs.o ABSOLUTE
    _printf_longlong_dec                     0x00000000   Number         0  stubs.o ABSOLUTE
    _printf_longlong_hex                     0x00000000   Number         0  stubs.o ABSOLUTE
    _printf_longlong_oct                     0x00000000   Number         0  stubs.o ABSOLUTE
    _printf_ls                               0x00000000   Number         0  stubs.o ABSOLUTE
    _printf_mbtowc                           0x00000000   Number         0  stubs.o ABSOLUTE
    _printf_n                                0x00000000   Number         0  stubs.o ABSOLUTE
    _printf_o                                0x00000000   Number         0  stubs.o ABSOLUTE
    _printf_p                                0x00000000   Number         0  stubs.o ABSOLUTE
    _printf_percent                          0x00000000   Number         0  stubs.o ABSOLUTE
    _printf_pre_padding                      0x00000000   Number         0  stubs.o ABSOLUTE
    _printf_return_value                     0x00000000   Number         0  stubs.o ABSOLUTE
    _printf_s                                0x00000000   Number         0  stubs.o ABSOLUTE
    _printf_sizespec                         0x00000000   Number         0  stubs.o ABSOLUTE
    _printf_str                              0x00000000   Number         0  stubs.o ABSOLUTE
    _printf_truncate_signed                  0x00000000   Number         0  stubs.o ABSOLUTE
    _printf_truncate_unsigned                0x00000000   Number         0  stubs.o ABSOLUTE
    _printf_u                                0x00000000   Number         0  stubs.o ABSOLUTE
    _printf_wc                               0x00000000   Number         0  stubs.o ABSOLUTE
    _printf_wctomb                           0x00000000   Number         0  stubs.o ABSOLUTE
    _printf_widthprec                        0x00000000   Number         0  stubs.o ABSOLUTE
    _printf_x                                0x00000000   Number         0  stubs.o ABSOLUTE
    __arm_fini_                               - Undefined Weak Reference
    __cpp_initialize__aeabi_                  - Undefined Weak Reference
    __cxa_finalize                            - Undefined Weak Reference
    __decompress                              - Undefined Weak Reference
    _clock_init                               - Undefined Weak Reference
    _microlib_exit                            - Undefined Weak Reference
    _scanf_longlong                           - Undefined Weak Reference
    _scanf_real                               - Undefined Weak Reference
    _scanf_string                             - Undefined Weak Reference
    __Vectors_Size                           0x00000188   Number         0  startup_stm32f40_41xxx.o ABSOLUTE
    __Vectors                                0x08000000   Data           4  startup_stm32f40_41xxx.o(RESET)
    __Vectors_End                            0x08000188   Data           0  startup_stm32f40_41xxx.o(RESET)
    __main                                   0x08000189   Thumb Code     0  entry.o(.ARM.Collect$$$$00000000)
    _main_stk                                0x08000189   Thumb Code     0  entry2.o(.ARM.Collect$$$$00000001)
    _main_scatterload                        0x0800018d   Thumb Code     0  entry5.o(.ARM.Collect$$$$00000004)
    __main_after_scatterload                 0x08000191   Thumb Code     0  entry5.o(.ARM.Collect$$$$00000004)
    _main_clock                              0x08000191   Thumb Code     0  entry7b.o(.ARM.Collect$$$$00000008)
    _main_cpp_init                           0x08000191   Thumb Code     0  entry8b.o(.ARM.Collect$$$$0000000A)
    _main_init                               0x08000191   Thumb Code     0  entry9a.o(.ARM.Collect$$$$0000000B)
    __rt_lib_shutdown_fini                   0x08000199   Thumb Code     0  entry12b.o(.ARM.Collect$$$$0000000E)
    __rt_final_cpp                           0x0800019d   Thumb Code     0  entry10a.o(.ARM.Collect$$$$0000000F)
    __rt_final_exit                          0x0800019d   Thumb Code     0  entry11a.o(.ARM.Collect$$$$00000011)
    SVC_Handler                              0x080001a1   Thumb Code    28  port.o(.emb_text)
    __asm___6_port_c_39a90d8d__prvStartFirstTask 0x080001c1   Thumb Code    28  port.o(.emb_text)
    __asm___6_port_c_39a90d8d__prvEnableVFP  0x080001e1   Thumb Code    16  port.o(.emb_text)
    PendSV_Handler                           0x080001f5   Thumb Code    88  port.o(.emb_text)
    vPortGetIPSR                             0x08000251   Thumb Code     6  port.o(.emb_text)
    Reset_Handler                            0x08000259   Thumb Code     8  startup_stm32f40_41xxx.o(.text)
    ADC_IRQHandler                           0x08000273   Thumb Code     0  startup_stm32f40_41xxx.o(.text)
    CAN1_RX0_IRQHandler                      0x08000273   Thumb Code     0  startup_stm32f40_41xxx.o(.text)
    CAN1_RX1_IRQHandler                      0x08000273   Thumb Code     0  startup_stm32f40_41xxx.o(.text)
    CAN1_SCE_IRQHandler                      0x08000273   Thumb Code     0  startup_stm32f40_41xxx.o(.text)
    CAN1_TX_IRQHandler                       0x08000273   Thumb Code     0  startup_stm32f40_41xxx.o(.text)
    CAN2_RX0_IRQHandler                      0x08000273   Thumb Code     0  startup_stm32f40_41xxx.o(.text)
    CAN2_RX1_IRQHandler                      0x08000273   Thumb Code     0  startup_stm32f40_41xxx.o(.text)
    CAN2_SCE_IRQHandler                      0x08000273   Thumb Code     0  startup_stm32f40_41xxx.o(.text)
    CAN2_TX_IRQHandler                       0x08000273   Thumb Code     0  startup_stm32f40_41xxx.o(.text)
    CRYP_IRQHandler                          0x08000273   Thumb Code     0  startup_stm32f40_41xxx.o(.text)
    DCMI_IRQHandler                          0x08000273   Thumb Code     0  startup_stm32f40_41xxx.o(.text)
    DMA1_Stream0_IRQHandler                  0x08000273   Thumb Code     0  startup_stm32f40_41xxx.o(.text)
    DMA1_Stream1_IRQHandler                  0x08000273   Thumb Code     0  startup_stm32f40_41xxx.o(.text)
    DMA1_Stream2_IRQHandler                  0x08000273   Thumb Code     0  startup_stm32f40_41xxx.o(.text)
    DMA1_Stream3_IRQHandler                  0x08000273   Thumb Code     0  startup_stm32f40_41xxx.o(.text)
    DMA1_Stream4_IRQHandler                  0x08000273   Thumb Code     0  startup_stm32f40_41xxx.o(.text)
    DMA1_Stream5_IRQHandler                  0x08000273   Thumb Code     0  startup_stm32f40_41xxx.o(.text)
    DMA1_Stream6_IRQHandler                  0x08000273   Thumb Code     0  startup_stm32f40_41xxx.o(.text)
    DMA1_Stream7_IRQHandler                  0x08000273   Thumb Code     0  startup_stm32f40_41xxx.o(.text)
    DMA2_Stream0_IRQHandler                  0x08000273   Thumb Code     0  startup_stm32f40_41xxx.o(.text)
    DMA2_Stream1_IRQHandler                  0x08000273   Thumb Code     0  startup_stm32f40_41xxx.o(.text)
    DMA2_Stream2_IRQHandler                  0x08000273   Thumb Code     0  startup_stm32f40_41xxx.o(.text)
    DMA2_Stream3_IRQHandler                  0x08000273   Thumb Code     0  startup_stm32f40_41xxx.o(.text)
    DMA2_Stream4_IRQHandler                  0x08000273   Thumb Code     0  startup_stm32f40_41xxx.o(.text)
    DMA2_Stream5_IRQHandler                  0x08000273   Thumb Code     0  startup_stm32f40_41xxx.o(.text)
    DMA2_Stream6_IRQHandler                  0x08000273   Thumb Code     0  startup_stm32f40_41xxx.o(.text)
    DMA2_Stream7_IRQHandler                  0x08000273   Thumb Code     0  startup_stm32f40_41xxx.o(.text)
    ETH_IRQHandler                           0x08000273   Thumb Code     0  startup_stm32f40_41xxx.o(.text)
    ETH_WKUP_IRQHandler                      0x08000273   Thumb Code     0  startup_stm32f40_41xxx.o(.text)
    EXTI0_IRQHandler                         0x08000273   Thumb Code     0  startup_stm32f40_41xxx.o(.text)
    EXTI15_10_IRQHandler                     0x08000273   Thumb Code     0  startup_stm32f40_41xxx.o(.text)
    EXTI1_IRQHandler                         0x08000273   Thumb Code     0  startup_stm32f40_41xxx.o(.text)
    EXTI2_IRQHandler                         0x08000273   Thumb Code     0  startup_stm32f40_41xxx.o(.text)
    EXTI3_IRQHandler                         0x08000273   Thumb Code     0  startup_stm32f40_41xxx.o(.text)
    EXTI4_IRQHandler                         0x08000273   Thumb Code     0  startup_stm32f40_41xxx.o(.text)
    EXTI9_5_IRQHandler                       0x08000273   Thumb Code     0  startup_stm32f40_41xxx.o(.text)
    FLASH_IRQHandler                         0x08000273   Thumb Code     0  startup_stm32f40_41xxx.o(.text)
    FPU_IRQHandler                           0x08000273   Thumb Code     0  startup_stm32f40_41xxx.o(.text)
    FSMC_IRQHandler                          0x08000273   Thumb Code     0  startup_stm32f40_41xxx.o(.text)
    HASH_RNG_IRQHandler                      0x08000273   Thumb Code     0  startup_stm32f40_41xxx.o(.text)
    I2C1_ER_IRQHandler                       0x08000273   Thumb Code     0  startup_stm32f40_41xxx.o(.text)
    I2C1_EV_IRQHandler                       0x08000273   Thumb Code     0  startup_stm32f40_41xxx.o(.text)
    I2C2_ER_IRQHandler                       0x08000273   Thumb Code     0  startup_stm32f40_41xxx.o(.text)
    I2C2_EV_IRQHandler                       0x08000273   Thumb Code     0  startup_stm32f40_41xxx.o(.text)
    I2C3_ER_IRQHandler                       0x08000273   Thumb Code     0  startup_stm32f40_41xxx.o(.text)
    I2C3_EV_IRQHandler                       0x08000273   Thumb Code     0  startup_stm32f40_41xxx.o(.text)
    OTG_FS_IRQHandler                        0x08000273   Thumb Code     0  startup_stm32f40_41xxx.o(.text)
    OTG_FS_WKUP_IRQHandler                   0x08000273   Thumb Code     0  startup_stm32f40_41xxx.o(.text)
    OTG_HS_EP1_IN_IRQHandler                 0x08000273   Thumb Code     0  startup_stm32f40_41xxx.o(.text)
    OTG_HS_EP1_OUT_IRQHandler                0x08000273   Thumb Code     0  startup_stm32f40_41xxx.o(.text)
    OTG_HS_IRQHandler                        0x08000273   Thumb Code     0  startup_stm32f40_41xxx.o(.text)
    OTG_HS_WKUP_IRQHandler                   0x08000273   Thumb Code     0  startup_stm32f40_41xxx.o(.text)
    PVD_IRQHandler                           0x08000273   Thumb Code     0  startup_stm32f40_41xxx.o(.text)
    RCC_IRQHandler                           0x08000273   Thumb Code     0  startup_stm32f40_41xxx.o(.text)
    RTC_Alarm_IRQHandler                     0x08000273   Thumb Code     0  startup_stm32f40_41xxx.o(.text)
    RTC_WKUP_IRQHandler                      0x08000273   Thumb Code     0  startup_stm32f40_41xxx.o(.text)
    SDIO_IRQHandler                          0x08000273   Thumb Code     0  startup_stm32f40_41xxx.o(.text)
    SPI1_IRQHandler                          0x08000273   Thumb Code     0  startup_stm32f40_41xxx.o(.text)
    SPI2_IRQHandler                          0x08000273   Thumb Code     0  startup_stm32f40_41xxx.o(.text)
    SPI3_IRQHandler                          0x08000273   Thumb Code     0  startup_stm32f40_41xxx.o(.text)
    TAMP_STAMP_IRQHandler                    0x08000273   Thumb Code     0  startup_stm32f40_41xxx.o(.text)
    TIM1_BRK_TIM9_IRQHandler                 0x08000273   Thumb Code     0  startup_stm32f40_41xxx.o(.text)
    TIM1_TRG_COM_TIM11_IRQHandler            0x08000273   Thumb Code     0  startup_stm32f40_41xxx.o(.text)
    TIM1_UP_TIM10_IRQHandler                 0x08000273   Thumb Code     0  startup_stm32f40_41xxx.o(.text)
    TIM2_IRQHandler                          0x08000273   Thumb Code     0  startup_stm32f40_41xxx.o(.text)
    TIM3_IRQHandler                          0x08000273   Thumb Code     0  startup_stm32f40_41xxx.o(.text)
    TIM4_IRQHandler                          0x08000273   Thumb Code     0  startup_stm32f40_41xxx.o(.text)
    TIM6_DAC_IRQHandler                      0x08000273   Thumb Code     0  startup_stm32f40_41xxx.o(.text)
    TIM7_IRQHandler                          0x08000273   Thumb Code     0  startup_stm32f40_41xxx.o(.text)
    TIM8_BRK_TIM12_IRQHandler                0x08000273   Thumb Code     0  startup_stm32f40_41xxx.o(.text)
    TIM8_CC_IRQHandler                       0x08000273   Thumb Code     0  startup_stm32f40_41xxx.o(.text)
    TIM8_TRG_COM_TIM14_IRQHandler            0x08000273   Thumb Code     0  startup_stm32f40_41xxx.o(.text)
    TIM8_UP_TIM13_IRQHandler                 0x08000273   Thumb Code     0  startup_stm32f40_41xxx.o(.text)
    UART4_IRQHandler                         0x08000273   Thumb Code     0  startup_stm32f40_41xxx.o(.text)
    UART5_IRQHandler                         0x08000273   Thumb Code     0  startup_stm32f40_41xxx.o(.text)
    USART6_IRQHandler                        0x08000273   Thumb Code     0  startup_stm32f40_41xxx.o(.text)
    WWDG_IRQHandler                          0x08000273   Thumb Code     0  startup_stm32f40_41xxx.o(.text)
    __aeabi_memcpy                           0x0800027d   Thumb Code    36  memcpya.o(.text)
    __aeabi_memcpy4                          0x0800027d   Thumb Code     0  memcpya.o(.text)
    __aeabi_memcpy8                          0x0800027d   Thumb Code     0  memcpya.o(.text)
    __aeabi_memset                           0x080002a1   Thumb Code    14  memseta.o(.text)
    __aeabi_memset4                          0x080002a1   Thumb Code     0  memseta.o(.text)
    __aeabi_memset8                          0x080002a1   Thumb Code     0  memseta.o(.text)
    __aeabi_memclr                           0x080002af   Thumb Code     4  memseta.o(.text)
    __aeabi_memclr4                          0x080002af   Thumb Code     0  memseta.o(.text)
    __aeabi_memclr8                          0x080002af   Thumb Code     0  memseta.o(.text)
    _memset$wrapper                          0x080002b3   Thumb Code    18  memseta.o(.text)
    strstr                                   0x080002c5   Thumb Code    36  strstr.o(.text)
    strlen                                   0x080002e9   Thumb Code    14  strlen.o(.text)
    strcmp                                   0x080002f7   Thumb Code    28  strcmp.o(.text)
    strcpy                                   0x08000313   Thumb Code    18  strcpy.o(.text)
    __0sscanf                                0x08000325   Thumb Code    48  __0sscanf.o(.text)
    _scanf_int                               0x0800035d   Thumb Code   332  _scanf_int.o(.text)
    __aeabi_dadd                             0x080004a9   Thumb Code   322  dadd.o(.text)
    __aeabi_dsub                             0x080005eb   Thumb Code     6  dadd.o(.text)
    __aeabi_drsub                            0x080005f1   Thumb Code     6  dadd.o(.text)
    __aeabi_dmul                             0x080005f7   Thumb Code   228  dmul.o(.text)
    __aeabi_ddiv                             0x080006db   Thumb Code   222  ddiv.o(.text)
    __aeabi_cdrcmple                         0x080007b9   Thumb Code    48  cdrcmple.o(.text)
    __aeabi_uidiv                            0x080007e9   Thumb Code     0  uidiv.o(.text)
    __aeabi_uidivmod                         0x080007e9   Thumb Code    44  uidiv.o(.text)
    __aeabi_uldivmod                         0x08000815   Thumb Code    98  uldiv.o(.text)
    __aeabi_llsl                             0x08000877   Thumb Code    30  llshl.o(.text)
    _ll_shift_l                              0x08000877   Thumb Code     0  llshl.o(.text)
    __aeabi_llsr                             0x08000895   Thumb Code    32  llushr.o(.text)
    _ll_ushift_r                             0x08000895   Thumb Code     0  llushr.o(.text)
    __aeabi_lasr                             0x080008b5   Thumb Code    36  llsshr.o(.text)
    _ll_sshift_r                             0x080008b5   Thumb Code     0  llsshr.o(.text)
    _chval                                   0x080008d9   Thumb Code    28  _chval.o(.text)
    __vfscanf_char                           0x08000901   Thumb Code    20  scanf_char.o(.text)
    _sgetc                                   0x0800091d   Thumb Code    30  _sgetc.o(.text)
    _sbackspace                              0x0800093b   Thumb Code    34  _sgetc.o(.text)
    __I$use$fp                               0x0800095d   Thumb Code     0  iusefp.o(.text)
    _double_round                            0x0800095d   Thumb Code    30  depilogue.o(.text)
    _double_epilogue                         0x0800097b   Thumb Code   156  depilogue.o(.text)
    __aeabi_d2ulz                            0x08000a17   Thumb Code    48  dfixul.o(.text)
    __scatterload                            0x08000a49   Thumb Code    28  init.o(.text)
    __scatterload_rt2                        0x08000a49   Thumb Code     0  init.o(.text)
    isspace                                  0x08000a6d   Thumb Code    10  isspace_c.o(.text)
    __vfscanf                                0x08000a79   Thumb Code   810  _scanf.o(.text)
    __ctype_lookup                           0x08000da9   Thumb Code    34  ctype_c.o(.text)
    BUZZER_Init                              0x08000dd1   Thumb Code    52  buzzer.o(i.BUZZER_Init)
    BusFault_Handler                         0x08000e0d   Thumb Code     4  stm32f4xx_it.o(i.BusFault_Handler)
    DMA_ClearFlag                            0x08000e11   Thumb Code    38  stm32f4xx_dma.o(i.DMA_ClearFlag)
    DMA_Cmd                                  0x08000e45   Thumb Code    22  stm32f4xx_dma.o(i.DMA_Cmd)
    DMA_DeInit                               0x08000e5d   Thumb Code   324  stm32f4xx_dma.o(i.DMA_DeInit)
    DMA_GetCmdStatus                         0x08000fb5   Thumb Code    20  stm32f4xx_dma.o(i.DMA_GetCmdStatus)
    DMA_GetCurrDataCounter                   0x08000fc9   Thumb Code     8  stm32f4xx_dma.o(i.DMA_GetCurrDataCounter)
    DMA_GetFlagStatus                        0x08000fd1   Thumb Code    54  stm32f4xx_dma.o(i.DMA_GetFlagStatus)
    DMA_Init                                 0x08001015   Thumb Code    82  stm32f4xx_dma.o(i.DMA_Init)
    DMA_SetCurrDataCounter                   0x0800106d   Thumb Code     4  stm32f4xx_dma.o(i.DMA_SetCurrDataCounter)
    DebugMon_Handler                         0x08001071   Thumb Code     2  stm32f4xx_it.o(i.DebugMon_Handler)
    Delay_ms                                 0x08001075   Thumb Code    60  delay.o(i.Delay_ms)
    Delay_us                                 0x080010b5   Thumb Code   108  delay.o(i.Delay_us)
    Distance_Filter                          0x08001129   Thumb Code    56  hc_sr04.o(i.Distance_Filter)
    ESP8266_CheckStrInRxbuf                  0x08001169   Thumb Code    60  esp8266.o(i.ESP8266_CheckStrInRxbuf)
    ESP8266_ConnectAp                        0x080011ad   Thumb Code   102  esp8266.o(i.ESP8266_ConnectAp)
    ESP8266_ConnectMyYunServer               0x0800124d   Thumb Code   132  esp8266.o(i.ESP8266_ConnectMyYunServer)
    ESP8266_ConnectServer                    0x080013b5   Thumb Code    78  esp8266.o(i.ESP8266_ConnectServer)
    ESP8266_EnEcho                           0x080016ad   Thumb Code    46  esp8266.o(i.ESP8266_EnEcho)
    ESP8266_EnterTransparentTransmission     0x080016f1   Thumb Code    64  esp8266.o(i.ESP8266_EnterTransparentTransmission)
    ESP8266_ExitTransparentTransmission      0x08001759   Thumb Code    24  esp8266.o(i.ESP8266_ExitTransparentTransmission)
    ESP8266_OnLineInit                       0x08001779   Thumb Code   158  esp8266.o(i.ESP8266_OnLineInit)
    ESP8266_Rst                              0x08001aa1   Thumb Code    60  esp8266.o(i.ESP8266_Rst)
    ESP8266_SendATCmd                        0x08001af5   Thumb Code    90  esp8266.o(i.ESP8266_SendATCmd)
    ESP8266_SendMsg                          0x08001b65   Thumb Code    12  esp8266.o(i.ESP8266_SendMsg)
    Esp8266_Init                             0x08001bf9   Thumb Code    20  esp8266.o(i.Esp8266_Init)
    FLASH_ClearFlag                          0x08001c0d   Thumb Code     6  stm32f4xx_flash.o(i.FLASH_ClearFlag)
    FLASH_EraseSector                        0x08001c19   Thumb Code   130  stm32f4xx_flash.o(i.FLASH_EraseSector)
    FLASH_GetStatus                          0x08001ca1   Thumb Code    80  stm32f4xx_flash.o(i.FLASH_GetStatus)
    FLASH_Lock                               0x08001cf5   Thumb Code    14  stm32f4xx_flash.o(i.FLASH_Lock)
    FLASH_ProgramByte                        0x08001d09   Thumb Code    70  stm32f4xx_flash.o(i.FLASH_ProgramByte)
    FLASH_ReadData                           0x08001d55   Thumb Code    26  flash.o(i.FLASH_ReadData)
    FLASH_Unlock                             0x08001d71   Thumb Code    24  stm32f4xx_flash.o(i.FLASH_Unlock)
    FLASH_WaitForLastOperation               0x08001d95   Thumb Code    34  stm32f4xx_flash.o(i.FLASH_WaitForLastOperation)
    FLASH_WriteData                          0x08001db9   Thumb Code    90  flash.o(i.FLASH_WriteData)
    GPIO_Init                                0x08001e4d   Thumb Code   144  stm32f4xx_gpio.o(i.GPIO_Init)
    GPIO_PinAFConfig                         0x08001edd   Thumb Code    70  stm32f4xx_gpio.o(i.GPIO_PinAFConfig)
    GPIO_ResetBits                           0x08001f23   Thumb Code     4  stm32f4xx_gpio.o(i.GPIO_ResetBits)
    GPIO_SetBits                             0x08001f27   Thumb Code     4  stm32f4xx_gpio.o(i.GPIO_SetBits)
    HC_SR04_Get_Distance                     0x08001f2d   Thumb Code   190  hc_sr04.o(i.HC_SR04_Get_Distance)
    HC_SR04_Init                             0x08002009   Thumb Code   268  hc_sr04.o(i.HC_SR04_Init)
    HardFault_Handler                        0x0800222d   Thumb Code     4  stm32f4xx_it.o(i.HardFault_Handler)
    Hardware_Init                            0x08002231   Thumb Code    48  main.o(i.Hardware_Init)
    I2C_CheckEvent                           0x08002261   Thumb Code    42  stm32f4xx_i2c.o(i.I2C_CheckEvent)
    I2C_Cmd                                  0x0800228b   Thumb Code    24  stm32f4xx_i2c.o(i.I2C_Cmd)
    I2C_DMACmd                               0x080022a3   Thumb Code    24  stm32f4xx_i2c.o(i.I2C_DMACmd)
    I2C_GenerateSTART                        0x080022bb   Thumb Code    24  stm32f4xx_i2c.o(i.I2C_GenerateSTART)
    I2C_GenerateSTOP                         0x080022d3   Thumb Code    24  stm32f4xx_i2c.o(i.I2C_GenerateSTOP)
    I2C_GetFlagStatus                        0x080022eb   Thumb Code    58  stm32f4xx_i2c.o(i.I2C_GetFlagStatus)
    I2C_Init                                 0x08002325   Thumb Code   218  stm32f4xx_i2c.o(i.I2C_Init)
    I2C_Send7bitAddress                      0x0800240d   Thumb Code    16  stm32f4xx_i2c.o(i.I2C_Send7bitAddress)
    I2C_SendData                             0x0800241d   Thumb Code     4  stm32f4xx_i2c.o(i.I2C_SendData)
    Key_Key_Word_Pagemenu                    0x08002421   Thumb Code    62  key_timer.o(i.Key_Key_Word_Pagemenu)
    Key_Timer5_Init                          0x08002469   Thumb Code    98  key_timer.o(i.Key_Timer5_Init)
    Key_Timer_page_menuchoose                0x080024d1   Thumb Code    86  key_timer.o(i.Key_Timer_page_menuchoose)
    Key_hc05_page_Pagemenu                   0x08002541   Thumb Code   136  key_timer.o(i.Key_hc05_page_Pagemenu)
    Key_motor_page_Pagemenu                  0x080025d9   Thumb Code    90  key_timer.o(i.Key_motor_page_Pagemenu)
    Load_Distance_From_Flash                 0x0800263d   Thumb Code    68  flash.o(i.Load_Distance_From_Flash)
    MY_LIB_CmpArray                          0x080026e1   Thumb Code    38  my_lib.o(i.MY_LIB_CmpArray)
    MemManage_Handler                        0x08002707   Thumb Code     4  stm32f4xx_it.o(i.MemManage_Handler)
    NMI_Handler                              0x0800273d   Thumb Code     2  stm32f4xx_it.o(i.NMI_Handler)
    NVIC_Init                                0x08002741   Thumb Code   106  misc.o(i.NVIC_Init)
    NVIC_PriorityGroupConfig                 0x080027b9   Thumb Code    10  misc.o(i.NVIC_PriorityGroupConfig)
    OLED_Clear                               0x080027cd   Thumb Code    42  oled.o(i.OLED_Clear)
    OLED_ClearArea                           0x080027fd   Thumb Code   148  oled.o(i.OLED_ClearArea)
    OLED_I2C_Init                            0x08002895   Thumb Code   144  oled.o(i.OLED_I2C_Init)
    OLED_Init                                0x08002931   Thumb Code   154  oled.o(i.OLED_Init)
    OLED_Pow                                 0x080029cb   Thumb Code    20  oled.o(i.OLED_Pow)
    OLED_ReverseArea                         0x080029e1   Thumb Code   148  oled.o(i.OLED_ReverseArea)
    OLED_SetCursor                           0x08002a79   Thumb Code    34  oled.o(i.OLED_SetCursor)
    OLED_ShowChar                            0x08002a9d   Thumb Code    74  oled.o(i.OLED_ShowChar)
    OLED_ShowChinese                         0x08002af1   Thumb Code   148  oled.o(i.OLED_ShowChinese)
    OLED_ShowImage                           0x08002b8d   Thumb Code   264  oled.o(i.OLED_ShowImage)
    OLED_ShowNum                             0x08002c99   Thumb Code    76  oled.o(i.OLED_ShowNum)
    OLED_ShowString                          0x08002ce5   Thumb Code    46  oled.o(i.OLED_ShowString)
    OLED_Update                              0x08002d21   Thumb Code    40  oled.o(i.OLED_Update)
    OLED_WriteCommand                        0x08002d4d   Thumb Code   124  oled.o(i.OLED_WriteCommand)
    OLED_WriteData                           0x08002dd5   Thumb Code   236  oled.o(i.OLED_WriteData)
    RCC_AHB1PeriphClockCmd                   0x08002ed5   Thumb Code    26  stm32f4xx_rcc.o(i.RCC_AHB1PeriphClockCmd)
    RCC_APB1PeriphClockCmd                   0x08002ef5   Thumb Code    26  stm32f4xx_rcc.o(i.RCC_APB1PeriphClockCmd)
    RCC_APB2PeriphClockCmd                   0x08002f15   Thumb Code    26  stm32f4xx_rcc.o(i.RCC_APB2PeriphClockCmd)
    RCC_GetClocksFreq                        0x08002f35   Thumb Code   214  stm32f4xx_rcc.o(i.RCC_GetClocksFreq)
    Save_Distance_To_Flash                   0x0800301d   Thumb Code    54  flash.o(i.Save_Distance_To_Flash)
    SysTick_Handler                          0x08003179   Thumb Code    46  port.o(i.SysTick_Handler)
    SystemInit                               0x080031ad   Thumb Code    88  system_stm32f4xx.o(i.SystemInit)
    TIM1_CC_IRQHandler                       0x08003339   Thumb Code    86  hc_sr04.o(i.TIM1_CC_IRQHandler)
    TIM5_IRQHandler                          0x080033a5   Thumb Code    28  key_timer.o(i.TIM5_IRQHandler)
    TIM_CCxCmd                               0x080033c5   Thumb Code    30  stm32f4xx_tim.o(i.TIM_CCxCmd)
    TIM_ClearFlag                            0x080033e3   Thumb Code     6  stm32f4xx_tim.o(i.TIM_ClearFlag)
    TIM_ClearITPendingBit                    0x080033e9   Thumb Code     6  stm32f4xx_tim.o(i.TIM_ClearITPendingBit)
    TIM_Cmd                                  0x080033ef   Thumb Code    24  stm32f4xx_tim.o(i.TIM_Cmd)
    TIM_GetCapture1                          0x08003407   Thumb Code     6  stm32f4xx_tim.o(i.TIM_GetCapture1)
    TIM_GetCapture2                          0x0800340d   Thumb Code     6  stm32f4xx_tim.o(i.TIM_GetCapture2)
    TIM_GetITStatus                          0x08003413   Thumb Code    34  stm32f4xx_tim.o(i.TIM_GetITStatus)
    TIM_ICInit                               0x08003435   Thumb Code   110  stm32f4xx_tim.o(i.TIM_ICInit)
    TIM_ITConfig                             0x080034a3   Thumb Code    18  stm32f4xx_tim.o(i.TIM_ITConfig)
    TIM_SetIC1Prescaler                      0x080034b5   Thumb Code    18  stm32f4xx_tim.o(i.TIM_SetIC1Prescaler)
    TIM_SetIC2Prescaler                      0x080034c7   Thumb Code    26  stm32f4xx_tim.o(i.TIM_SetIC2Prescaler)
    TIM_SetIC3Prescaler                      0x080034e1   Thumb Code    18  stm32f4xx_tim.o(i.TIM_SetIC3Prescaler)
    TIM_SetIC4Prescaler                      0x080034f3   Thumb Code    26  stm32f4xx_tim.o(i.TIM_SetIC4Prescaler)
    TIM_TimeBaseInit                         0x0800350d   Thumb Code   104  stm32f4xx_tim.o(i.TIM_TimeBaseInit)
    USART1_DMA_Init                          0x08003591   Thumb Code   180  uart.o(i.USART1_DMA_Init)
    USART1_IRQHandler                        0x08003651   Thumb Code   116  uart.o(i.USART1_IRQHandler)
    USART2_IRQHandler                        0x080036dd   Thumb Code   126  uart.o(i.USART2_IRQHandler)
    USART3_DMA_Init                          0x0800376d   Thumb Code   180  uart.o(i.USART3_DMA_Init)
    USART3_IRQHandler                        0x0800382d   Thumb Code   154  uart.o(i.USART3_IRQHandler)
    USART3_SendStr                           0x080038e5   Thumb Code    86  uart.o(i.USART3_SendStr)
    USART_ClearITPendingBit                  0x08003941   Thumb Code    30  stm32f4xx_usart.o(i.USART_ClearITPendingBit)
    USART_Cmd                                0x0800395f   Thumb Code    24  stm32f4xx_usart.o(i.USART_Cmd)
    USART_DMACmd                             0x08003977   Thumb Code    18  stm32f4xx_usart.o(i.USART_DMACmd)
    USART_GetFlagStatus                      0x08003989   Thumb Code    26  stm32f4xx_usart.o(i.USART_GetFlagStatus)
    USART_GetITStatus                        0x080039a3   Thumb Code    84  stm32f4xx_usart.o(i.USART_GetITStatus)
    USART_ITConfig                           0x080039f7   Thumb Code    74  stm32f4xx_usart.o(i.USART_ITConfig)
    USART_Init                               0x08003a41   Thumb Code   204  stm32f4xx_usart.o(i.USART_Init)
    USART_ReceiveData                        0x08003b15   Thumb Code    10  stm32f4xx_usart.o(i.USART_ReceiveData)
    USART_SendData                           0x08003b1f   Thumb Code     8  stm32f4xx_usart.o(i.USART_SendData)
    Uart3_Init                               0x08003b29   Thumb Code   172  uart.o(i.Uart3_Init)
    Uart_DataArray_clear                     0x08003bdd   Thumb Code    20  uart.o(i.Uart_DataArray_clear)
    Uart_Data_Cpy                            0x08003bf1   Thumb Code    24  uart.o(i.Uart_Data_Cpy)
    Uart_Data_clear                          0x08003c09   Thumb Code    22  uart.o(i.Uart_Data_clear)
    Uart_Init                                0x08003c25   Thumb Code   174  uart.o(i.Uart_Init)
    UsageFault_Handler                       0x08003cdd   Thumb Code     4  stm32f4xx_it.o(i.UsageFault_Handler)
    __0printf                                0x08003ce1   Thumb Code    22  printfa.o(i.__0printf)
    __1printf                                0x08003ce1   Thumb Code     0  printfa.o(i.__0printf)
    __2printf                                0x08003ce1   Thumb Code     0  printfa.o(i.__0printf)
    __c89printf                              0x08003ce1   Thumb Code     0  printfa.o(i.__0printf)
    printf                                   0x08003ce1   Thumb Code     0  printfa.o(i.__0printf)
    __0sprintf                               0x08003d01   Thumb Code    34  printfa.o(i.__0sprintf)
    __1sprintf                               0x08003d01   Thumb Code     0  printfa.o(i.__0sprintf)
    __2sprintf                               0x08003d01   Thumb Code     0  printfa.o(i.__0sprintf)
    __c89sprintf                             0x08003d01   Thumb Code     0  printfa.o(i.__0sprintf)
    sprintf                                  0x08003d01   Thumb Code     0  printfa.o(i.__0sprintf)
    __scatterload_copy                       0x08003d29   Thumb Code    14  handlers.o(i.__scatterload_copy)
    __scatterload_null                       0x08003d37   Thumb Code     2  handlers.o(i.__scatterload_null)
    __scatterload_zeroinit                   0x08003d39   Thumb Code    14  handlers.o(i.__scatterload_zeroinit)
    esp8266_DataReport                       0x080045dd   Thumb Code    46  esp8266.o(i.esp8266_DataReport)
    fputc                                    0x08004641   Thumb Code    32  uart.o(i.fputc)
    hc05_page_menu                           0x08004665   Thumb Code   148  key_timer.o(i.hc05_page_menu)
    key_Timer_Callback                       0x0800472d   Thumb Code    12  key_timer.o(i.key_Timer_Callback)
    key_Timer_Init                           0x0800473d   Thumb Code    38  key_timer.o(i.key_Timer_Init)
    key_Timer_Scan                           0x08004769   Thumb Code    50  key_timer.o(i.key_Timer_Scan)
    key_Timer_Tick                           0x080047a1   Thumb Code    62  key_timer.o(i.key_Timer_Tick)
    main                                     0x080047f1   Thumb Code   326  main.o(i.main)
    motor_init                               0x08004bf9   Thumb Code    36  motor.o(i.motor_init)
    motor_page_menu                          0x08004c21   Thumb Code    88  key_timer.o(i.motor_page_menu)
    page_switch                              0x08004c95   Thumb Code    42  key_timer.o(i.page_switch)
    pvPortMalloc                             0x08005665   Thumb Code   296  heap_4.o(i.pvPortMalloc)
    pvTaskIncrementMutexHeldCount            0x080057a1   Thumb Code    26  tasks.o(i.pvTaskIncrementMutexHeldCount)
    pxPortInitialiseStack                    0x080057c1   Thumb Code    38  port.o(i.pxPortInitialiseStack)
    uxListRemove                             0x080057ed   Thumb Code    40  list.o(i.uxListRemove)
    vListInitialise                          0x08005815   Thumb Code    26  list.o(i.vListInitialise)
    vListInitialiseItem                      0x0800582f   Thumb Code     6  list.o(i.vListInitialiseItem)
    vListInsert                              0x08005835   Thumb Code    52  list.o(i.vListInsert)
    vListInsertEnd                           0x08005869   Thumb Code    24  list.o(i.vListInsertEnd)
    vPortEnterCritical                       0x08005881   Thumb Code    76  port.o(i.vPortEnterCritical)
    vPortExitCritical                        0x080058d5   Thumb Code    56  port.o(i.vPortExitCritical)
    vPortFree                                0x08005911   Thumb Code   140  heap_4.o(i.vPortFree)
    vPortSetupTimerInterrupt                 0x080059a5   Thumb Code    26  port.o(i.vPortSetupTimerInterrupt)
    vPortValidateInterruptPriority           0x080059c5   Thumb Code   106  port.o(i.vPortValidateInterruptPriority)
    vQueueAddToRegistry                      0x08005a3d   Thumb Code    38  queue.o(i.vQueueAddToRegistry)
    vQueueWaitForMessageRestricted           0x08005a69   Thumb Code    74  queue.o(i.vQueueWaitForMessageRestricted)
    vTaskDelay                               0x08005ab5   Thumb Code    82  tasks.o(i.vTaskDelay)
    vTaskMissedYield                         0x08005b11   Thumb Code     8  tasks.o(i.vTaskMissedYield)
    vTaskPlaceOnEventList                    0x08005b1d   Thumb Code    52  tasks.o(i.vTaskPlaceOnEventList)
    vTaskPlaceOnEventListRestricted          0x08005b55   Thumb Code    60  tasks.o(i.vTaskPlaceOnEventListRestricted)
    vTaskPriorityInherit                     0x08005b95   Thumb Code   164  tasks.o(i.vTaskPriorityInherit)
    vTaskSetTimeOutState                     0x08005c45   Thumb Code    38  tasks.o(i.vTaskSetTimeOutState)
    vTaskStartScheduler                      0x08005c75   Thumb Code   118  tasks.o(i.vTaskStartScheduler)
    vTaskSuspendAll                          0x08005d09   Thumb Code    12  tasks.o(i.vTaskSuspendAll)
    vTaskSwitchContext                       0x08005d19   Thumb Code   118  tasks.o(i.vTaskSwitchContext)
    xEventGroupClearBits                     0x08005da5   Thumb Code    92  event_groups.o(i.xEventGroupClearBits)
    xEventGroupCreate                        0x08005e01   Thumb Code    26  event_groups.o(i.xEventGroupCreate)
    xEventGroupSetBits                       0x08005e1b   Thumb Code   206  event_groups.o(i.xEventGroupSetBits)
    xPortStartScheduler                      0x08005ee9   Thumb Code   288  port.o(i.xPortStartScheduler)
    xQueueCreateMutex                        0x08006025   Thumb Code    34  queue.o(i.xQueueCreateMutex)
    xQueueGenericCreate                      0x08006047   Thumb Code    88  queue.o(i.xQueueGenericCreate)
    xQueueGenericReceive                     0x080060a1   Thumb Code   446  queue.o(i.xQueueGenericReceive)
    xQueueGenericReset                       0x08006265   Thumb Code   146  queue.o(i.xQueueGenericReset)
    xQueueGenericSend                        0x080062fd   Thumb Code   420  queue.o(i.xQueueGenericSend)
    xQueueGenericSendFromISR                 0x080064a5   Thumb Code   248  queue.o(i.xQueueGenericSendFromISR)
    xTaskCheckForTimeOut                     0x0800659d   Thumb Code   132  tasks.o(i.xTaskCheckForTimeOut)
    xTaskCreate                              0x08006629   Thumb Code    96  tasks.o(i.xTaskCreate)
    xTaskGetSchedulerState                   0x08006689   Thumb Code    24  tasks.o(i.xTaskGetSchedulerState)
    xTaskGetTickCount                        0x080066a9   Thumb Code     6  tasks.o(i.xTaskGetTickCount)
    xTaskIncrementTick                       0x080066b5   Thumb Code   282  tasks.o(i.xTaskIncrementTick)
    xTaskPriorityDisinherit                  0x080067fd   Thumb Code   188  tasks.o(i.xTaskPriorityDisinherit)
    xTaskRemoveFromEventList                 0x080068c5   Thumb Code   128  tasks.o(i.xTaskRemoveFromEventList)
    xTaskRemoveFromUnorderedEventList        0x0800695d   Thumb Code   154  tasks.o(i.xTaskRemoveFromUnorderedEventList)
    xTaskResumeAll                           0x08006a0d   Thumb Code   224  tasks.o(i.xTaskResumeAll)
    xTimerCreateTimerTask                    0x08006b11   Thumb Code    66  timers.o(i.xTimerCreateTimerTask)
    xTimerGenericCommand                     0x08006b69   Thumb Code   126  timers.o(i.xTimerGenericCommand)
    OLED_F8x16                               0x08006bec   Data        1520  oled_data.o(.constdata)
    OLED_F6x8                                0x080071dc   Data         570  oled_data.o(.constdata)
    OLED_CF16x16                             0x08007416   Data        2450  oled_data.o(.constdata)
    Diode                                    0x08007da8   Data          32  oled_data.o(.constdata)
    __ctype_categories                       0x08007dc8   Data          64  ctype_c.o(.constdata)
    Region$$Table$$Base                      0x08007e08   Number         0  anon$$obj.o(Region$$Table)
    Region$$Table$$Limit                     0x08007e28   Number         0  anon$$obj.o(Region$$Table)
    xESP8266EventGroup                       0x20000000   Data           4  main.o(.data)
    xHardwareMutex                           0x20000004   Data           4  main.o(.data)
    SystemCoreClock                          0x20000020   Data           4  system_stm32f4xx.o(.data)
    AHBPrescTable                            0x20000024   Data          16  system_stm32f4xx.o(.data)
    Dis_up                                   0x20000034   Data           4  hc_sr04.o(.data)
    Dis_down                                 0x20000038   Data           4  hc_sr04.o(.data)
    Dis_flag                                 0x2000003c   Data           1  hc_sr04.o(.data)
    Dis_rise_ok                              0x2000003d   Data           1  hc_sr04.o(.data)
    HC_SR04_start_flag                       0x2000003e   Data           1  hc_sr04.o(.data)
    distance                                 0x20000040   Data           4  hc_sr04.o(.data)
    distance_up                              0x20000044   Data           4  hc_sr04.o(.data)
    distance_down                            0x20000048   Data           4  hc_sr04.o(.data)
    key_area_flag                            0x20000054   Data           1  key_timer.o(.data)
    key_hc05_page_area_flag                  0x20000055   Data           1  key_timer.o(.data)
    key_motor_page_area_flag                 0x20000056   Data           1  key_timer.o(.data)
    key_num                                  0x20000057   Data           1  key_timer.o(.data)
    key_page_flag                            0x20000058   Data           1  key_timer.o(.data)
    motor_flag                               0x20000059   Data           1  motor.o(.data)
    esp8266_transparent_transmission_sta     0x2000005a   Data           1  esp8266.o(.data)
    Delay_flag                               0x2000005b   Data           1  esp8266.o(.data)
    esp8266                                  0x2000005d   Data           5  esp8266.o(.data)
    uart3_count                              0x20000068   Data           2  uart.o(.data)
    uart3_flag                               0x2000006a   Data           1  uart.o(.data)
    uart3_len                                0x2000006c   Data           2  uart.o(.data)
    uart1_count                              0x2000006e   Data           2  uart.o(.data)
    uart1_flag                               0x20000070   Data           1  uart.o(.data)
    uart1_len                                0x20000072   Data           2  uart.o(.data)
    __stdout                                 0x20000074   Data           4  uart.o(.data)
    __stdin                                  0x20000078   Data           4  uart.o(.data)
    pxCurrentTCB                             0x20000090   Data           4  tasks.o(.data)
    OLED_DisplayBuf                          0x20000104   Data        1040  oled.o(.bss)
    data                                     0x20000514   Data          20  uart.o(.bss)
    data_temp                                0x20000528   Data          20  uart.o(.bss)
    uart3_recvbuf                            0x2000053c   Data         128  uart.o(.bss)
    uart1_recvbuf                            0x200005bc   Data         128  uart.o(.bss)
    xQueueRegistry                           0x2000063c   Data          64  queue.o(.bss)
    __initial_sp                             0x200137d0   Data           0  startup_stm32f40_41xxx.o(STACK)



==============================================================================

Memory Map of the image

  Image Entry point : 0x08000189

  Load Region LR_IROM1 (Base: 0x08000000, Size: 0x00007f2c, Max: 0x00080000, ABSOLUTE)

    Execution Region ER_IROM1 (Exec base: 0x08000000, Load base: 0x08000000, Size: 0x00007e28, Max: 0x00080000, ABSOLUTE)

    Exec Addr    Load Addr    Size         Type   Attr      Idx    E Section Name        Object

    0x08000000   0x08000000   0x00000188   Data   RO         6098    RESET               startup_stm32f40_41xxx.o
    0x08000188   0x08000188   0x00000000   Code   RO         7061  * .ARM.Collect$$$$00000000  mc_w.l(entry.o)
    0x08000188   0x08000188   0x00000004   Code   RO         7400    .ARM.Collect$$$$00000001  mc_w.l(entry2.o)
    0x0800018c   0x0800018c   0x00000004   Code   RO         7403    .ARM.Collect$$$$00000004  mc_w.l(entry5.o)
    0x08000190   0x08000190   0x00000000   Code   RO         7405    .ARM.Collect$$$$00000008  mc_w.l(entry7b.o)
    0x08000190   0x08000190   0x00000000   Code   RO         7407    .ARM.Collect$$$$0000000A  mc_w.l(entry8b.o)
    0x08000190   0x08000190   0x00000008   Code   RO         7408    .ARM.Collect$$$$0000000B  mc_w.l(entry9a.o)
    0x08000198   0x08000198   0x00000004   Code   RO         7415    .ARM.Collect$$$$0000000E  mc_w.l(entry12b.o)
    0x0800019c   0x0800019c   0x00000000   Code   RO         7410    .ARM.Collect$$$$0000000F  mc_w.l(entry10a.o)
    0x0800019c   0x0800019c   0x00000000   Code   RO         7412    .ARM.Collect$$$$00000011  mc_w.l(entry11a.o)
    0x0800019c   0x0800019c   0x00000004   Code   RO         7401    .ARM.Collect$$$$00002712  mc_w.l(entry2.o)
    0x080001a0   0x080001a0   0x000000b6   Code   RO         6919    .emb_text           port.o
    0x08000256   0x08000256   0x00000002   PAD
    0x08000258   0x08000258   0x00000024   Code   RO         6099    .text               startup_stm32f40_41xxx.o
    0x0800027c   0x0800027c   0x00000024   Code   RO         7064    .text               mc_w.l(memcpya.o)
    0x080002a0   0x080002a0   0x00000024   Code   RO         7066    .text               mc_w.l(memseta.o)
    0x080002c4   0x080002c4   0x00000024   Code   RO         7068    .text               mc_w.l(strstr.o)
    0x080002e8   0x080002e8   0x0000000e   Code   RO         7070    .text               mc_w.l(strlen.o)
    0x080002f6   0x080002f6   0x0000001c   Code   RO         7072    .text               mc_w.l(strcmp.o)
    0x08000312   0x08000312   0x00000012   Code   RO         7074    .text               mc_w.l(strcpy.o)
    0x08000324   0x08000324   0x00000038   Code   RO         7339    .text               mc_w.l(__0sscanf.o)
    0x0800035c   0x0800035c   0x0000014c   Code   RO         7341    .text               mc_w.l(_scanf_int.o)
    0x080004a8   0x080004a8   0x0000014e   Code   RO         7343    .text               mf_w.l(dadd.o)
    0x080005f6   0x080005f6   0x000000e4   Code   RO         7345    .text               mf_w.l(dmul.o)
    0x080006da   0x080006da   0x000000de   Code   RO         7347    .text               mf_w.l(ddiv.o)
    0x080007b8   0x080007b8   0x00000030   Code   RO         7361    .text               mf_w.l(cdrcmple.o)
    0x080007e8   0x080007e8   0x0000002c   Code   RO         7416    .text               mc_w.l(uidiv.o)
    0x08000814   0x08000814   0x00000062   Code   RO         7418    .text               mc_w.l(uldiv.o)
    0x08000876   0x08000876   0x0000001e   Code   RO         7420    .text               mc_w.l(llshl.o)
    0x08000894   0x08000894   0x00000020   Code   RO         7422    .text               mc_w.l(llushr.o)
    0x080008b4   0x080008b4   0x00000024   Code   RO         7424    .text               mc_w.l(llsshr.o)
    0x080008d8   0x080008d8   0x0000001c   Code   RO         7433    .text               mc_w.l(_chval.o)
    0x080008f4   0x080008f4   0x00000028   Code   RO         7435    .text               mc_w.l(scanf_char.o)
    0x0800091c   0x0800091c   0x00000040   Code   RO         7437    .text               mc_w.l(_sgetc.o)
    0x0800095c   0x0800095c   0x00000000   Code   RO         7439    .text               mc_w.l(iusefp.o)
    0x0800095c   0x0800095c   0x000000ba   Code   RO         7442    .text               mf_w.l(depilogue.o)
    0x08000a16   0x08000a16   0x00000030   Code   RO         7446    .text               mf_w.l(dfixul.o)
    0x08000a46   0x08000a46   0x00000002   PAD
    0x08000a48   0x08000a48   0x00000024   Code   RO         7452    .text               mc_w.l(init.o)
    0x08000a6c   0x08000a6c   0x0000000a   Code   RO         7454    .text               mc_w.l(isspace_c.o)
    0x08000a76   0x08000a76   0x00000002   PAD
    0x08000a78   0x08000a78   0x00000330   Code   RO         7456    .text               mc_w.l(_scanf.o)
    0x08000da8   0x08000da8   0x00000028   Code   RO         7458    .text               mc_w.l(ctype_c.o)
    0x08000dd0   0x08000dd0   0x0000003c   Code   RO          450    i.BUZZER_Init       buzzer.o
    0x08000e0c   0x08000e0c   0x00000004   Code   RO          294    i.BusFault_Handler  stm32f4xx_it.o
    0x08000e10   0x08000e10   0x00000034   Code   RO         3151    i.DMA_ClearFlag     stm32f4xx_dma.o
    0x08000e44   0x08000e44   0x00000016   Code   RO         3153    i.DMA_Cmd           stm32f4xx_dma.o
    0x08000e5a   0x08000e5a   0x00000002   PAD
    0x08000e5c   0x08000e5c   0x00000158   Code   RO         3154    i.DMA_DeInit        stm32f4xx_dma.o
    0x08000fb4   0x08000fb4   0x00000014   Code   RO         3158    i.DMA_GetCmdStatus  stm32f4xx_dma.o
    0x08000fc8   0x08000fc8   0x00000008   Code   RO         3159    i.DMA_GetCurrDataCounter  stm32f4xx_dma.o
    0x08000fd0   0x08000fd0   0x00000044   Code   RO         3162    i.DMA_GetFlagStatus  stm32f4xx_dma.o
    0x08001014   0x08001014   0x00000058   Code   RO         3165    i.DMA_Init          stm32f4xx_dma.o
    0x0800106c   0x0800106c   0x00000004   Code   RO         3168    i.DMA_SetCurrDataCounter  stm32f4xx_dma.o
    0x08001070   0x08001070   0x00000002   Code   RO          295    i.DebugMon_Handler  stm32f4xx_it.o
    0x08001072   0x08001072   0x00000002   PAD
    0x08001074   0x08001074   0x00000040   Code   RO         1222    i.Delay_ms          delay.o
    0x080010b4   0x080010b4   0x00000074   Code   RO         1224    i.Delay_us          delay.o
    0x08001128   0x08001128   0x00000040   Code   RO          770    i.Distance_Filter   hc_sr04.o
    0x08001168   0x08001168   0x00000044   Code   RO         1026    i.ESP8266_CheckStrInRxbuf  esp8266.o
    0x080011ac   0x080011ac   0x000000a0   Code   RO         1027    i.ESP8266_ConnectAp  esp8266.o
    0x0800124c   0x0800124c   0x00000168   Code   RO         1028    i.ESP8266_ConnectMyYunServer  esp8266.o
    0x080013b4   0x080013b4   0x00000078   Code   RO         1029    i.ESP8266_ConnectServer  esp8266.o
    0x0800142c   0x0800142c   0x00000280   Code   RO            3    i.ESP8266_Connect_Task  main.o
    0x080016ac   0x080016ac   0x00000044   Code   RO         1031    i.ESP8266_EnEcho    esp8266.o
    0x080016f0   0x080016f0   0x00000068   Code   RO         1032    i.ESP8266_EnterTransparentTransmission  esp8266.o
    0x08001758   0x08001758   0x00000020   Code   RO         1033    i.ESP8266_ExitTransparentTransmission  esp8266.o
    0x08001778   0x08001778   0x000001bc   Code   RO         1034    i.ESP8266_OnLineInit  esp8266.o
    0x08001934   0x08001934   0x0000016c   Code   RO            4    i.ESP8266_Process_Task  main.o
    0x08001aa0   0x08001aa0   0x00000054   Code   RO         1035    i.ESP8266_Rst       esp8266.o
    0x08001af4   0x08001af4   0x00000070   Code   RO         1036    i.ESP8266_SendATCmd  esp8266.o
    0x08001b64   0x08001b64   0x0000000c   Code   RO         1037    i.ESP8266_SendMsg   esp8266.o
    0x08001b70   0x08001b70   0x00000088   Code   RO            5    i.ESP8266_messagereport_Task  main.o
    0x08001bf8   0x08001bf8   0x00000014   Code   RO         1038    i.Esp8266_Init      esp8266.o
    0x08001c0c   0x08001c0c   0x0000000c   Code   RO         3469    i.FLASH_ClearFlag   stm32f4xx_flash.o
    0x08001c18   0x08001c18   0x00000088   Code   RO         3475    i.FLASH_EraseSector  stm32f4xx_flash.o
    0x08001ca0   0x08001ca0   0x00000054   Code   RO         3477    i.FLASH_GetStatus   stm32f4xx_flash.o
    0x08001cf4   0x08001cf4   0x00000014   Code   RO         3481    i.FLASH_Lock        stm32f4xx_flash.o
    0x08001d08   0x08001d08   0x0000004c   Code   RO         3502    i.FLASH_ProgramByte  stm32f4xx_flash.o
    0x08001d54   0x08001d54   0x0000001a   Code   RO         1179    i.FLASH_ReadData    flash.o
    0x08001d6e   0x08001d6e   0x00000002   PAD
    0x08001d70   0x08001d70   0x00000024   Code   RO         3507    i.FLASH_Unlock      stm32f4xx_flash.o
    0x08001d94   0x08001d94   0x00000022   Code   RO         3508    i.FLASH_WaitForLastOperation  stm32f4xx_flash.o
    0x08001db6   0x08001db6   0x00000002   PAD
    0x08001db8   0x08001db8   0x00000094   Code   RO         1180    i.FLASH_WriteData   flash.o
    0x08001e4c   0x08001e4c   0x00000090   Code   RO         1589    i.GPIO_Init         stm32f4xx_gpio.o
    0x08001edc   0x08001edc   0x00000046   Code   RO         1590    i.GPIO_PinAFConfig  stm32f4xx_gpio.o
    0x08001f22   0x08001f22   0x00000004   Code   RO         1596    i.GPIO_ResetBits    stm32f4xx_gpio.o
    0x08001f26   0x08001f26   0x00000004   Code   RO         1597    i.GPIO_SetBits      stm32f4xx_gpio.o
    0x08001f2a   0x08001f2a   0x00000002   PAD
    0x08001f2c   0x08001f2c   0x000000dc   Code   RO          771    i.HC_SR04_Get_Distance  hc_sr04.o
    0x08002008   0x08002008   0x00000114   Code   RO          773    i.HC_SR04_Init      hc_sr04.o
    0x0800211c   0x0800211c   0x00000110   Code   RO            6    i.HC_SR04_Task      main.o
    0x0800222c   0x0800222c   0x00000004   Code   RO          296    i.HardFault_Handler  stm32f4xx_it.o
    0x08002230   0x08002230   0x00000030   Code   RO            7    i.Hardware_Init     main.o
    0x08002260   0x08002260   0x0000002a   Code   RO         4058    i.I2C_CheckEvent    stm32f4xx_i2c.o
    0x0800228a   0x0800228a   0x00000018   Code   RO         4061    i.I2C_Cmd           stm32f4xx_i2c.o
    0x080022a2   0x080022a2   0x00000018   Code   RO         4062    i.I2C_DMACmd        stm32f4xx_i2c.o
    0x080022ba   0x080022ba   0x00000018   Code   RO         4069    i.I2C_GenerateSTART  stm32f4xx_i2c.o
    0x080022d2   0x080022d2   0x00000018   Code   RO         4070    i.I2C_GenerateSTOP  stm32f4xx_i2c.o
    0x080022ea   0x080022ea   0x0000003a   Code   RO         4071    i.I2C_GetFlagStatus  stm32f4xx_i2c.o
    0x08002324   0x08002324   0x000000e8   Code   RO         4076    i.I2C_Init          stm32f4xx_i2c.o
    0x0800240c   0x0800240c   0x00000010   Code   RO         4083    i.I2C_Send7bitAddress  stm32f4xx_i2c.o
    0x0800241c   0x0800241c   0x00000004   Code   RO         4084    i.I2C_SendData      stm32f4xx_i2c.o
    0x08002420   0x08002420   0x00000048   Code   RO          886    i.Key_Key_Word_Pagemenu  key_timer.o
    0x08002468   0x08002468   0x00000068   Code   RO          887    i.Key_Timer5_Init   key_timer.o
    0x080024d0   0x080024d0   0x00000070   Code   RO          888    i.Key_Timer_page_menuchoose  key_timer.o
    0x08002540   0x08002540   0x00000098   Code   RO          889    i.Key_hc05_page_Pagemenu  key_timer.o
    0x080025d8   0x080025d8   0x00000064   Code   RO          890    i.Key_motor_page_Pagemenu  key_timer.o
    0x0800263c   0x0800263c   0x000000a4   Code   RO         1181    i.Load_Distance_From_Flash  flash.o
    0x080026e0   0x080026e0   0x00000026   Code   RO          405    i.MY_LIB_CmpArray   my_lib.o
    0x08002706   0x08002706   0x00000004   Code   RO          297    i.MemManage_Handler  stm32f4xx_it.o
    0x0800270a   0x0800270a   0x00000002   PAD
    0x0800270c   0x0800270c   0x00000030   Code   RO            8    i.Motor_Task        main.o
    0x0800273c   0x0800273c   0x00000002   Code   RO          298    i.NMI_Handler       stm32f4xx_it.o
    0x0800273e   0x0800273e   0x00000002   PAD
    0x08002740   0x08002740   0x00000078   Code   RO         1544    i.NVIC_Init         misc.o
    0x080027b8   0x080027b8   0x00000014   Code   RO         1545    i.NVIC_PriorityGroupConfig  misc.o
    0x080027cc   0x080027cc   0x00000030   Code   RO          526    i.OLED_Clear        oled.o
    0x080027fc   0x080027fc   0x00000098   Code   RO          527    i.OLED_ClearArea    oled.o
    0x08002894   0x08002894   0x0000009c   Code   RO          536    i.OLED_I2C_Init     oled.o
    0x08002930   0x08002930   0x0000009a   Code   RO          537    i.OLED_Init         oled.o
    0x080029ca   0x080029ca   0x00000014   Code   RO          539    i.OLED_Pow          oled.o
    0x080029de   0x080029de   0x00000002   PAD
    0x080029e0   0x080029e0   0x00000098   Code   RO          542    i.OLED_ReverseArea  oled.o
    0x08002a78   0x08002a78   0x00000022   Code   RO          543    i.OLED_SetCursor    oled.o
    0x08002a9a   0x08002a9a   0x00000002   PAD
    0x08002a9c   0x08002a9c   0x00000054   Code   RO          545    i.OLED_ShowChar     oled.o
    0x08002af0   0x08002af0   0x0000009c   Code   RO          547    i.OLED_ShowChinese  oled.o
    0x08002b8c   0x08002b8c   0x0000010c   Code   RO          550    i.OLED_ShowImage    oled.o
    0x08002c98   0x08002c98   0x0000004c   Code   RO          551    i.OLED_ShowNum      oled.o
    0x08002ce4   0x08002ce4   0x0000002e   Code   RO          553    i.OLED_ShowString   oled.o
    0x08002d12   0x08002d12   0x0000000e   Code   RO            9    i.OLED_Task         main.o
    0x08002d20   0x08002d20   0x0000002c   Code   RO          555    i.OLED_Update       oled.o
    0x08002d4c   0x08002d4c   0x00000088   Code   RO          557    i.OLED_WriteCommand  oled.o
    0x08002dd4   0x08002dd4   0x00000100   Code   RO          558    i.OLED_WriteData    oled.o
    0x08002ed4   0x08002ed4   0x00000020   Code   RO         1686    i.RCC_AHB1PeriphClockCmd  stm32f4xx_rcc.o
    0x08002ef4   0x08002ef4   0x00000020   Code   RO         1695    i.RCC_APB1PeriphClockCmd  stm32f4xx_rcc.o
    0x08002f14   0x08002f14   0x00000020   Code   RO         1698    i.RCC_APB2PeriphClockCmd  stm32f4xx_rcc.o
    0x08002f34   0x08002f34   0x000000e8   Code   RO         1707    i.RCC_GetClocksFreq  stm32f4xx_rcc.o
    0x0800301c   0x0800301c   0x00000070   Code   RO         1182    i.Save_Distance_To_Flash  flash.o
    0x0800308c   0x0800308c   0x000000ec   Code   RO          347    i.SetSysClock       system_stm32f4xx.o
    0x08003178   0x08003178   0x00000034   Code   RO         6920    i.SysTick_Handler   port.o
    0x080031ac   0x080031ac   0x00000068   Code   RO          349    i.SystemInit        system_stm32f4xx.o
    0x08003214   0x08003214   0x0000003a   Code   RO         5474    i.TI1_Config        stm32f4xx_tim.o
    0x0800324e   0x0800324e   0x00000050   Code   RO         5475    i.TI2_Config        stm32f4xx_tim.o
    0x0800329e   0x0800329e   0x00000048   Code   RO         5476    i.TI3_Config        stm32f4xx_tim.o
    0x080032e6   0x080032e6   0x00000050   Code   RO         5477    i.TI4_Config        stm32f4xx_tim.o
    0x08003336   0x08003336   0x00000002   PAD
    0x08003338   0x08003338   0x0000006c   Code   RO          775    i.TIM1_CC_IRQHandler  hc_sr04.o
    0x080033a4   0x080033a4   0x00000020   Code   RO          891    i.TIM5_IRQHandler   key_timer.o
    0x080033c4   0x080033c4   0x0000001e   Code   RO         5482    i.TIM_CCxCmd        stm32f4xx_tim.o
    0x080033e2   0x080033e2   0x00000006   Code   RO         5484    i.TIM_ClearFlag     stm32f4xx_tim.o
    0x080033e8   0x080033e8   0x00000006   Code   RO         5485    i.TIM_ClearITPendingBit  stm32f4xx_tim.o
    0x080033ee   0x080033ee   0x00000018   Code   RO         5490    i.TIM_Cmd           stm32f4xx_tim.o
    0x08003406   0x08003406   0x00000006   Code   RO         5505    i.TIM_GetCapture1   stm32f4xx_tim.o
    0x0800340c   0x0800340c   0x00000006   Code   RO         5506    i.TIM_GetCapture2   stm32f4xx_tim.o
    0x08003412   0x08003412   0x00000022   Code   RO         5511    i.TIM_GetITStatus   stm32f4xx_tim.o
    0x08003434   0x08003434   0x0000006e   Code   RO         5513    i.TIM_ICInit        stm32f4xx_tim.o
    0x080034a2   0x080034a2   0x00000012   Code   RO         5515    i.TIM_ITConfig      stm32f4xx_tim.o
    0x080034b4   0x080034b4   0x00000012   Code   RO         5557    i.TIM_SetIC1Prescaler  stm32f4xx_tim.o
    0x080034c6   0x080034c6   0x0000001a   Code   RO         5558    i.TIM_SetIC2Prescaler  stm32f4xx_tim.o
    0x080034e0   0x080034e0   0x00000012   Code   RO         5559    i.TIM_SetIC3Prescaler  stm32f4xx_tim.o
    0x080034f2   0x080034f2   0x0000001a   Code   RO         5560    i.TIM_SetIC4Prescaler  stm32f4xx_tim.o
    0x0800350c   0x0800350c   0x00000084   Code   RO         5562    i.TIM_TimeBaseInit  stm32f4xx_tim.o
    0x08003590   0x08003590   0x000000c0   Code   RO         1267    i.USART1_DMA_Init   uart.o
    0x08003650   0x08003650   0x0000008c   Code   RO         1268    i.USART1_IRQHandler  uart.o
    0x080036dc   0x080036dc   0x00000090   Code   RO         1270    i.USART2_IRQHandler  uart.o
    0x0800376c   0x0800376c   0x000000c0   Code   RO         1272    i.USART3_DMA_Init   uart.o
    0x0800382c   0x0800382c   0x000000b8   Code   RO         1273    i.USART3_IRQHandler  uart.o
    0x080038e4   0x080038e4   0x0000005c   Code   RO         1274    i.USART3_SendStr    uart.o
    0x08003940   0x08003940   0x0000001e   Code   RO         2021    i.USART_ClearITPendingBit  stm32f4xx_usart.o
    0x0800395e   0x0800395e   0x00000018   Code   RO         2024    i.USART_Cmd         stm32f4xx_usart.o
    0x08003976   0x08003976   0x00000012   Code   RO         2025    i.USART_DMACmd      stm32f4xx_usart.o
    0x08003988   0x08003988   0x0000001a   Code   RO         2027    i.USART_GetFlagStatus  stm32f4xx_usart.o
    0x080039a2   0x080039a2   0x00000054   Code   RO         2028    i.USART_GetITStatus  stm32f4xx_usart.o
    0x080039f6   0x080039f6   0x0000004a   Code   RO         2030    i.USART_ITConfig    stm32f4xx_usart.o
    0x08003a40   0x08003a40   0x000000d4   Code   RO         2031    i.USART_Init        stm32f4xx_usart.o
    0x08003b14   0x08003b14   0x0000000a   Code   RO         2038    i.USART_ReceiveData  stm32f4xx_usart.o
    0x08003b1e   0x08003b1e   0x00000008   Code   RO         2041    i.USART_SendData    stm32f4xx_usart.o
    0x08003b26   0x08003b26   0x00000002   PAD
    0x08003b28   0x08003b28   0x000000b4   Code   RO         1276    i.Uart3_Init        uart.o
    0x08003bdc   0x08003bdc   0x00000014   Code   RO         1277    i.Uart_DataArray_clear  uart.o
    0x08003bf0   0x08003bf0   0x00000018   Code   RO         1278    i.Uart_Data_Cpy     uart.o
    0x08003c08   0x08003c08   0x0000001c   Code   RO         1279    i.Uart_Data_clear   uart.o
    0x08003c24   0x08003c24   0x000000b8   Code   RO         1280    i.Uart_Init         uart.o
    0x08003cdc   0x08003cdc   0x00000004   Code   RO          299    i.UsageFault_Handler  stm32f4xx_it.o
    0x08003ce0   0x08003ce0   0x00000020   Code   RO         7311    i.__0printf         mc_w.l(printfa.o)
    0x08003d00   0x08003d00   0x00000028   Code   RO         7313    i.__0sprintf        mc_w.l(printfa.o)
    0x08003d28   0x08003d28   0x0000000e   Code   RO         7463    i.__scatterload_copy  mc_w.l(handlers.o)
    0x08003d36   0x08003d36   0x00000002   Code   RO         7464    i.__scatterload_null  mc_w.l(handlers.o)
    0x08003d38   0x08003d38   0x0000000e   Code   RO         7465    i.__scatterload_zeroinit  mc_w.l(handlers.o)
    0x08003d46   0x08003d46   0x00000002   PAD
    0x08003d48   0x08003d48   0x00000184   Code   RO         7318    i._fp_digits        mc_w.l(printfa.o)
    0x08003ecc   0x08003ecc   0x000006b4   Code   RO         7319    i._printf_core      mc_w.l(printfa.o)
    0x08004580   0x08004580   0x00000024   Code   RO         7320    i._printf_post_padding  mc_w.l(printfa.o)
    0x080045a4   0x080045a4   0x0000002e   Code   RO         7321    i._printf_pre_padding  mc_w.l(printfa.o)
    0x080045d2   0x080045d2   0x0000000a   Code   RO         7323    i._sputc            mc_w.l(printfa.o)
    0x080045dc   0x080045dc   0x00000064   Code   RO         1039    i.esp8266_DataReport  esp8266.o
    0x08004640   0x08004640   0x00000024   Code   RO         1281    i.fputc             uart.o
    0x08004664   0x08004664   0x000000c8   Code   RO          892    i.hc05_page_menu    key_timer.o
    0x0800472c   0x0800472c   0x00000010   Code   RO          893    i.key_Timer_Callback  key_timer.o
    0x0800473c   0x0800473c   0x0000002c   Code   RO          894    i.key_Timer_Init    key_timer.o
    0x08004768   0x08004768   0x00000038   Code   RO          895    i.key_Timer_Scan    key_timer.o
    0x080047a0   0x080047a0   0x00000050   Code   RO          896    i.key_Timer_Tick    key_timer.o
    0x080047f0   0x080047f0   0x00000408   Code   RO           10    i.main              main.o
    0x08004bf8   0x08004bf8   0x00000028   Code   RO         1000    i.motor_init        motor.o
    0x08004c20   0x08004c20   0x00000074   Code   RO          897    i.motor_page_menu   key_timer.o
    0x08004c94   0x08004c94   0x00000030   Code   RO          898    i.page_switch       key_timer.o
    0x08004cc4   0x08004cc4   0x00000098   Code   RO         6452    i.prvAddCurrentTaskToDelayedList  tasks.o
    0x08004d5c   0x08004d5c   0x000000b8   Code   RO         6453    i.prvAddNewTaskToReadyList  tasks.o
    0x08004e14   0x08004e14   0x00000064   Code   RO         6789    i.prvCheckForValidListAndQueue  timers.o
    0x08004e78   0x08004e78   0x00000064   Code   RO         6454    i.prvCheckTasksWaitingTermination  tasks.o
    0x08004edc   0x08004edc   0x0000002a   Code   RO         6254    i.prvCopyDataFromQueue  queue.o
    0x08004f06   0x08004f06   0x0000007c   Code   RO         6255    i.prvCopyDataToQueue  queue.o
    0x08004f82   0x08004f82   0x00000012   Code   RO         6455    i.prvDeleteTCB      tasks.o
    0x08004f94   0x08004f94   0x00000028   Code   RO         6790    i.prvGetNextExpireTime  timers.o
    0x08004fbc   0x08004fbc   0x0000007c   Code   RO         6996    i.prvHeapInit       heap_4.o
    0x08005038   0x08005038   0x00000028   Code   RO         6456    i.prvIdleTask       tasks.o
    0x08005060   0x08005060   0x0000001c   Code   RO         6256    i.prvInitialiseMutex  queue.o
    0x0800507c   0x0800507c   0x0000002a   Code   RO         6257    i.prvInitialiseNewQueue  queue.o
    0x080050a6   0x080050a6   0x000000b4   Code   RO         6457    i.prvInitialiseNewTask  tasks.o
    0x0800515a   0x0800515a   0x00000002   PAD
    0x0800515c   0x0800515c   0x00000068   Code   RO         6458    i.prvInitialiseTaskLists  tasks.o
    0x080051c4   0x080051c4   0x00000068   Code   RO         6997    i.prvInsertBlockIntoFreeList  heap_4.o
    0x0800522c   0x0800522c   0x00000058   Code   RO         6792    i.prvInsertTimerInActiveList  timers.o
    0x08005284   0x08005284   0x0000001a   Code   RO         6258    i.prvIsQueueEmpty   queue.o
    0x0800529e   0x0800529e   0x0000001e   Code   RO         6259    i.prvIsQueueFull    queue.o
    0x080052bc   0x080052bc   0x00000064   Code   RO         6793    i.prvProcessExpiredTimer  timers.o
    0x08005320   0x08005320   0x000000f8   Code   RO         6794    i.prvProcessReceivedCommands  timers.o
    0x08005418   0x08005418   0x00000074   Code   RO         6795    i.prvProcessTimerOrBlockTask  timers.o
    0x0800548c   0x0800548c   0x00000034   Code   RO         6460    i.prvResetNextTaskUnblockTime  tasks.o
    0x080054c0   0x080054c0   0x0000002c   Code   RO         6796    i.prvSampleTimeNow  timers.o
    0x080054ec   0x080054ec   0x000000a0   Code   RO         6797    i.prvSwitchTimerLists  timers.o
    0x0800558c   0x0800558c   0x00000040   Code   RO         6921    i.prvTaskExitError  port.o
    0x080055cc   0x080055cc   0x0000001a   Code   RO         6798    i.prvTimerTask      timers.o
    0x080055e6   0x080055e6   0x0000007e   Code   RO         6260    i.prvUnlockQueue    queue.o
    0x08005664   0x08005664   0x0000013c   Code   RO         6998    i.pvPortMalloc      heap_4.o
    0x080057a0   0x080057a0   0x00000020   Code   RO         6463    i.pvTaskIncrementMutexHeldCount  tasks.o
    0x080057c0   0x080057c0   0x0000002c   Code   RO         6922    i.pxPortInitialiseStack  port.o
    0x080057ec   0x080057ec   0x00000028   Code   RO         6217    i.uxListRemove      list.o
    0x08005814   0x08005814   0x0000001a   Code   RO         6218    i.vListInitialise   list.o
    0x0800582e   0x0800582e   0x00000006   Code   RO         6219    i.vListInitialiseItem  list.o
    0x08005834   0x08005834   0x00000034   Code   RO         6220    i.vListInsert       list.o
    0x08005868   0x08005868   0x00000018   Code   RO         6221    i.vListInsertEnd    list.o
    0x08005880   0x08005880   0x00000054   Code   RO         6924    i.vPortEnterCritical  port.o
    0x080058d4   0x080058d4   0x0000003c   Code   RO         6925    i.vPortExitCritical  port.o
    0x08005910   0x08005910   0x00000094   Code   RO         6999    i.vPortFree         heap_4.o
    0x080059a4   0x080059a4   0x00000020   Code   RO         6926    i.vPortSetupTimerInterrupt  port.o
    0x080059c4   0x080059c4   0x00000078   Code   RO         6927    i.vPortValidateInterruptPriority  port.o
    0x08005a3c   0x08005a3c   0x0000002c   Code   RO         6266    i.vQueueAddToRegistry  queue.o
    0x08005a68   0x08005a68   0x0000004a   Code   RO         6270    i.vQueueWaitForMessageRestricted  queue.o
    0x08005ab2   0x08005ab2   0x00000002   PAD
    0x08005ab4   0x08005ab4   0x0000005c   Code   RO         6471    i.vTaskDelay        tasks.o
    0x08005b10   0x08005b10   0x0000000c   Code   RO         6476    i.vTaskMissedYield  tasks.o
    0x08005b1c   0x08005b1c   0x00000038   Code   RO         6478    i.vTaskPlaceOnEventList  tasks.o
    0x08005b54   0x08005b54   0x00000040   Code   RO         6479    i.vTaskPlaceOnEventListRestricted  tasks.o
    0x08005b94   0x08005b94   0x000000b0   Code   RO         6481    i.vTaskPriorityInherit  tasks.o
    0x08005c44   0x08005c44   0x00000030   Code   RO         6485    i.vTaskSetTimeOutState  tasks.o
    0x08005c74   0x08005c74   0x00000094   Code   RO         6486    i.vTaskStartScheduler  tasks.o
    0x08005d08   0x08005d08   0x00000010   Code   RO         6488    i.vTaskSuspendAll   tasks.o
    0x08005d18   0x08005d18   0x0000008c   Code   RO         6489    i.vTaskSwitchContext  tasks.o
    0x08005da4   0x08005da4   0x0000005c   Code   RO         6127    i.xEventGroupClearBits  event_groups.o
    0x08005e00   0x08005e00   0x0000001a   Code   RO         6128    i.xEventGroupCreate  event_groups.o
    0x08005e1a   0x08005e1a   0x000000ce   Code   RO         6130    i.xEventGroupSetBits  event_groups.o
    0x08005ee8   0x08005ee8   0x0000013c   Code   RO         6928    i.xPortStartScheduler  port.o
    0x08006024   0x08006024   0x00000022   Code   RO         6272    i.xQueueCreateMutex  queue.o
    0x08006046   0x08006046   0x00000058   Code   RO         6273    i.xQueueGenericCreate  queue.o
    0x0800609e   0x0800609e   0x00000002   PAD
    0x080060a0   0x080060a0   0x000001c4   Code   RO         6274    i.xQueueGenericReceive  queue.o
    0x08006264   0x08006264   0x00000098   Code   RO         6275    i.xQueueGenericReset  queue.o
    0x080062fc   0x080062fc   0x000001a8   Code   RO         6276    i.xQueueGenericSend  queue.o
    0x080064a4   0x080064a4   0x000000f8   Code   RO         6277    i.xQueueGenericSendFromISR  queue.o
    0x0800659c   0x0800659c   0x0000008c   Code   RO         6490    i.xTaskCheckForTimeOut  tasks.o
    0x08006628   0x08006628   0x00000060   Code   RO         6491    i.xTaskCreate       tasks.o
    0x08006688   0x08006688   0x00000020   Code   RO         6495    i.xTaskGetSchedulerState  tasks.o
    0x080066a8   0x080066a8   0x0000000c   Code   RO         6496    i.xTaskGetTickCount  tasks.o
    0x080066b4   0x080066b4   0x00000148   Code   RO         6498    i.xTaskIncrementTick  tasks.o
    0x080067fc   0x080067fc   0x000000c8   Code   RO         6501    i.xTaskPriorityDisinherit  tasks.o
    0x080068c4   0x080068c4   0x00000098   Code   RO         6502    i.xTaskRemoveFromEventList  tasks.o
    0x0800695c   0x0800695c   0x000000b0   Code   RO         6503    i.xTaskRemoveFromUnorderedEventList  tasks.o
    0x08006a0c   0x08006a0c   0x00000104   Code   RO         6504    i.xTaskResumeAll    tasks.o
    0x08006b10   0x08006b10   0x00000058   Code   RO         6802    i.xTimerCreateTimerTask  timers.o
    0x08006b68   0x08006b68   0x00000084   Code   RO         6803    i.xTimerGenericCommand  timers.o
    0x08006bec   0x08006bec   0x000011dc   Data   RO          512    .constdata          oled_data.o
    0x08007dc8   0x08007dc8   0x00000040   Data   RO         7459    .constdata          mc_w.l(ctype_c.o)
    0x08007e08   0x08007e08   0x00000020   Data   RO         7461    Region$$Table       anon$$obj.o


    Execution Region RW_IRAM1 (Exec base: 0x20000000, Load base: 0x08007e28, Size: 0x000137d0, Max: 0x00020000, ABSOLUTE)

    Exec Addr    Load Addr    Size         Type   Attr      Idx    E Section Name        Object

    0x20000000   0x08007e28   0x00000020   Data   RW           11    .data               main.o
    0x20000020   0x08007e48   0x00000014   Data   RW          350    .data               system_stm32f4xx.o
    0x20000034   0x08007e5c   0x0000001d   Data   RW          776    .data               hc_sr04.o
    0x20000051   0x08007e79   0x00000008   Data   RW          899    .data               key_timer.o
    0x20000059   0x08007e81   0x00000001   Data   RW         1001    .data               motor.o
    0x2000005a   0x08007e82   0x00000008   Data   RW         1042    .data               esp8266.o
    0x20000062   0x08007e8a   0x00000004   Data   RW         1226    .data               delay.o
    0x20000066   0x08007e8e   0x00000002   PAD
    0x20000068   0x08007e90   0x00000015   Data   RW         1283    .data               uart.o
    0x2000007d   0x08007ea5   0x00000010   Data   RW         1739    .data               stm32f4xx_rcc.o
    0x2000008d   0x08007eb5   0x00000003   PAD
    0x20000090   0x08007eb8   0x0000003c   Data   RW         6507    .data               tasks.o
    0x200000cc   0x08007ef4   0x00000014   Data   RW         6809    .data               timers.o
    0x200000e0   0x08007f08   0x0000000c   Data   RW         6929    .data               port.o
    0x200000ec   0x08007f14   0x00000018   Data   RW         7004    .data               heap_4.o
    0x20000104        -       0x00000410   Zero   RW          560    .bss                oled.o
    0x20000514        -       0x00000128   Zero   RW         1282    .bss                uart.o
    0x2000063c        -       0x00000040   Zero   RW         6285    .bss                queue.o
    0x2000067c        -       0x0000012c   Zero   RW         6506    .bss                tasks.o
    0x200007a8        -       0x00000028   Zero   RW         6808    .bss                timers.o
    0x200007d0        -       0x00012c00   Zero   RW         7003    .bss                heap_4.o
    0x200133d0        -       0x00000400   Zero   RW         6096    STACK               startup_stm32f40_41xxx.o


==============================================================================

Image component sizes


      Code (inc. data)   RO Data    RW Data    ZI Data      Debug   Object Name

        60          8          0          0          0     229782   buzzer.o
       180         12          0          4          0       1538   delay.o
      1684        792          0          8          0      10800   esp8266.o
       324          0          0          0          0      13480   event_groups.o
       450        212          0          0          0       2931   flash.o
       668         68          0         29          0       3950   hc_sr04.o
       692         62          0         24      76800       4503   heap_4.o
      1132        192          0          8          0       7919   key_timer.o
       148          0          0          0          0       3326   list.o
      2554       1392          0         32          0      96403   main.o
       140         24          0          0          0       1595   misc.o
        40          4          0          1          0        774   motor.o
        38          0          0          0          0        986   my_lib.o
      1782         84          0          0       1040      11303   oled.o
         0          0       4572          0          0       1158   oled_data.o
       954         92          0         12          0      11613   port.o
      1934         22          0          0         64      14989   queue.o
        36          8        392          0       1024        852   startup_stm32f40_41xxx.o
       606         54          0          0          0       6363   stm32f4xx_dma.o
       398         40          0          0          0       4637   stm32f4xx_flash.o
       222          0          0          0          0       2963   stm32f4xx_gpio.o
       448         14          0          0          0       6287   stm32f4xx_i2c.o
        20          0          0          0          0       2817   stm32f4xx_it.o
       328         36          0         16          0       4719   stm32f4xx_rcc.o
       750         28          0          0          0      12236   stm32f4xx_tim.o
       486          8          0          0          0       6918   stm32f4xx_usart.o
       340         32          0         20          0       1817   system_stm32f4xx.o
      3010        390          0         60        300      23749   tasks.o
      1142        118          0         20         40      17563   timers.o
      1416        130          0         21        296     273946   uart.o

    ----------------------------------------------------------------------
     22012       3822       4996        260      79564     781917   Object Totals
         0          0         32          0          0          0   (incl. Generated)
        30          0          0          5          0          0   (incl. Padding)

    ----------------------------------------------------------------------

      Code (inc. data)   RO Data    RW Data    ZI Data      Debug   Library Member Name

        56          8          0          0          0         84   __0sscanf.o
        28          0          0          0          0         68   _chval.o
       816          6          0          0          0        112   _scanf.o
       332          0          0          0          0         96   _scanf_int.o
        64          0          0          0          0         84   _sgetc.o
        40          6         64          0          0         68   ctype_c.o
         0          0          0          0          0          0   entry.o
         0          0          0          0          0          0   entry10a.o
         0          0          0          0          0          0   entry11a.o
         4          0          0          0          0          0   entry12b.o
         8          4          0          0          0          0   entry2.o
         4          0          0          0          0          0   entry5.o
         0          0          0          0          0          0   entry7b.o
         0          0          0          0          0          0   entry8b.o
         8          4          0          0          0          0   entry9a.o
        30          0          0          0          0          0   handlers.o
        36          8          0          0          0         68   init.o
        10          0          0          0          0         68   isspace_c.o
         0          0          0          0          0          0   iusefp.o
        30          0          0          0          0         68   llshl.o
        36          0          0          0          0         68   llsshr.o
        32          0          0          0          0         68   llushr.o
        36          0          0          0          0         68   memcpya.o
        36          0          0          0          0        108   memseta.o
      2268         96          0          0          0        616   printfa.o
        40          8          0          0          0         84   scanf_char.o
        28          0          0          0          0         76   strcmp.o
        18          0          0          0          0         68   strcpy.o
        14          0          0          0          0         68   strlen.o
        36          0          0          0          0         80   strstr.o
        44          0          0          0          0         80   uidiv.o
        98          0          0          0          0         92   uldiv.o
        48          0          0          0          0         68   cdrcmple.o
       334          0          0          0          0        148   dadd.o
       222          0          0          0          0        100   ddiv.o
       186          0          0          0          0        176   depilogue.o
        48          0          0          0          0         68   dfixul.o
       228          0          0          0          0         96   dmul.o

    ----------------------------------------------------------------------
      5224        140         64          0          0       2848   Library Totals
         6          0          0          0          0          0   (incl. Padding)

    ----------------------------------------------------------------------

      Code (inc. data)   RO Data    RW Data    ZI Data      Debug   Library Name

      4152        140         64          0          0       2192   mc_w.l
      1066          0          0          0          0        656   mf_w.l

    ----------------------------------------------------------------------
      5224        140         64          0          0       2848   Library Totals

    ----------------------------------------------------------------------

==============================================================================


      Code (inc. data)   RO Data    RW Data    ZI Data      Debug   

     27236       3962       5060        260      79564     762409   Grand Totals
     27236       3962       5060        260      79564     762409   ELF Image Totals
     27236       3962       5060        260          0          0   ROM Totals

==============================================================================

    Total RO  Size (Code + RO Data)                32296 (  31.54kB)
    Total RW  Size (RW Data + ZI Data)             79824 (  77.95kB)
    Total ROM Size (Code + RO Data + RW Data)      32556 (  31.79kB)

==============================================================================

