Component: ARM Compiler 5.06 update 7 (build 960) Tool: armlink [4d3601]

==============================================================================

Section Cross References

    main.o(i.Hardware_Init) refers to misc.o(i.NVIC_PriorityGroupConfig) for NVIC_PriorityGroupConfig
    main.o(i.Hardware_Init) refers to dht11.o(i.DHT11_Init) for DHT11_Init
    main.o(i.Hardware_Init) refers to key.o(i.Key_Init) for Key_Init
    main.o(i.Hardware_Init) refers to key_timer.o(i.key_Timer_Init) for key_Timer_Init
    main.o(i.Hardware_Init) refers to key_timer.o(i.Key_Timer5_Init) for Key_Timer5_Init
    main.o(i.Hardware_Init) refers to key.o(i.Key_beep_init) for Key_beep_init
    main.o(i.Hardware_Init) refers to oled.o(i.OLED_Init) for OLED_Init
    main.o(i.Hardware_Init) refers to led.o(i.Led_init) for Led_init
    main.o(i.Hardware_Init) refers to uart.o(i.Uart_Init) for Uart_Init
    main.o(i.Hardware_Init) refers to uart.o(i.Uart2_Init) for Uart2_Init
    main.o(i.Hardware_Init) refers to hc_sr04.o(i.HC_SR04_Init) for HC_SR04_Init
    main.o(i.Hardware_Init) refers to hs0038.o(i.HS_0038_Init) for HS_0038_Init
    main.o(i.Hardware_Init) refers to w25q128.o(i.W25q128_Init) for W25q128_Init
    main.o(i.Hardware_Init) refers to at24c02.o(i.IIC_AT24C02_Init) for IIC_AT24C02_Init
    main.o(i.Hardware_Init) refers to rtc.o(i.My_RTC_Init) for My_RTC_Init
    main.o(i.Hardware_Init) refers to esp8266.o(i.Esp8266_Init) for Esp8266_Init
    main.o(i.Hardware_Init) refers to adc.o(i.ADC1_Init) for ADC1_Init
    main.o(i.Hardware_Init) refers to adc.o(i.ADC3_Init) for ADC3_Init
    main.o(i.TIM5_IRQHandler) refers to stm32f4xx_tim.o(i.TIM_GetITStatus) for TIM_GetITStatus
    main.o(i.TIM5_IRQHandler) refers to key_timer.o(i.key_Timer_Tick) for key_Timer_Tick
    main.o(i.TIM5_IRQHandler) refers to dht11.o(i.DHT11_Timer_Tick) for DHT11_Timer_Tick
    main.o(i.TIM5_IRQHandler) refers to esp8266.o(i.esp8266_Timer_Tick) for esp8266_Timer_Tick
    main.o(i.TIM5_IRQHandler) refers to hc_sr04.o(i.HC_SR04_Timer_Tick) for HC_SR04_Timer_Tick
    main.o(i.TIM5_IRQHandler) refers to rtc.o(i.RTC_Tick) for RTC_Tick
    main.o(i.TIM5_IRQHandler) refers to adc.o(i.ADC1_Tick) for ADC1_Tick
    main.o(i.TIM5_IRQHandler) refers to adc.o(i.ADC3_Tick) for ADC3_Tick
    main.o(i.TIM5_IRQHandler) refers to stm32f4xx_tim.o(i.TIM_ClearITPendingBit) for TIM_ClearITPendingBit
    main.o(i.main) refers to main.o(i.Hardware_Init) for Hardware_Init
    main.o(i.main) refers to w25q128.o(i.W25q64_ReadID) for W25q64_ReadID
    main.o(i.main) refers to at24c02.o(i.IIC_AT24C02_SequentialRead) for IIC_AT24C02_SequentialRead
    main.o(i.main) refers to printfa.o(i.__0printf) for __2printf
    main.o(i.main) refers to oled.o(i.OLED_ShowNum) for OLED_ShowNum
    main.o(i.main) refers to oled.o(i.OLED_Update) for OLED_Update
    main.o(i.main) refers to dht11.o(i.DHT11_Data_Get) for DHT11_Data_Get
    main.o(i.main) refers to esp8266.o(i.ESP8266_OnLineInit) for ESP8266_OnLineInit
    main.o(i.main) refers to key_timer.o(i.Key_Timer_page_esp8266) for Key_Timer_page_esp8266
    main.o(i.main) refers to esp8266.o(i.ESP8266_ConnectMyYunServer) for ESP8266_ConnectMyYunServer
    main.o(i.main) refers to esp8266.o(i.esp8266_DataReport) for esp8266_DataReport
    main.o(i.main) refers to hc_sr04.o(i.HC_SR04_Get_Distance) for HC_SR04_Get_Distance
    main.o(i.main) refers to w25q128.o(.data) for DID
    main.o(i.main) refers to key_timer.o(.data) for key
    main.o(i.main) refers to rtc.o(.data) for RTC_DateStruct
    main.o(i.main) refers to dht11.o(.data) for DHT11_start_flag
    main.o(i.main) refers to esp8266.o(.data) for esp8266
    main.o(i.main) refers to hc_sr04.o(.data) for HC_SR04_start_flag
    system_stm32f4xx.o(i.SystemCoreClockUpdate) refers to system_stm32f4xx.o(.data) for SystemCoreClock
    system_stm32f4xx.o(i.SystemInit) refers to system_stm32f4xx.o(i.SetSysClock) for SetSysClock
    oled.o(i.OLED_Clear) refers to oled.o(.bss) for OLED_DisplayBuf
    oled.o(i.OLED_ClearArea) refers to oled.o(.bss) for OLED_DisplayBuf
    oled.o(i.OLED_DrawArc) refers to oled.o(i.OLED_IsInAngle) for OLED_IsInAngle
    oled.o(i.OLED_DrawArc) refers to oled.o(i.OLED_DrawPoint) for OLED_DrawPoint
    oled.o(i.OLED_DrawCircle) refers to oled.o(i.OLED_DrawPoint) for OLED_DrawPoint
    oled.o(i.OLED_DrawEllipse) refers to dflti.o(.text) for __aeabi_i2d
    oled.o(i.OLED_DrawEllipse) refers to dadd.o(.text) for __aeabi_dadd
    oled.o(i.OLED_DrawEllipse) refers to dmul.o(.text) for __aeabi_dmul
    oled.o(i.OLED_DrawEllipse) refers to d2f.o(.text) for __aeabi_d2f
    oled.o(i.OLED_DrawEllipse) refers to oled.o(i.OLED_DrawPoint) for OLED_DrawPoint
    oled.o(i.OLED_DrawEllipse) refers to cdcmple.o(.text) for __aeabi_cdcmple
    oled.o(i.OLED_DrawLine) refers to oled.o(i.OLED_DrawPoint) for OLED_DrawPoint
    oled.o(i.OLED_DrawPoint) refers to oled.o(.bss) for OLED_DisplayBuf
    oled.o(i.OLED_DrawRectangle) refers to oled.o(i.OLED_DrawPoint) for OLED_DrawPoint
[...]
    i.PendSV_Handler                         0x0800283c   Section        0  stm32f4xx_it.o(i.PendSV_Handler)
    i.RCC_AHB1PeriphClockCmd                 0x08002840   Section        0  stm32f4xx_rcc.o(i.RCC_AHB1PeriphClockCmd)
    i.RCC_APB1PeriphClockCmd                 0x08002860   Section        0  stm32f4xx_rcc.o(i.RCC_APB1PeriphClockCmd)
    i.RCC_APB2PeriphClockCmd                 0x08002880   Section        0  stm32f4xx_rcc.o(i.RCC_APB2PeriphClockCmd)
    i.RCC_APB2PeriphResetCmd                 0x080028a0   Section        0  stm32f4xx_rcc.o(i.RCC_APB2PeriphResetCmd)
    i.RCC_GetClocksFreq                      0x080028c0   Section        0  stm32f4xx_rcc.o(i.RCC_GetClocksFreq)
    i.RCC_GetFlagStatus                      0x080029a8   Section        0  stm32f4xx_rcc.o(i.RCC_GetFlagStatus)
    i.RCC_LSEConfig                          0x080029e8   Section        0  stm32f4xx_rcc.o(i.RCC_LSEConfig)
    i.RCC_RTCCLKCmd                          0x08002a14   Section        0  stm32f4xx_rcc.o(i.RCC_RTCCLKCmd)
    i.RCC_RTCCLKConfig                       0x08002a20   Section        0  stm32f4xx_rcc.o(i.RCC_RTCCLKConfig)
    i.RTC_Alarm_IRQHandler                   0x08002a5c   Section        0  rtc.o(i.RTC_Alarm_IRQHandler)
    i.RTC_Bcd2ToByte                         0x08002a7a   Section        0  stm32f4xx_rtc.o(i.RTC_Bcd2ToByte)
    RTC_Bcd2ToByte                           0x08002a7b   Thumb Code    22  stm32f4xx_rtc.o(i.RTC_Bcd2ToByte)
    i.RTC_ByteToBcd2                         0x08002a90   Section        0  stm32f4xx_rtc.o(i.RTC_ByteToBcd2)
    RTC_ByteToBcd2                           0x08002a91   Thumb Code    28  stm32f4xx_rtc.o(i.RTC_ByteToBcd2)
    i.RTC_ClearFlag                          0x08002aac   Section        0  stm32f4xx_rtc.o(i.RTC_ClearFlag)
    i.RTC_EnterInitMode                      0x08002ac8   Section        0  stm32f4xx_rtc.o(i.RTC_EnterInitMode)
    i.RTC_ExitInitMode                       0x08002b18   Section        0  stm32f4xx_rtc.o(i.RTC_ExitInitMode)
    i.RTC_GetDate                            0x08002b2c   Section        0  stm32f4xx_rtc.o(i.RTC_GetDate)
    i.RTC_GetFlagStatus                      0x08002b78   Section        0  stm32f4xx_rtc.o(i.RTC_GetFlagStatus)
    i.RTC_GetTime                            0x08002ba0   Section        0  stm32f4xx_rtc.o(i.RTC_GetTime)
    i.RTC_Init                               0x08002bf0   Section        0  stm32f4xx_rtc.o(i.RTC_Init)
    i.RTC_ReadBackupRegister                 0x08002c54   Section        0  stm32f4xx_rtc.o(i.RTC_ReadBackupRegister)
    i.RTC_SetDate                            0x08002c74   Section        0  stm32f4xx_rtc.o(i.RTC_SetDate)
    i.RTC_SetTime                            0x08002d3c   Section        0  stm32f4xx_rtc.o(i.RTC_SetTime)
    i.RTC_Set_Date                           0x08002e0c   Section        0  rtc.o(i.RTC_Set_Date)
    i.RTC_Set_Time                           0x08002e30   Section        0  rtc.o(i.RTC_Set_Time)
    i.RTC_Tick                               0x08002e54   Section        0  rtc.o(i.RTC_Tick)
    i.RTC_WKUP_IRQHandler                    0x08002e78   Section        0  rtc.o(i.RTC_WKUP_IRQHandler)
    i.RTC_WaitForSynchro                     0x08002e98   Section        0  stm32f4xx_rtc.o(i.RTC_WaitForSynchro)
    i.RTC_WriteBackupRegister                0x08002ef8   Section        0  stm32f4xx_rtc.o(i.RTC_WriteBackupRegister)
    i.SPI_Cmd                                0x08002f14   Section        0  stm32f4xx_spi.o(i.SPI_Cmd)
    i.SPI_I2S_GetFlagStatus                  0x08002f2c   Section        0  stm32f4xx_spi.o(i.SPI_I2S_GetFlagStatus)
    i.SPI_I2S_ReceiveData                    0x08002f3e   Section        0  stm32f4xx_spi.o(i.SPI_I2S_ReceiveData)
    i.SPI_I2S_SendData                       0x08002f44   Section        0  stm32f4xx_spi.o(i.SPI_I2S_SendData)
    i.SPI_Init                               0x08002f48   Section        0  stm32f4xx_spi.o(i.SPI_Init)
    i.SVC_Handler                            0x08002f84   Section        0  stm32f4xx_it.o(i.SVC_Handler)
    i.SYSCFG_EXTILineConfig                  0x08002f88   Section        0  stm32f4xx_syscfg.o(i.SYSCFG_EXTILineConfig)
    i.SetSysClock                            0x08002fc8   Section        0  system_stm32f4xx.o(i.SetSysClock)
    SetSysClock                              0x08002fc9   Thumb Code   220  system_stm32f4xx.o(i.SetSysClock)
    i.SysTick_Handler                        0x080030b4   Section        0  system_it.o(i.SysTick_Handler)
    i.SystemInit                             0x080030dc   Section        0  system_stm32f4xx.o(i.SystemInit)
    i.TI1_Config                             0x08003144   Section        0  stm32f4xx_tim.o(i.TI1_Config)
    TI1_Config                               0x08003145   Thumb Code    58  stm32f4xx_tim.o(i.TI1_Config)
    i.TI2_Config                             0x0800317e   Section        0  stm32f4xx_tim.o(i.TI2_Config)
    TI2_Config                               0x0800317f   Thumb Code    80  stm32f4xx_tim.o(i.TI2_Config)
    i.TI3_Config                             0x080031ce   Section        0  stm32f4xx_tim.o(i.TI3_Config)
    TI3_Config                               0x080031cf   Thumb Code    72  stm32f4xx_tim.o(i.TI3_Config)
    i.TI4_Config                             0x08003216   Section        0  stm32f4xx_tim.o(i.TI4_Config)
    TI4_Config                               0x08003217   Thumb Code    80  stm32f4xx_tim.o(i.TI4_Config)
    i.TIM1_UP_TIM10_IRQHandler               0x08003268   Section        0  timer_it.o(i.TIM1_UP_TIM10_IRQHandler)
    i.TIM2_IRQHandler                        0x08003298   Section        0  timer_it.o(i.TIM2_IRQHandler)
    i.TIM3_IRQHandler                        0x080032c4   Section        0  timer_it.o(i.TIM3_IRQHandler)
    i.TIM5_IRQHandler                        0x080032f4   Section        0  main.o(i.TIM5_IRQHandler)
    i.TIM8_CC_IRQHandler                     0x0800332c   Section        0  hc_sr04.o(i.TIM8_CC_IRQHandler)
    i.TIM8_UP_TIM13_IRQHandler               0x08003380   Section        0  timer_it.o(i.TIM8_UP_TIM13_IRQHandler)
    i.TIM_CCxCmd                             0x080033b0   Section        0  stm32f4xx_tim.o(i.TIM_CCxCmd)
    i.TIM_ClearFlag                          0x080033ce   Section        0  stm32f4xx_tim.o(i.TIM_ClearFlag)
    i.TIM_ClearITPendingBit                  0x080033d4   Section        0  stm32f4xx_tim.o(i.TIM_ClearITPendingBit)
    i.TIM_Cmd                                0x080033da   Section        0  stm32f4xx_tim.o(i.TIM_Cmd)
    i.TIM_GetCapture1                        0x080033f2   Section        0  stm32f4xx_tim.o(i.TIM_GetCapture1)
    i.TIM_GetCapture2                        0x080033f8   Section        0  stm32f4xx_tim.o(i.TIM_GetCapture2)
    i.TIM_GetITStatus                        0x080033fe   Section        0  stm32f4xx_tim.o(i.TIM_GetITStatus)
    i.TIM_ICInit                             0x08003420   Section        0  stm32f4xx_tim.o(i.TIM_ICInit)
    i.TIM_ITConfig                           0x0800348e   Section        0  stm32f4xx_tim.o(i.TIM_ITConfig)
    i.TIM_SelectInputTrigger                 0x080034a0   Section        0  stm32f4xx_tim.o(i.TIM_SelectInputTrigger)
    i.TIM_SelectSlaveMode                    0x080034b2   Section        0  stm32f4xx_tim.o(i.TIM_SelectSlaveMode)
    i.TIM_SetIC1Prescaler                    0x080034c4   Section        0  stm32f4xx_tim.o(i.TIM_SetIC1Prescaler)
    i.TIM_SetIC2Prescaler                    0x080034d6   Section        0  stm32f4xx_tim.o(i.TIM_SetIC2Prescaler)
    i.TIM_SetIC3Prescaler                    0x080034f0   Section        0  stm32f4xx_tim.o(i.TIM_SetIC3Prescaler)
    i.TIM_SetIC4Prescaler                    0x08003502   Section        0  stm32f4xx_tim.o(i.TIM_SetIC4Prescaler)
    i.TIM_TimeBaseInit                       0x0800351c   Section        0  stm32f4xx_tim.o(i.TIM_TimeBaseInit)
    i.USART1_IRQHandler                      0x080035a0   Section        0  uart.o(i.USART1_IRQHandler)
    i.USART1_SendStr                         0x08003618   Section        0  uart.o(i.USART1_SendStr)
    i.USART2_IRQHandler                      0x08003644   Section        0  uart.o(i.USART2_IRQHandler)
    i.USART3_IRQHandler                      0x080036d8   Section        0  uart.o(i.USART3_IRQHandler)
    i.USART3_SendStr                         0x0800375c   Section        0  uart.o(i.USART3_SendStr)
    i.USART_ClearITPendingBit                0x08003788   Section        0  stm32f4xx_usart.o(i.USART_ClearITPendingBit)
    i.USART_Cmd                              0x080037a6   Section        0  stm32f4xx_usart.o(i.USART_Cmd)
    i.USART_GetFlagStatus                    0x080037be   Section        0  stm32f4xx_usart.o(i.USART_GetFlagStatus)
    i.USART_GetITStatus                      0x080037d8   Section        0  stm32f4xx_usart.o(i.USART_GetITStatus)
    i.USART_ITConfig                         0x0800382c   Section        0  stm32f4xx_usart.o(i.USART_ITConfig)
    i.USART_Init                             0x08003878   Section        0  stm32f4xx_usart.o(i.USART_Init)
    i.USART_ReceiveData                      0x0800394c   Section        0  stm32f4xx_usart.o(i.USART_ReceiveData)
    i.USART_SendData                         0x08003956   Section        0  stm32f4xx_usart.o(i.USART_SendData)
    i.Uart2_Init                             0x08003960   Section        0  uart.o(i.Uart2_Init)
    i.Uart3_Init                             0x08003a10   Section        0  uart.o(i.Uart3_Init)
    i.Uart_DataArray_clear                   0x08003acc   Section        0  uart.o(i.Uart_DataArray_clear)
    i.Uart_Data_Cmp                          0x08003ae0   Section        0  uart.o(i.Uart_Data_Cmp)
    i.Uart_Data_Cpy                          0x08003b18   Section        0  uart.o(i.Uart_Data_Cpy)
    i.Uart_Data_clear                        0x08003b30   Section        0  uart.o(i.Uart_Data_clear)
    i.Uart_Init                              0x08003b4c   Section        0  uart.o(i.Uart_Init)
    i.UsageFault_Handler                     0x08003bfc   Section        0  stm32f4xx_it.o(i.UsageFault_Handler)
    i.W25q128_Init                           0x08003c00   Section        0  w25q128.o(i.W25q128_Init)
    i.W25q64_ReadID                          0x08003cd0   Section        0  w25q128.o(i.W25q64_ReadID)
    i.__0printf                              0x08003d10   Section        0  printfa.o(i.__0printf)
    i.__0sprintf                             0x08003d30   Section        0  printfa.o(i.__0sprintf)
    i.__scatterload_copy                     0x08003d58   Section       14  handlers.o(i.__scatterload_copy)
    i.__scatterload_null                     0x08003d66   Section        2  handlers.o(i.__scatterload_null)
    i.__scatterload_zeroinit                 0x08003d68   Section       14  handlers.o(i.__scatterload_zeroinit)
    i._fp_digits                             0x08003d78   Section        0  printfa.o(i._fp_digits)
    _fp_digits                               0x08003d79   Thumb Code   366  printfa.o(i._fp_digits)
    i._printf_core                           0x08003efc   Section        0  printfa.o(i._printf_core)
    _printf_core                             0x08003efd   Thumb Code  1704  printfa.o(i._printf_core)
    i._printf_post_padding                   0x080045b0   Section        0  printfa.o(i._printf_post_padding)
    _printf_post_padding                     0x080045b1   Thumb Code    36  printfa.o(i._printf_post_padding)
    i._printf_pre_padding                    0x080045d4   Section        0  printfa.o(i._printf_pre_padding)
    _printf_pre_padding                      0x080045d5   Thumb Code    46  printfa.o(i._printf_pre_padding)
    i._sputc                                 0x08004602   Section        0  printfa.o(i._sputc)
    _sputc                                   0x08004603   Thumb Code    10  printfa.o(i._sputc)
    i.esp8266_DataReport                     0x0800460c   Section        0  esp8266.o(i.esp8266_DataReport)
    i.esp8266_Timer_Tick                     0x08004650   Section        0  esp8266.o(i.esp8266_Timer_Tick)
    i.fputc                                  0x08004678   Section        0  uart.o(i.fputc)
    i.get_rtc                                0x0800469c   Section        0  rtc.o(i.get_rtc)
    i.key_Timer_Callback                     0x080046b8   Section        0  key_timer.o(i.key_Timer_Callback)
    i.key_Timer_Init                         0x080046c8   Section        0  key_timer.o(i.key_Timer_Init)
    i.key_Timer_Scan                         0x08004708   Section        0  key_timer.o(i.key_Timer_Scan)
    i.key_Timer_Tick                         0x08004740   Section        0  key_timer.o(i.key_Timer_Tick)
    i.main                                   0x08004790   Section        0  main.o(i.main)
    i.myspi_stop                             0x08004908   Section        0  w25q128.o(i.myspi_stop)
    .constdata                               0x08004912   Section     4082  oled_data.o(.constdata)
    .data                                    0x20000000   Section        2  system_it.o(.data)
    .data                                    0x20000004   Section       51  uart.o(.data)
    count                                    0x20000036   Data           1  uart.o(.data)
    .data                                    0x20000038   Section       11  hc_sr04.o(.data)
    cnt                                      0x20000042   Data           1  hc_sr04.o(.data)
    .data                                    0x20000043   Section       16  key_timer.o(.data)
    cnt                                      0x20000043   Data           1  key_timer.o(.data)
    prestate                                 0x20000044   Data           1  key_timer.o(.data)
    curstate                                 0x20000045   Data           1  key_timer.o(.data)
    .data                                    0x20000053   Section        2  key.o(.data)
    .data                                    0x20000056   Section        8  dht11.o(.data)
    cnt                                      0x2000005c   Data           2  dht11.o(.data)
    .data                                    0x2000005e   Section        5  hs0038.o(.data)
    .data                                    0x20000063   Section        8  esp8266.o(.data)
    cnt                                      0x20000065   Data           1  esp8266.o(.data)
    .data                                    0x2000006c   Section       20  w25q128.o(.data)
    .data                                    0x20000080   Section        9  rtc.o(.data)
    count                                    0x20000080   Data           1  rtc.o(.data)
    .data                                    0x20000089   Section        2  adc.o(.data)
    ADC1_count                               0x20000089   Data           1  adc.o(.data)
    ADC3_count                               0x2000008a   Data           1  adc.o(.data)
    .data                                    0x2000008b   Section       16  stm32f4xx_rcc.o(.data)
    APBAHBPrescTable                         0x2000008b   Data          16  stm32f4xx_rcc.o(.data)
    .bss                                     0x2000009c   Section     1040  oled.o(.bss)
    .bss                                     0x200004ac   Section      296  uart.o(.bss)
    .bss                                     0x200005d4   Section       20  adc.o(.bss)
    STACK                                    0x200005e8   Section     1024  startup_stm32f40_41xxx.o(STACK)

    Global Symbols

    Symbol Name                              Value     Ov Type        Size  Object(Section)

    BuildAttributes$$THM_ISAv4$E$P$D$K$B$S$7EM$VFPi3$EXTD16$VFPS$VFMA$PE$A:L22UL41UL21$X:L11$S22US41US21$IEEE1$IW$USESV6$~STKCKD$USESV7$~SHL$OTIME$ROPI$IEEEX$EBA8$MICROLIB$REQ8$PRES8$EABIv2 0x00000000   Number         0  anon$$obj.o ABSOLUTE
    __ARM_use_no_argv                        0x00000000   Number         0  main.o ABSOLUTE
    __use_no_errno                           0x00000000   Number         0  useno.o ABSOLUTE
    __use_no_exception_handling              0x00000000   Number         0  useno.o ABSOLUTE
    __use_no_fp                              0x00000000   Number         0  useno.o ABSOLUTE
    __use_no_heap                            0x00000000   Number         0  useno.o ABSOLUTE
    __use_no_heap_region                     0x00000000   Number         0  useno.o ABSOLUTE
    __use_no_semihosting                     0x00000000   Number         0  useno.o ABSOLUTE
    __use_no_semihosting_swi                 0x00000000   Number         0  useno.o ABSOLUTE
    __use_no_signal_handling                 0x00000000   Number         0  useno.o ABSOLUTE
    _printf_a                                0x00000000   Number         0  stubs.o ABSOLUTE
    _printf_c                                0x00000000   Number         0  stubs.o ABSOLUTE
    _printf_charcount                        0x00000000   Number         0  stubs.o ABSOLUTE
    _printf_d                                0x00000000   Number         0  stubs.o ABSOLUTE
    _printf_e                                0x00000000   Number         0  stubs.o ABSOLUTE
    _printf_f                                0x00000000   Number         0  stubs.o ABSOLUTE
    _printf_flags                            0x00000000   Number         0  stubs.o ABSOLUTE
    _printf_fp_dec                           0x00000000   Number         0  stubs.o ABSOLUTE
    _printf_fp_hex                           0x00000000   Number         0  stubs.o ABSOLUTE
    _printf_g                                0x00000000   Number         0  stubs.o ABSOLUTE
    _printf_i                                0x00000000   Number         0  stubs.o ABSOLUTE
    _printf_int_dec                          0x00000000   Number         0  stubs.o ABSOLUTE
    _printf_l                                0x00000000   Number         0  stubs.o ABSOLUTE
    _printf_lc                               0x00000000   Number         0  stubs.o ABSOLUTE
    _printf_ll                               0x00000000   Number         0  stubs.o ABSOLUTE
    _printf_lld                              0x00000000   Number         0  stubs.o ABSOLUTE
    _printf_lli                              0x00000000   Number         0  stubs.o ABSOLUTE
    _printf_llo                              0x00000000   Number         0  stubs.o ABSOLUTE
    _printf_llu                              0x00000000   Number         0  stubs.o ABSOLUTE
    _printf_llx                              0x00000000   Number         0  stubs.o ABSOLUTE
    _printf_longlong_dec                     0x00000000   Number         0  stubs.o ABSOLUTE
    _printf_longlong_hex                     0x00000000   Number         0  stubs.o ABSOLUTE
    _printf_longlong_oct                     0x00000000   Number         0  stubs.o ABSOLUTE
    _printf_ls                               0x00000000   Number         0  stubs.o ABSOLUTE
    _printf_mbtowc                           0x00000000   Number         0  stubs.o ABSOLUTE
    _printf_n                                0x00000000   Number         0  stubs.o ABSOLUTE
    _printf_o                                0x00000000   Number         0  stubs.o ABSOLUTE
    _printf_p                                0x00000000   Number         0  stubs.o ABSOLUTE
    _printf_percent                          0x00000000   Number         0  stubs.o ABSOLUTE
    _printf_pre_padding                      0x00000000   Number         0  stubs.o ABSOLUTE
    _printf_return_value                     0x00000000   Number         0  stubs.o ABSOLUTE
    _printf_s                                0x00000000   Number         0  stubs.o ABSOLUTE
    _printf_sizespec                         0x00000000   Number         0  stubs.o ABSOLUTE
    _printf_str                              0x00000000   Number         0  stubs.o ABSOLUTE
    _printf_truncate_signed                  0x00000000   Number         0  stubs.o ABSOLUTE
    _printf_truncate_unsigned                0x00000000   Number         0  stubs.o ABSOLUTE
    _printf_u                                0x00000000   Number         0  stubs.o ABSOLUTE
    _printf_wc                               0x00000000   Number         0  stubs.o ABSOLUTE
    _printf_wctomb                           0x00000000   Number         0  stubs.o ABSOLUTE
    _printf_widthprec                        0x00000000   Number         0  stubs.o ABSOLUTE
    _printf_x                                0x00000000   Number         0  stubs.o ABSOLUTE
    __arm_fini_                               - Undefined Weak Reference
    __cpp_initialize__aeabi_                  - Undefined Weak Reference
    __cxa_finalize                            - Undefined Weak Reference
    __decompress                              - Undefined Weak Reference
    _clock_init                               - Undefined Weak Reference
    _microlib_exit                            - Undefined Weak Reference
    __Vectors_Size                           0x00000188   Number         0  startup_stm32f40_41xxx.o ABSOLUTE
    __Vectors                                0x08000000   Data           4  startup_stm32f40_41xxx.o(RESET)
    __Vectors_End                            0x08000188   Data           0  startup_stm32f40_41xxx.o(RESET)
    __main                                   0x08000189   Thumb Code     0  entry.o(.ARM.Collect$$$$00000000)
    _main_stk                                0x08000189   Thumb Code     0  entry2.o(.ARM.Collect$$$$00000001)
    _main_scatterload                        0x0800018d   Thumb Code     0  entry5.o(.ARM.Collect$$$$00000004)
    __main_after_scatterload                 0x08000191   Thumb Code     0  entry5.o(.ARM.Collect$$$$00000004)
    _main_clock                              0x08000191   Thumb Code     0  entry7b.o(.ARM.Collect$$$$00000008)
    _main_cpp_init                           0x08000191   Thumb Code     0  entry8b.o(.ARM.Collect$$$$0000000A)
    _main_init                               0x08000191   Thumb Code     0  entry9a.o(.ARM.Collect$$$$0000000B)
    __rt_lib_shutdown_fini                   0x08000199   Thumb Code     0  entry12b.o(.ARM.Collect$$$$0000000E)
    __rt_final_cpp                           0x0800019d   Thumb Code     0  entry10a.o(.ARM.Collect$$$$0000000F)
    __rt_final_exit                          0x0800019d   Thumb Code     0  entry11a.o(.ARM.Collect$$$$00000011)
    Reset_Handler                            0x080001a1   Thumb Code     8  startup_stm32f40_41xxx.o(.text)
    ADC_IRQHandler                           0x080001bb   Thumb Code     0  startup_stm32f40_41xxx.o(.text)
    CAN1_RX0_IRQHandler                      0x080001bb   Thumb Code     0  startup_stm32f40_41xxx.o(.text)
    CAN1_RX1_IRQHandler                      0x080001bb   Thumb Code     0  startup_stm32f40_41xxx.o(.text)
    CAN1_SCE_IRQHandler                      0x080001bb   Thumb Code     0  startup_stm32f40_41xxx.o(.text)
    CAN1_TX_IRQHandler                       0x080001bb   Thumb Code     0  startup_stm32f40_41xxx.o(.text)
    CAN2_RX0_IRQHandler                      0x080001bb   Thumb Code     0  startup_stm32f40_41xxx.o(.text)
    CAN2_RX1_IRQHandler                      0x080001bb   Thumb Code     0  startup_stm32f40_41xxx.o(.text)
    CAN2_SCE_IRQHandler                      0x080001bb   Thumb Code     0  startup_stm32f40_41xxx.o(.text)
    CAN2_TX_IRQHandler                       0x080001bb   Thumb Code     0  startup_stm32f40_41xxx.o(.text)
    CRYP_IRQHandler                          0x080001bb   Thumb Code     0  startup_stm32f40_41xxx.o(.text)
    DCMI_IRQHandler                          0x080001bb   Thumb Code     0  startup_stm32f40_41xxx.o(.text)
    DMA1_Stream0_IRQHandler                  0x080001bb   Thumb Code     0  startup_stm32f40_41xxx.o(.text)
    DMA1_Stream1_IRQHandler                  0x080001bb   Thumb Code     0  startup_stm32f40_41xxx.o(.text)
    DMA1_Stream2_IRQHandler                  0x080001bb   Thumb Code     0  startup_stm32f40_41xxx.o(.text)
    DMA1_Stream3_IRQHandler                  0x080001bb   Thumb Code     0  startup_stm32f40_41xxx.o(.text)
    DMA1_Stream4_IRQHandler                  0x080001bb   Thumb Code     0  startup_stm32f40_41xxx.o(.text)
    DMA1_Stream5_IRQHandler                  0x080001bb   Thumb Code     0  startup_stm32f40_41xxx.o(.text)
    DMA1_Stream6_IRQHandler                  0x080001bb   Thumb Code     0  startup_stm32f40_41xxx.o(.text)
    DMA1_Stream7_IRQHandler                  0x080001bb   Thumb Code     0  startup_stm32f40_41xxx.o(.text)
    DMA2_Stream0_IRQHandler                  0x080001bb   Thumb Code     0  startup_stm32f40_41xxx.o(.text)
    DMA2_Stream1_IRQHandler                  0x080001bb   Thumb Code     0  startup_stm32f40_41xxx.o(.text)
    DMA2_Stream2_IRQHandler                  0x080001bb   Thumb Code     0  startup_stm32f40_41xxx.o(.text)
    DMA2_Stream3_IRQHandler                  0x080001bb   Thumb Code     0  startup_stm32f40_41xxx.o(.text)
    DMA2_Stream4_IRQHandler                  0x080001bb   Thumb Code     0  startup_stm32f40_41xxx.o(.text)
    DMA2_Stream5_IRQHandler                  0x080001bb   Thumb Code     0  startup_stm32f40_41xxx.o(.text)
    DMA2_Stream6_IRQHandler                  0x080001bb   Thumb Code     0  startup_stm32f40_41xxx.o(.text)
    DMA2_Stream7_IRQHandler                  0x080001bb   Thumb Code     0  startup_stm32f40_41xxx.o(.text)
    ETH_IRQHandler                           0x080001bb   Thumb Code     0  startup_stm32f40_41xxx.o(.text)
    ETH_WKUP_IRQHandler                      0x080001bb   Thumb Code     0  startup_stm32f40_41xxx.o(.text)
    EXTI15_10_IRQHandler                     0x080001bb   Thumb Code     0  startup_stm32f40_41xxx.o(.text)
    EXTI1_IRQHandler                         0x080001bb   Thumb Code     0  startup_stm32f40_41xxx.o(.text)
    FLASH_IRQHandler                         0x080001bb   Thumb Code     0  startup_stm32f40_41xxx.o(.text)
    FPU_IRQHandler                           0x080001bb   Thumb Code     0  startup_stm32f40_41xxx.o(.text)
    FSMC_IRQHandler                          0x080001bb   Thumb Code     0  startup_stm32f40_41xxx.o(.text)
    HASH_RNG_IRQHandler                      0x080001bb   Thumb Code     0  startup_stm32f40_41xxx.o(.text)
    I2C1_ER_IRQHandler                       0x080001bb   Thumb Code     0  startup_stm32f40_41xxx.o(.text)
    I2C1_EV_IRQHandler                       0x080001bb   Thumb Code     0  startup_stm32f40_41xxx.o(.text)
    I2C2_ER_IRQHandler                       0x080001bb   Thumb Code     0  startup_stm32f40_41xxx.o(.text)
    I2C2_EV_IRQHandler                       0x080001bb   Thumb Code     0  startup_stm32f40_41xxx.o(.text)
    I2C3_ER_IRQHandler                       0x080001bb   Thumb Code     0  startup_stm32f40_41xxx.o(.text)
    I2C3_EV_IRQHandler                       0x080001bb   Thumb Code     0  startup_stm32f40_41xxx.o(.text)
    OTG_FS_IRQHandler                        0x080001bb   Thumb Code     0  startup_stm32f40_41xxx.o(.text)
    OTG_FS_WKUP_IRQHandler                   0x080001bb   Thumb Code     0  startup_stm32f40_41xxx.o(.text)
    OTG_HS_EP1_IN_IRQHandler                 0x080001bb   Thumb Code     0  startup_stm32f40_41xxx.o(.text)
    OTG_HS_EP1_OUT_IRQHandler                0x080001bb   Thumb Code     0  startup_stm32f40_41xxx.o(.text)
    OTG_HS_IRQHandler                        0x080001bb   Thumb Code     0  startup_stm32f40_41xxx.o(.text)
    OTG_HS_WKUP_IRQHandler                   0x080001bb   Thumb Code     0  startup_stm32f40_41xxx.o(.text)
    PVD_IRQHandler                           0x080001bb   Thumb Code     0  startup_stm32f40_41xxx.o(.text)
    RCC_IRQHandler                           0x080001bb   Thumb Code     0  startup_stm32f40_41xxx.o(.text)
    SDIO_IRQHandler                          0x080001bb   Thumb Code     0  startup_stm32f40_41xxx.o(.text)
    SPI1_IRQHandler                          0x080001bb   Thumb Code     0  startup_stm32f40_41xxx.o(.text)
    SPI2_IRQHandler                          0x080001bb   Thumb Code     0  startup_stm32f40_41xxx.o(.text)
    SPI3_IRQHandler                          0x080001bb   Thumb Code     0  startup_stm32f40_41xxx.o(.text)
    TAMP_STAMP_IRQHandler                    0x080001bb   Thumb Code     0  startup_stm32f40_41xxx.o(.text)
    TIM1_BRK_TIM9_IRQHandler                 0x080001bb   Thumb Code     0  startup_stm32f40_41xxx.o(.text)
    TIM1_CC_IRQHandler                       0x080001bb   Thumb Code     0  startup_stm32f40_41xxx.o(.text)
    TIM1_TRG_COM_TIM11_IRQHandler            0x080001bb   Thumb Code     0  startup_stm32f40_41xxx.o(.text)
    TIM4_IRQHandler                          0x080001bb   Thumb Code     0  startup_stm32f40_41xxx.o(.text)
    TIM6_DAC_IRQHandler                      0x080001bb   Thumb Code     0  startup_stm32f40_41xxx.o(.text)
    TIM7_IRQHandler                          0x080001bb   Thumb Code     0  startup_stm32f40_41xxx.o(.text)
    TIM8_BRK_TIM12_IRQHandler                0x080001bb   Thumb Code     0  startup_stm32f40_41xxx.o(.text)
    TIM8_TRG_COM_TIM14_IRQHandler            0x080001bb   Thumb Code     0  startup_stm32f40_41xxx.o(.text)
    UART4_IRQHandler                         0x080001bb   Thumb Code     0  startup_stm32f40_41xxx.o(.text)
    UART5_IRQHandler                         0x080001bb   Thumb Code     0  startup_stm32f40_41xxx.o(.text)
    USART6_IRQHandler                        0x080001bb   Thumb Code     0  startup_stm32f40_41xxx.o(.text)
    WWDG_IRQHandler                          0x080001bb   Thumb Code     0  startup_stm32f40_41xxx.o(.text)
    __aeabi_memset                           0x080001c5   Thumb Code    14  memseta.o(.text)
    __aeabi_memset4                          0x080001c5   Thumb Code     0  memseta.o(.text)
    __aeabi_memset8                          0x080001c5   Thumb Code     0  memseta.o(.text)
    __aeabi_memclr                           0x080001d3   Thumb Code     4  memseta.o(.text)
    __aeabi_memclr4                          0x080001d3   Thumb Code     0  memseta.o(.text)
    __aeabi_memclr8                          0x080001d3   Thumb Code     0  memseta.o(.text)
    _memset$wrapper                          0x080001d7   Thumb Code    18  memseta.o(.text)
    strstr                                   0x080001e9   Thumb Code    36  strstr.o(.text)
    strcmp                                   0x0800020d   Thumb Code    28  strcmp.o(.text)
    memcmp                                   0x08000229   Thumb Code    26  memcmp.o(.text)
    __aeabi_dadd                             0x08000243   Thumb Code   322  dadd.o(.text)
    __aeabi_dsub                             0x08000385   Thumb Code     6  dadd.o(.text)
    __aeabi_drsub                            0x0800038b   Thumb Code     6  dadd.o(.text)
    __aeabi_dmul                             0x08000391   Thumb Code   228  dmul.o(.text)
    __aeabi_ddiv                             0x08000475   Thumb Code   222  ddiv.o(.text)
    __aeabi_cdrcmple                         0x08000555   Thumb Code    48  cdrcmple.o(.text)
    __aeabi_uidiv                            0x08000585   Thumb Code     0  uidiv.o(.text)
    __aeabi_uidivmod                         0x08000585   Thumb Code    44  uidiv.o(.text)
    __aeabi_uldivmod                         0x080005b1   Thumb Code    98  uldiv.o(.text)
    __aeabi_llsl                             0x08000613   Thumb Code    30  llshl.o(.text)
    _ll_shift_l                              0x08000613   Thumb Code     0  llshl.o(.text)
    __aeabi_llsr                             0x08000631   Thumb Code    32  llushr.o(.text)
    _ll_ushift_r                             0x08000631   Thumb Code     0  llushr.o(.text)
    __aeabi_lasr                             0x08000651   Thumb Code    36  llsshr.o(.text)
    _ll_sshift_r                             0x08000651   Thumb Code     0  llsshr.o(.text)
    __I$use$fp                               0x08000675   Thumb Code     0  iusefp.o(.text)
    _double_round                            0x08000675   Thumb Code    30  depilogue.o(.text)
    _double_epilogue                         0x08000693   Thumb Code   156  depilogue.o(.text)
    __aeabi_d2ulz                            0x0800072f   Thumb Code    48  dfixul.o(.text)
    __scatterload                            0x08000761   Thumb Code    28  init.o(.text)
    __scatterload_rt2                        0x08000761   Thumb Code     0  init.o(.text)
    ADC1_Convert                             0x08000785   Thumb Code    44  adc.o(i.ADC1_Convert)
    ADC1_Init                                0x080007b5   Thumb Code   130  adc.o(i.ADC1_Init)
    ADC1_Tick                                0x08000841   Thumb Code    36  adc.o(i.ADC1_Tick)
    ADC3_Convert                             0x0800086d   Thumb Code    44  adc.o(i.ADC3_Convert)
    ADC3_Init                                0x0800089d   Thumb Code   128  adc.o(i.ADC3_Init)
    ADC3_Tick                                0x08000925   Thumb Code    36  adc.o(i.ADC3_Tick)
    ADC_ClearFlag                            0x08000951   Thumb Code     6  stm32f4xx_adc.o(i.ADC_ClearFlag)
    ADC_Cmd                                  0x08000957   Thumb Code    22  stm32f4xx_adc.o(i.ADC_Cmd)
    ADC_CommonInit                           0x0800096d   Thumb Code    34  stm32f4xx_adc.o(i.ADC_CommonInit)
    ADC_DeInit                               0x0800099d   Thumb Code    22  stm32f4xx_adc.o(i.ADC_DeInit)
    ADC_GetConversionValue                   0x080009b3   Thumb Code     8  stm32f4xx_adc.o(i.ADC_GetConversionValue)
    ADC_GetFlagStatus                        0x080009bb   Thumb Code    18  stm32f4xx_adc.o(i.ADC_GetFlagStatus)
    ADC_Init                                 0x080009cd   Thumb Code    74  stm32f4xx_adc.o(i.ADC_Init)
    ADC_RegularChannelConfig                 0x08000a21   Thumb Code   184  stm32f4xx_adc.o(i.ADC_RegularChannelConfig)
    ADC_SoftwareStartConv                    0x08000ad9   Thumb Code    10  stm32f4xx_adc.o(i.ADC_SoftwareStartConv)
    BusFault_Handler                         0x08000ae3   Thumb Code     4  stm32f4xx_it.o(i.BusFault_Handler)
    DHT11_Data_Assamble                      0x08000ae7   Thumb Code    32  dht11.o(i.DHT11_Data_Assamble)
    DHT11_Data_Get                           0x08000b09   Thumb Code    82  dht11.o(i.DHT11_Data_Get)
    DHT11_Init                               0x08000b61   Thumb Code    54  dht11.o(i.DHT11_Init)
    DHT11_Mode_Switch                        0x08000ba1   Thumb Code    58  dht11.o(i.DHT11_Mode_Switch)
    DHT11_ReadData                           0x08000be1   Thumb Code    66  dht11.o(i.DHT11_ReadData)
    DHT11_Start                              0x08000c29   Thumb Code   142  dht11.o(i.DHT11_Start)
    DHT11_Timer_Tick                         0x08000cc1   Thumb Code    34  dht11.o(i.DHT11_Timer_Tick)
    DebugMon_Handler                         0x08000ced   Thumb Code     2  stm32f4xx_it.o(i.DebugMon_Handler)
    Delay_ms                                 0x08000cef   Thumb Code    24  delay.o(i.Delay_ms)
    Delay_us                                 0x08000d07   Thumb Code    44  delay.o(i.Delay_us)
    ESP8266_CheckStrInRxbuf                  0x08000d35   Thumb Code    52  esp8266.o(i.ESP8266_CheckStrInRxbuf)
    ESP8266_ConnectAp                        0x08000d6d   Thumb Code    96  esp8266.o(i.ESP8266_ConnectAp)
    ESP8266_ConnectMyYunServer               0x08000e05   Thumb Code   124  esp8266.o(i.ESP8266_ConnectMyYunServer)
    ESP8266_ConnectServer                    0x08000f69   Thumb Code   134  esp8266.o(i.ESP8266_ConnectServer)
    ESP8266_EnEcho                           0x0800101d   Thumb Code    46  esp8266.o(i.ESP8266_EnEcho)
    ESP8266_EnterTransparentTransmission     0x08001061   Thumb Code    64  esp8266.o(i.ESP8266_EnterTransparentTransmission)
    ESP8266_ExitTransparentTransmission      0x080010c9   Thumb Code    16  esp8266.o(i.ESP8266_ExitTransparentTransmission)
    ESP8266_OnLineInit                       0x080010e1   Thumb Code   158  esp8266.o(i.ESP8266_OnLineInit)
    ESP8266_Rst                              0x0800129d   Thumb Code    32  esp8266.o(i.ESP8266_Rst)
    ESP8266_SendATCmd                        0x080012cd   Thumb Code    34  esp8266.o(i.ESP8266_SendATCmd)
    ESP8266_SendMsg                          0x08001301   Thumb Code    34  esp8266.o(i.ESP8266_SendMsg)
    EXTI0_IRQHandler                         0x08001335   Thumb Code    22  key.o(i.EXTI0_IRQHandler)
    EXTI2_IRQHandler                         0x08001351   Thumb Code    20  key.o(i.EXTI2_IRQHandler)
    EXTI3_IRQHandler                         0x08001365   Thumb Code    20  key.o(i.EXTI3_IRQHandler)
    EXTI4_IRQHandler                         0x08001379   Thumb Code    20  key.o(i.EXTI4_IRQHandler)
    EXTI9_5_IRQHandler                       0x0800138d   Thumb Code    38  hs0038.o(i.EXTI9_5_IRQHandler)
    EXTI_ClearITPendingBit                   0x080013cd   Thumb Code     6  stm32f4xx_exti.o(i.EXTI_ClearITPendingBit)
    EXTI_GetITStatus                         0x080013d9   Thumb Code    20  stm32f4xx_exti.o(i.EXTI_GetITStatus)
    EXTI_Init                                0x080013f1   Thumb Code   142  stm32f4xx_exti.o(i.EXTI_Init)
    Esp8266_Init                             0x08001485   Thumb Code    12  esp8266.o(i.Esp8266_Init)
    GPIO_Init                                0x08001491   Thumb Code   144  stm32f4xx_gpio.o(i.GPIO_Init)
    GPIO_PinAFConfig                         0x08001521   Thumb Code    70  stm32f4xx_gpio.o(i.GPIO_PinAFConfig)
    HC_SR04_Get_Distance                     0x08001569   Thumb Code   118  hc_sr04.o(i.HC_SR04_Get_Distance)
    HC_SR04_Init                             0x080015f5   Thumb Code    46  hc_sr04.o(i.HC_SR04_Init)
    HC_SR04_TIM8_Init                        0x08001629   Thumb Code   252  hc_sr04.o(i.HC_SR04_TIM8_Init)
    HC_SR04_Timer_Tick                       0x0800172d   Thumb Code    22  hc_sr04.o(i.HC_SR04_Timer_Tick)
    HS0038_ReadBytedata                      0x0800174d   Thumb Code    34  hs0038.o(i.HS0038_ReadBytedata)
    HS0038_ReadOnedata                       0x08001771   Thumb Code    94  hs0038.o(i.HS0038_ReadOnedata)
    HS0038_ReadStartdata                     0x080017d5   Thumb Code    76  hs0038.o(i.HS0038_ReadStartdata)
    HS0038_Readdata                          0x08001825   Thumb Code    64  hs0038.o(i.HS0038_Readdata)
    HS_0038_Init                             0x08001869   Thumb Code   124  hs0038.o(i.HS_0038_Init)
    HardFault_Handler                        0x080018e9   Thumb Code     4  stm32f4xx_it.o(i.HardFault_Handler)
    Hardware_Init                            0x080018ed   Thumb Code    84  main.o(i.Hardware_Init)
    IIC_AT24C02_Init                         0x08001941   Thumb Code    50  at24c02.o(i.IIC_AT24C02_Init)
    IIC_AT24C02_RecvAck                      0x08001979   Thumb Code    60  at24c02.o(i.IIC_AT24C02_RecvAck)
    IIC_AT24C02_RecvByte                     0x080019bd   Thumb Code    74  at24c02.o(i.IIC_AT24C02_RecvByte)
    IIC_AT24C02_SelectMode                   0x08001a11   Thumb Code    74  at24c02.o(i.IIC_AT24C02_SelectMode)
    IIC_AT24C02_SendAck                      0x08001a61   Thumb Code    50  at24c02.o(i.IIC_AT24C02_SendAck)
    IIC_AT24C02_SendByte                     0x08001a9d   Thumb Code   102  at24c02.o(i.IIC_AT24C02_SendByte)
    IIC_AT24C02_SequentialRead               0x08001b0d   Thumb Code   156  at24c02.o(i.IIC_AT24C02_SequentialRead)
    IIC_AT24C02_Start                        0x08001be5   Thumb Code    50  at24c02.o(i.IIC_AT24C02_Start)
    IIC_AT24C02_Stop                         0x08001c21   Thumb Code    52  at24c02.o(i.IIC_AT24C02_Stop)
    KEY_Open_beep                            0x08001c5d   Thumb Code     8  key.o(i.KEY_Open_beep)
    Key_Init                                 0x08001c69   Thumb Code   236  key.o(i.Key_Init)
    Key_Timer5_Init                          0x08001d5d   Thumb Code    96  key_timer.o(i.Key_Timer5_Init)
    Key_Timer_page_esp8266                   0x08001dc1   Thumb Code   254  key_timer.o(i.Key_Timer_page_esp8266)
    Key_beep_init                            0x08001f05   Thumb Code    44  key.o(i.Key_beep_init)
    Key_esp8266_choose                       0x08001f35   Thumb Code    64  key_timer.o(i.Key_esp8266_choose)
    Led_init                                 0x08001f81   Thumb Code    88  led.o(i.Led_init)
    MemManage_Handler                        0x08001ff1   Thumb Code     4  stm32f4xx_it.o(i.MemManage_Handler)
    My_RTC_Init                              0x08001ff5   Thumb Code   140  rtc.o(i.My_RTC_Init)
    Myspi_Start                              0x08002081   Thumb Code    10  w25q128.o(i.Myspi_Start)
    Myspi_Swapbyte                           0x0800208d   Thumb Code    50  w25q128.o(i.Myspi_Swapbyte)
    Myspi_w_ss                               0x080020c5   Thumb Code    12  w25q128.o(i.Myspi_w_ss)
    NMI_Handler                              0x080020d5   Thumb Code     2  stm32f4xx_it.o(i.NMI_Handler)
    NVIC_Init                                0x080020d9   Thumb Code   106  misc.o(i.NVIC_Init)
    NVIC_PriorityGroupConfig                 0x08002151   Thumb Code    10  misc.o(i.NVIC_PriorityGroupConfig)
    OLED_Clear                               0x08002165   Thumb Code    42  oled.o(i.OLED_Clear)
    OLED_ClearArea                           0x08002195   Thumb Code   148  oled.o(i.OLED_ClearArea)
    OLED_GPIO_Init                           0x0800222d   Thumb Code    96  oled.o(i.OLED_GPIO_Init)
    OLED_I2C_SendByte                        0x08002295   Thumb Code    92  oled.o(i.OLED_I2C_SendByte)
    OLED_I2C_Start                           0x080022f1   Thumb Code    40  oled.o(i.OLED_I2C_Start)
    OLED_I2C_Stop                            0x08002319   Thumb Code    34  oled.o(i.OLED_I2C_Stop)
    OLED_Init                                0x0800233b   Thumb Code   154  oled.o(i.OLED_Init)
    OLED_Pow                                 0x080023d5   Thumb Code    20  oled.o(i.OLED_Pow)
    OLED_ReverseArea                         0x080023e9   Thumb Code   148  oled.o(i.OLED_ReverseArea)
    OLED_SetCursor                           0x08002481   Thumb Code    34  oled.o(i.OLED_SetCursor)
    OLED_ShowChar                            0x080024a5   Thumb Code    74  oled.o(i.OLED_ShowChar)
    OLED_ShowChinese                         0x080024f9   Thumb Code   148  oled.o(i.OLED_ShowChinese)
    OLED_ShowImage                           0x08002595   Thumb Code   264  oled.o(i.OLED_ShowImage)
    OLED_ShowNum                             0x080026a1   Thumb Code    76  oled.o(i.OLED_ShowNum)
    OLED_ShowString                          0x080026ed   Thumb Code    46  oled.o(i.OLED_ShowString)
    OLED_Update                              0x0800271d   Thumb Code    40  oled.o(i.OLED_Update)
    OLED_UpdateArea                          0x08002749   Thumb Code   124  oled.o(i.OLED_UpdateArea)
    OLED_W_SCL                               0x080027c9   Thumb Code     6  oled.o(i.OLED_W_SCL)
    OLED_W_SDA                               0x080027d5   Thumb Code     6  oled.o(i.OLED_W_SDA)
    OLED_WriteCommand                        0x080027e1   Thumb Code    32  oled.o(i.OLED_WriteCommand)
    OLED_WriteData                           0x08002801   Thumb Code    46  oled.o(i.OLED_WriteData)
    PWR_BackupAccessCmd                      0x08002831   Thumb Code     6  stm32f4xx_pwr.o(i.PWR_BackupAccessCmd)
    PendSV_Handler                           0x0800283d   Thumb Code     2  stm32f4xx_it.o(i.PendSV_Handler)
    RCC_AHB1PeriphClockCmd                   0x08002841   Thumb Code    26  stm32f4xx_rcc.o(i.RCC_AHB1PeriphClockCmd)
    RCC_APB1PeriphClockCmd                   0x08002861   Thumb Code    26  stm32f4xx_rcc.o(i.RCC_APB1PeriphClockCmd)
    RCC_APB2PeriphClockCmd                   0x08002881   Thumb Code    26  stm32f4xx_rcc.o(i.RCC_APB2PeriphClockCmd)
    RCC_APB2PeriphResetCmd                   0x080028a1   Thumb Code    26  stm32f4xx_rcc.o(i.RCC_APB2PeriphResetCmd)
    RCC_GetClocksFreq                        0x080028c1   Thumb Code   214  stm32f4xx_rcc.o(i.RCC_GetClocksFreq)
    RCC_GetFlagStatus                        0x080029a9   Thumb Code    60  stm32f4xx_rcc.o(i.RCC_GetFlagStatus)
    RCC_LSEConfig                            0x080029e9   Thumb Code    40  stm32f4xx_rcc.o(i.RCC_LSEConfig)
    RCC_RTCCLKCmd                            0x08002a15   Thumb Code     6  stm32f4xx_rcc.o(i.RCC_RTCCLKCmd)
    RCC_RTCCLKConfig                         0x08002a21   Thumb Code    50  stm32f4xx_rcc.o(i.RCC_RTCCLKConfig)
    RTC_Alarm_IRQHandler                     0x08002a5d   Thumb Code    30  rtc.o(i.RTC_Alarm_IRQHandler)
    RTC_ClearFlag                            0x08002aad   Thumb Code    24  stm32f4xx_rtc.o(i.RTC_ClearFlag)
    RTC_EnterInitMode                        0x08002ac9   Thumb Code    76  stm32f4xx_rtc.o(i.RTC_EnterInitMode)
    RTC_ExitInitMode                         0x08002b19   Thumb Code    14  stm32f4xx_rtc.o(i.RTC_ExitInitMode)
    RTC_GetDate                              0x08002b2d   Thumb Code    68  stm32f4xx_rtc.o(i.RTC_GetDate)
    RTC_GetFlagStatus                        0x08002b79   Thumb Code    32  stm32f4xx_rtc.o(i.RTC_GetFlagStatus)
    RTC_GetTime                              0x08002ba1   Thumb Code    72  stm32f4xx_rtc.o(i.RTC_GetTime)
    RTC_Init                                 0x08002bf1   Thumb Code    94  stm32f4xx_rtc.o(i.RTC_Init)
    RTC_ReadBackupRegister                   0x08002c55   Thumb Code    26  stm32f4xx_rtc.o(i.RTC_ReadBackupRegister)
    RTC_SetDate                              0x08002c75   Thumb Code   190  stm32f4xx_rtc.o(i.RTC_SetDate)
    RTC_SetTime                              0x08002d3d   Thumb Code   198  stm32f4xx_rtc.o(i.RTC_SetTime)
    RTC_Set_Date                             0x08002e0d   Thumb Code    36  rtc.o(i.RTC_Set_Date)
    RTC_Set_Time                             0x08002e31   Thumb Code    36  rtc.o(i.RTC_Set_Time)
    RTC_Tick                                 0x08002e55   Thumb Code    30  rtc.o(i.RTC_Tick)
    RTC_WKUP_IRQHandler                      0x08002e79   Thumb Code    30  rtc.o(i.RTC_WKUP_IRQHandler)
    RTC_WaitForSynchro                       0x08002e99   Thumb Code    92  stm32f4xx_rtc.o(i.RTC_WaitForSynchro)
    RTC_WriteBackupRegister                  0x08002ef9   Thumb Code    24  stm32f4xx_rtc.o(i.RTC_WriteBackupRegister)
    SPI_Cmd                                  0x08002f15   Thumb Code    24  stm32f4xx_spi.o(i.SPI_Cmd)
    SPI_I2S_GetFlagStatus                    0x08002f2d   Thumb Code    18  stm32f4xx_spi.o(i.SPI_I2S_GetFlagStatus)
    SPI_I2S_ReceiveData                      0x08002f3f   Thumb Code     6  stm32f4xx_spi.o(i.SPI_I2S_ReceiveData)
    SPI_I2S_SendData                         0x08002f45   Thumb Code     4  stm32f4xx_spi.o(i.SPI_I2S_SendData)
    SPI_Init                                 0x08002f49   Thumb Code    60  stm32f4xx_spi.o(i.SPI_Init)
    SVC_Handler                              0x08002f85   Thumb Code     2  stm32f4xx_it.o(i.SVC_Handler)
    SYSCFG_EXTILineConfig                    0x08002f89   Thumb Code    60  stm32f4xx_syscfg.o(i.SYSCFG_EXTILineConfig)
    SysTick_Handler                          0x080030b5   Thumb Code    36  system_it.o(i.SysTick_Handler)
    SystemInit                               0x080030dd   Thumb Code    88  system_stm32f4xx.o(i.SystemInit)
    TIM1_UP_TIM10_IRQHandler                 0x08003269   Thumb Code    40  timer_it.o(i.TIM1_UP_TIM10_IRQHandler)
    TIM2_IRQHandler                          0x08003299   Thumb Code    40  timer_it.o(i.TIM2_IRQHandler)
    TIM3_IRQHandler                          0x080032c5   Thumb Code    40  timer_it.o(i.TIM3_IRQHandler)
    TIM5_IRQHandler                          0x080032f5   Thumb Code    52  main.o(i.TIM5_IRQHandler)
    TIM8_CC_IRQHandler                       0x0800332d   Thumb Code    66  hc_sr04.o(i.TIM8_CC_IRQHandler)
    TIM8_UP_TIM13_IRQHandler                 0x08003381   Thumb Code    40  timer_it.o(i.TIM8_UP_TIM13_IRQHandler)
    TIM_CCxCmd                               0x080033b1   Thumb Code    30  stm32f4xx_tim.o(i.TIM_CCxCmd)
    TIM_ClearFlag                            0x080033cf   Thumb Code     6  stm32f4xx_tim.o(i.TIM_ClearFlag)
    TIM_ClearITPendingBit                    0x080033d5   Thumb Code     6  stm32f4xx_tim.o(i.TIM_ClearITPendingBit)
    TIM_Cmd                                  0x080033db   Thumb Code    24  stm32f4xx_tim.o(i.TIM_Cmd)
    TIM_GetCapture1                          0x080033f3   Thumb Code     6  stm32f4xx_tim.o(i.TIM_GetCapture1)
    TIM_GetCapture2                          0x080033f9   Thumb Code     6  stm32f4xx_tim.o(i.TIM_GetCapture2)
    TIM_GetITStatus                          0x080033ff   Thumb Code    34  stm32f4xx_tim.o(i.TIM_GetITStatus)
    TIM_ICInit                               0x08003421   Thumb Code   110  stm32f4xx_tim.o(i.TIM_ICInit)
    TIM_ITConfig                             0x0800348f   Thumb Code    18  stm32f4xx_tim.o(i.TIM_ITConfig)
    TIM_SelectInputTrigger                   0x080034a1   Thumb Code    18  stm32f4xx_tim.o(i.TIM_SelectInputTrigger)
    TIM_SelectSlaveMode                      0x080034b3   Thumb Code    18  stm32f4xx_tim.o(i.TIM_SelectSlaveMode)
    TIM_SetIC1Prescaler                      0x080034c5   Thumb Code    18  stm32f4xx_tim.o(i.TIM_SetIC1Prescaler)
    TIM_SetIC2Prescaler                      0x080034d7   Thumb Code    26  stm32f4xx_tim.o(i.TIM_SetIC2Prescaler)
    TIM_SetIC3Prescaler                      0x080034f1   Thumb Code    18  stm32f4xx_tim.o(i.TIM_SetIC3Prescaler)
    TIM_SetIC4Prescaler                      0x08003503   Thumb Code    26  stm32f4xx_tim.o(i.TIM_SetIC4Prescaler)
    TIM_TimeBaseInit                         0x0800351d   Thumb Code   104  stm32f4xx_tim.o(i.TIM_TimeBaseInit)
    USART1_IRQHandler                        0x080035a1   Thumb Code    98  uart.o(i.USART1_IRQHandler)
    USART1_SendStr                           0x08003619   Thumb Code    38  uart.o(i.USART1_SendStr)
    USART2_IRQHandler                        0x08003645   Thumb Code   130  uart.o(i.USART2_IRQHandler)
    USART3_IRQHandler                        0x080036d9   Thumb Code   112  uart.o(i.USART3_IRQHandler)
    USART3_SendStr                           0x0800375d   Thumb Code    38  uart.o(i.USART3_SendStr)
    USART_ClearITPendingBit                  0x08003789   Thumb Code    30  stm32f4xx_usart.o(i.USART_ClearITPendingBit)
    USART_Cmd                                0x080037a7   Thumb Code    24  stm32f4xx_usart.o(i.USART_Cmd)
    USART_GetFlagStatus                      0x080037bf   Thumb Code    26  stm32f4xx_usart.o(i.USART_GetFlagStatus)
    USART_GetITStatus                        0x080037d9   Thumb Code    84  stm32f4xx_usart.o(i.USART_GetITStatus)
    USART_ITConfig                           0x0800382d   Thumb Code    74  stm32f4xx_usart.o(i.USART_ITConfig)
    USART_Init                               0x08003879   Thumb Code   204  stm32f4xx_usart.o(i.USART_Init)
    USART_ReceiveData                        0x0800394d   Thumb Code    10  stm32f4xx_usart.o(i.USART_ReceiveData)
    USART_SendData                           0x08003957   Thumb Code     8  stm32f4xx_usart.o(i.USART_SendData)
    Uart2_Init                               0x08003961   Thumb Code   166  uart.o(i.Uart2_Init)
    Uart3_Init                               0x08003a11   Thumb Code   178  uart.o(i.Uart3_Init)
    Uart_DataArray_clear                     0x08003acd   Thumb Code    20  uart.o(i.Uart_DataArray_clear)
    Uart_Data_Cmp                            0x08003ae1   Thumb Code    40  uart.o(i.Uart_Data_Cmp)
    Uart_Data_Cpy                            0x08003b19   Thumb Code    24  uart.o(i.Uart_Data_Cpy)
    Uart_Data_clear                          0x08003b31   Thumb Code    22  uart.o(i.Uart_Data_clear)
    Uart_Init                                0x08003b4d   Thumb Code   168  uart.o(i.Uart_Init)
    UsageFault_Handler                       0x08003bfd   Thumb Code     4  stm32f4xx_it.o(i.UsageFault_Handler)
    W25q128_Init                             0x08003c01   Thumb Code   198  w25q128.o(i.W25q128_Init)
    W25q64_ReadID                            0x08003cd1   Thumb Code    62  w25q128.o(i.W25q64_ReadID)
    __0printf                                0x08003d11   Thumb Code    22  printfa.o(i.__0printf)
    __1printf                                0x08003d11   Thumb Code     0  printfa.o(i.__0printf)
    __2printf                                0x08003d11   Thumb Code     0  printfa.o(i.__0printf)
    __c89printf                              0x08003d11   Thumb Code     0  printfa.o(i.__0printf)
    printf                                   0x08003d11   Thumb Code     0  printfa.o(i.__0printf)
    __0sprintf                               0x08003d31   Thumb Code    34  printfa.o(i.__0sprintf)
    __1sprintf                               0x08003d31   Thumb Code     0  printfa.o(i.__0sprintf)
    __2sprintf                               0x08003d31   Thumb Code     0  printfa.o(i.__0sprintf)
    __c89sprintf                             0x08003d31   Thumb Code     0  printfa.o(i.__0sprintf)
    sprintf                                  0x08003d31   Thumb Code     0  printfa.o(i.__0sprintf)
    __scatterload_copy                       0x08003d59   Thumb Code    14  handlers.o(i.__scatterload_copy)
    __scatterload_null                       0x08003d67   Thumb Code     2  handlers.o(i.__scatterload_null)
    __scatterload_zeroinit                   0x08003d69   Thumb Code    14  handlers.o(i.__scatterload_zeroinit)
    esp8266_DataReport                       0x0800460d   Thumb Code    28  esp8266.o(i.esp8266_DataReport)
    esp8266_Timer_Tick                       0x08004651   Thumb Code    32  esp8266.o(i.esp8266_Timer_Tick)
    fputc                                    0x08004679   Thumb Code    32  uart.o(i.fputc)
    get_rtc                                  0x0800469d   Thumb Code    20  rtc.o(i.get_rtc)
    key_Timer_Callback                       0x080046b9   Thumb Code    12  key_timer.o(i.key_Timer_Callback)
    key_Timer_Init                           0x080046c9   Thumb Code    54  key_timer.o(i.key_Timer_Init)
    key_Timer_Scan                           0x08004709   Thumb Code    48  key_timer.o(i.key_Timer_Scan)
    key_Timer_Tick                           0x08004741   Thumb Code    62  key_timer.o(i.key_Timer_Tick)
    main                                     0x08004791   Thumb Code   304  main.o(i.main)
    myspi_stop                               0x08004909   Thumb Code    10  w25q128.o(i.myspi_stop)
    OLED_F8x16                               0x08004912   Data        1520  oled_data.o(.constdata)
    OLED_F6x8                                0x08004f02   Data         570  oled_data.o(.constdata)
    OLED_CF16x16                             0x0800513c   Data        1960  oled_data.o(.constdata)
    Diode                                    0x080058e4   Data          32  oled_data.o(.constdata)
    Region$$Table$$Base                      0x08005904   Number         0  anon$$obj.o(Region$$Table)
    Region$$Table$$Limit                     0x08005924   Number         0  anon$$obj.o(Region$$Table)
    count                                    0x20000000   Data           2  system_it.o(.data)
    uart3_count                              0x20000004   Data           2  uart.o(.data)
    uart3_flag                               0x20000006   Data           1  uart.o(.data)
    uart3_len                                0x20000008   Data           2  uart.o(.data)
    uart1_count                              0x2000000a   Data           2  uart.o(.data)
    uart1_flag                               0x2000000c   Data           1  uart.o(.data)
    uart1_len                                0x2000000e   Data           2  uart.o(.data)
    __stdout                                 0x20000010   Data           4  uart.o(.data)
    __stdin                                  0x20000014   Data           4  uart.o(.data)
    beep_on                                  0x20000018   Data          14  uart.o(.data)
    beep_off                                 0x20000026   Data          16  uart.o(.data)
    Dis_up                                   0x20000038   Data           4  hc_sr04.o(.data)
    Dis_down                                 0x2000003c   Data           4  hc_sr04.o(.data)
    Dis_flag                                 0x20000040   Data           1  hc_sr04.o(.data)
    HC_SR04_start_flag                       0x20000041   Data           1  hc_sr04.o(.data)
    key_area_flag                            0x20000046   Data           1  key_timer.o(.data)
    key_num                                  0x20000047   Data           1  key_timer.o(.data)
    key                                      0x20000048   Data           4  key_timer.o(.data)
    key_user                                 0x2000004c   Data           4  key_timer.o(.data)
    dis_range                                0x20000050   Data           1  key_timer.o(.data)
    key_page_flag                            0x20000051   Data           1  key_timer.o(.data)
    key_area_esp8266                         0x20000052   Data           1  key_timer.o(.data)
    Beep_Flag                                0x20000053   Data           1  key.o(.data)
    Song_Flag                                0x20000054   Data           1  key.o(.data)
    DHT11_Data                               0x20000056   Data           5  dht11.o(.data)
    DHT11_start_flag                         0x2000005b   Data           1  dht11.o(.data)
    HS0038_Start_Flag                        0x2000005e   Data           1  hs0038.o(.data)
    data_array                               0x2000005f   Data           4  hs0038.o(.data)
    esp8266_transparent_transmission_sta     0x20000063   Data           1  esp8266.o(.data)
    Delay_flag                               0x20000064   Data           1  esp8266.o(.data)
    esp8266                                  0x20000066   Data           5  esp8266.o(.data)
    MID                                      0x2000006c   Data           1  w25q128.o(.data)
    DID                                      0x2000006e   Data           2  w25q128.o(.data)
    arraywrite                               0x20000070   Data           8  w25q128.o(.data)
    arrayread                                0x20000078   Data           8  w25q128.o(.data)
    RTC_TimeStruct                           0x20000081   Data           4  rtc.o(.data)
    RTC_DateStruct                           0x20000085   Data           4  rtc.o(.data)
    OLED_DisplayBuf                          0x2000009c   Data        1040  oled.o(.bss)
    data                                     0x200004ac   Data          20  uart.o(.bss)
    data_temp                                0x200004c0   Data          20  uart.o(.bss)
    uart3_recvbuf                            0x200004d4   Data         128  uart.o(.bss)
    uart1_recvbuf                            0x20000554   Data         128  uart.o(.bss)
    ADC1_buf                                 0x200005d4   Data          10  adc.o(.bss)
    ADC3_buf                                 0x200005de   Data          10  adc.o(.bss)
    __initial_sp                             0x200009e8   Data           0  startup_stm32f40_41xxx.o(STACK)



==============================================================================

Memory Map of the image

  Image Entry point : 0x08000189

  Load Region LR_IROM1 (Base: 0x08000000, Size: 0x000059c0, Max: 0x00080000, ABSOLUTE)

    Execution Region ER_IROM1 (Exec base: 0x08000000, Load base: 0x08000000, Size: 0x00005924, Max: 0x00080000, ABSOLUTE)

    Exec Addr    Load Addr    Size         Type   Attr      Idx    E Section Name        Object

    0x08000000   0x08000000   0x00000188   Data   RO         1889    RESET               startup_stm32f40_41xxx.o
    0x08000188   0x08000188   0x00000000   Code   RO         6640  * .ARM.Collect$$$$00000000  mc_w.l(entry.o)
    0x08000188   0x08000188   0x00000004   Code   RO         6969    .ARM.Collect$$$$00000001  mc_w.l(entry2.o)
    0x0800018c   0x0800018c   0x00000004   Code   RO         6972    .ARM.Collect$$$$00000004  mc_w.l(entry5.o)
    0x08000190   0x08000190   0x00000000   Code   RO         6974    .ARM.Collect$$$$00000008  mc_w.l(entry7b.o)
    0x08000190   0x08000190   0x00000000   Code   RO         6976    .ARM.Collect$$$$0000000A  mc_w.l(entry8b.o)
    0x08000190   0x08000190   0x00000008   Code   RO         6977    .ARM.Collect$$$$0000000B  mc_w.l(entry9a.o)
    0x08000198   0x08000198   0x00000004   Code   RO         6984    .ARM.Collect$$$$0000000E  mc_w.l(entry12b.o)
    0x0800019c   0x0800019c   0x00000000   Code   RO         6979    .ARM.Collect$$$$0000000F  mc_w.l(entry10a.o)
    0x0800019c   0x0800019c   0x00000000   Code   RO         6981    .ARM.Collect$$$$00000011  mc_w.l(entry11a.o)
    0x0800019c   0x0800019c   0x00000004   Code   RO         6970    .ARM.Collect$$$$00002712  mc_w.l(entry2.o)
    0x080001a0   0x080001a0   0x00000024   Code   RO         1890    .text               startup_stm32f40_41xxx.o
    0x080001c4   0x080001c4   0x00000024   Code   RO         6643    .text               mc_w.l(memseta.o)
    0x080001e8   0x080001e8   0x00000024   Code   RO         6645    .text               mc_w.l(strstr.o)
    0x0800020c   0x0800020c   0x0000001c   Code   RO         6647    .text               mc_w.l(strcmp.o)
    0x08000228   0x08000228   0x0000001a   Code   RO         6649    .text               mc_w.l(memcmp.o)
    0x08000242   0x08000242   0x0000014e   Code   RO         6912    .text               mf_w.l(dadd.o)
    0x08000390   0x08000390   0x000000e4   Code   RO         6914    .text               mf_w.l(dmul.o)
    0x08000474   0x08000474   0x000000de   Code   RO         6916    .text               mf_w.l(ddiv.o)
    0x08000552   0x08000552   0x00000002   PAD
    0x08000554   0x08000554   0x00000030   Code   RO         6930    .text               mf_w.l(cdrcmple.o)
    0x08000584   0x08000584   0x0000002c   Code   RO         6985    .text               mc_w.l(uidiv.o)
    0x080005b0   0x080005b0   0x00000062   Code   RO         6987    .text               mc_w.l(uldiv.o)
    0x08000612   0x08000612   0x0000001e   Code   RO         6989    .text               mc_w.l(llshl.o)
    0x08000630   0x08000630   0x00000020   Code   RO         6991    .text               mc_w.l(llushr.o)
    0x08000650   0x08000650   0x00000024   Code   RO         6993    .text               mc_w.l(llsshr.o)
    0x08000674   0x08000674   0x00000000   Code   RO         7002    .text               mc_w.l(iusefp.o)
    0x08000674   0x08000674   0x000000ba   Code   RO         7005    .text               mf_w.l(depilogue.o)
    0x0800072e   0x0800072e   0x00000030   Code   RO         7009    .text               mf_w.l(dfixul.o)
    0x0800075e   0x0800075e   0x00000002   PAD
    0x08000760   0x08000760   0x00000024   Code   RO         7015    .text               mc_w.l(init.o)
    0x08000784   0x08000784   0x00000030   Code   RO         1768    i.ADC1_Convert      adc.o
    0x080007b4   0x080007b4   0x0000008c   Code   RO         1769    i.ADC1_Init         adc.o
    0x08000840   0x08000840   0x0000002c   Code   RO         1770    i.ADC1_Tick         adc.o
    0x0800086c   0x0800086c   0x00000030   Code   RO         1771    i.ADC3_Convert      adc.o
    0x0800089c   0x0800089c   0x00000088   Code   RO         1773    i.ADC3_Init         adc.o
    0x08000924   0x08000924   0x0000002c   Code   RO         1774    i.ADC3_Tick         adc.o
    0x08000950   0x08000950   0x00000006   Code   RO         1944    i.ADC_ClearFlag     stm32f4xx_adc.o
    0x08000956   0x08000956   0x00000016   Code   RO         1946    i.ADC_Cmd           stm32f4xx_adc.o
    0x0800096c   0x0800096c   0x00000030   Code   RO         1947    i.ADC_CommonInit    stm32f4xx_adc.o
    0x0800099c   0x0800099c   0x00000016   Code   RO         1952    i.ADC_DeInit        stm32f4xx_adc.o
    0x080009b2   0x080009b2   0x00000008   Code   RO         1958    i.ADC_GetConversionValue  stm32f4xx_adc.o
    0x080009ba   0x080009ba   0x00000012   Code   RO         1959    i.ADC_GetFlagStatus  stm32f4xx_adc.o
    0x080009cc   0x080009cc   0x00000054   Code   RO         1966    i.ADC_Init          stm32f4xx_adc.o
    0x08000a20   0x08000a20   0x000000b8   Code   RO         1971    i.ADC_RegularChannelConfig  stm32f4xx_adc.o
    0x08000ad8   0x08000ad8   0x0000000a   Code   RO         1973    i.ADC_SoftwareStartConv  stm32f4xx_adc.o
    0x08000ae2   0x08000ae2   0x00000004   Code   RO          225    i.BusFault_Handler  stm32f4xx_it.o
    0x08000ae6   0x08000ae6   0x00000020   Code   RO         1279    i.DHT11_Data_Assamble  dht11.o
    0x08000b06   0x08000b06   0x00000002   PAD
    0x08000b08   0x08000b08   0x00000058   Code   RO         1280    i.DHT11_Data_Get    dht11.o
    0x08000b60   0x08000b60   0x00000040   Code   RO         1281    i.DHT11_Init        dht11.o
    0x08000ba0   0x08000ba0   0x00000040   Code   RO         1282    i.DHT11_Mode_Switch  dht11.o
    0x08000be0   0x08000be0   0x00000048   Code   RO         1283    i.DHT11_ReadData    dht11.o
    0x08000c28   0x08000c28   0x00000098   Code   RO         1284    i.DHT11_Start       dht11.o
    0x08000cc0   0x08000cc0   0x0000002c   Code   RO         1285    i.DHT11_Timer_Tick  dht11.o
    0x08000cec   0x08000cec   0x00000002   Code   RO          226    i.DebugMon_Handler  stm32f4xx_it.o
    0x08000cee   0x08000cee   0x00000018   Code   RO         1857    i.Delay_ms          delay.o
    0x08000d06   0x08000d06   0x0000002c   Code   RO         1859    i.Delay_us          delay.o
    0x08000d32   0x08000d32   0x00000002   PAD
    0x08000d34   0x08000d34   0x00000038   Code   RO         1401    i.ESP8266_CheckStrInRxbuf  esp8266.o
    0x08000d6c   0x08000d6c   0x00000098   Code   RO         1402    i.ESP8266_ConnectAp  esp8266.o
    0x08000e04   0x08000e04   0x00000164   Code   RO         1403    i.ESP8266_ConnectMyYunServer  esp8266.o
    0x08000f68   0x08000f68   0x000000b4   Code   RO         1404    i.ESP8266_ConnectServer  esp8266.o
    0x0800101c   0x0800101c   0x00000044   Code   RO         1406    i.ESP8266_EnEcho    esp8266.o
    0x08001060   0x08001060   0x00000068   Code   RO         1407    i.ESP8266_EnterTransparentTransmission  esp8266.o
    0x080010c8   0x080010c8   0x00000018   Code   RO         1408    i.ESP8266_ExitTransparentTransmission  esp8266.o
    0x080010e0   0x080010e0   0x000001bc   Code   RO         1409    i.ESP8266_OnLineInit  esp8266.o
    0x0800129c   0x0800129c   0x00000030   Code   RO         1410    i.ESP8266_Rst       esp8266.o
    0x080012cc   0x080012cc   0x00000034   Code   RO         1411    i.ESP8266_SendATCmd  esp8266.o
    0x08001300   0x08001300   0x00000034   Code   RO         1412    i.ESP8266_SendMsg   esp8266.o
    0x08001334   0x08001334   0x0000001c   Code   RO         1205    i.EXTI0_IRQHandler  key.o
    0x08001350   0x08001350   0x00000014   Code   RO         1206    i.EXTI2_IRQHandler  key.o
    0x08001364   0x08001364   0x00000014   Code   RO         1207    i.EXTI3_IRQHandler  key.o
    0x08001378   0x08001378   0x00000014   Code   RO         1208    i.EXTI4_IRQHandler  key.o
    0x0800138c   0x0800138c   0x00000040   Code   RO         1341    i.EXTI9_5_IRQHandler  hs0038.o
    0x080013cc   0x080013cc   0x0000000c   Code   RO         3143    i.EXTI_ClearITPendingBit  stm32f4xx_exti.o
    0x080013d8   0x080013d8   0x00000018   Code   RO         3147    i.EXTI_GetITStatus  stm32f4xx_exti.o
    0x080013f0   0x080013f0   0x00000094   Code   RO         3148    i.EXTI_Init         stm32f4xx_exti.o
    0x08001484   0x08001484   0x0000000c   Code   RO         1413    i.Esp8266_Init      esp8266.o
    0x08001490   0x08001490   0x00000090   Code   RO         3619    i.GPIO_Init         stm32f4xx_gpio.o
    0x08001520   0x08001520   0x00000046   Code   RO         3620    i.GPIO_PinAFConfig  stm32f4xx_gpio.o
    0x08001566   0x08001566   0x00000002   PAD
    0x08001568   0x08001568   0x0000008c   Code   RO         1020    i.HC_SR04_Get_Distance  hc_sr04.o
    0x080015f4   0x080015f4   0x00000034   Code   RO         1021    i.HC_SR04_Init      hc_sr04.o
    0x08001628   0x08001628   0x00000104   Code   RO         1022    i.HC_SR04_TIM8_Init  hc_sr04.o
    0x0800172c   0x0800172c   0x00000020   Code   RO         1023    i.HC_SR04_Timer_Tick  hc_sr04.o
    0x0800174c   0x0800174c   0x00000022   Code   RO         1342    i.HS0038_ReadBytedata  hs0038.o
    0x0800176e   0x0800176e   0x00000002   PAD
    0x08001770   0x08001770   0x00000064   Code   RO         1343    i.HS0038_ReadOnedata  hs0038.o
    0x080017d4   0x080017d4   0x00000050   Code   RO         1344    i.HS0038_ReadStartdata  hs0038.o
    0x08001824   0x08001824   0x00000044   Code   RO         1345    i.HS0038_Readdata   hs0038.o
    0x08001868   0x08001868   0x00000080   Code   RO         1346    i.HS_0038_Init      hs0038.o
    0x080018e8   0x080018e8   0x00000004   Code   RO          227    i.HardFault_Handler  stm32f4xx_it.o
    0x080018ec   0x080018ec   0x00000054   Code   RO            3    i.Hardware_Init     main.o
    0x08001940   0x08001940   0x00000038   Code   RO         1521    i.IIC_AT24C02_Init  at24c02.o
    0x08001978   0x08001978   0x00000044   Code   RO         1523    i.IIC_AT24C02_RecvAck  at24c02.o
    0x080019bc   0x080019bc   0x00000054   Code   RO         1524    i.IIC_AT24C02_RecvByte  at24c02.o
    0x08001a10   0x08001a10   0x00000050   Code   RO         1525    i.IIC_AT24C02_SelectMode  at24c02.o
    0x08001a60   0x08001a60   0x0000003c   Code   RO         1526    i.IIC_AT24C02_SendAck  at24c02.o
    0x08001a9c   0x08001a9c   0x00000070   Code   RO         1527    i.IIC_AT24C02_SendByte  at24c02.o
    0x08001b0c   0x08001b0c   0x000000d8   Code   RO         1528    i.IIC_AT24C02_SequentialRead  at24c02.o
    0x08001be4   0x08001be4   0x0000003c   Code   RO         1529    i.IIC_AT24C02_Start  at24c02.o
    0x08001c20   0x08001c20   0x0000003c   Code   RO         1530    i.IIC_AT24C02_Stop  at24c02.o
    0x08001c5c   0x08001c5c   0x0000000c   Code   RO         1210    i.KEY_Open_beep     key.o
    0x08001c68   0x08001c68   0x000000f4   Code   RO         1211    i.Key_Init          key.o
    0x08001d5c   0x08001d5c   0x00000064   Code   RO         1075    i.Key_Timer5_Init   key_timer.o
    0x08001dc0   0x08001dc0   0x00000144   Code   RO         1077    i.Key_Timer_page_esp8266  key_timer.o
    0x08001f04   0x08001f04   0x00000030   Code   RO         1213    i.Key_beep_init     key.o
    0x08001f34   0x08001f34   0x0000004c   Code   RO         1080    i.Key_esp8266_choose  key_timer.o
    0x08001f80   0x08001f80   0x00000070   Code   RO          717    i.Led_init          led.o
    0x08001ff0   0x08001ff0   0x00000004   Code   RO          228    i.MemManage_Handler  stm32f4xx_it.o
    0x08001ff4   0x08001ff4   0x0000008c   Code   RO         1691    i.My_RTC_Init       rtc.o
    0x08002080   0x08002080   0x0000000a   Code   RO         1602    i.Myspi_Start       w25q128.o
    0x0800208a   0x0800208a   0x00000002   PAD
    0x0800208c   0x0800208c   0x00000038   Code   RO         1603    i.Myspi_Swapbyte    w25q128.o
    0x080020c4   0x080020c4   0x00000010   Code   RO         1604    i.Myspi_w_ss        w25q128.o
    0x080020d4   0x080020d4   0x00000002   Code   RO          229    i.NMI_Handler       stm32f4xx_it.o
    0x080020d6   0x080020d6   0x00000002   PAD
    0x080020d8   0x080020d8   0x00000078   Code   RO         1896    i.NVIC_Init         misc.o
    0x08002150   0x08002150   0x00000014   Code   RO         1897    i.NVIC_PriorityGroupConfig  misc.o
    0x08002164   0x08002164   0x00000030   Code   RO          327    i.OLED_Clear        oled.o
    0x08002194   0x08002194   0x00000098   Code   RO          328    i.OLED_ClearArea    oled.o
    0x0800222c   0x0800222c   0x00000068   Code   RO          336    i.OLED_GPIO_Init    oled.o
    0x08002294   0x08002294   0x0000005c   Code   RO          338    i.OLED_I2C_SendByte  oled.o
    0x080022f0   0x080022f0   0x00000028   Code   RO          339    i.OLED_I2C_Start    oled.o
    0x08002318   0x08002318   0x00000022   Code   RO          340    i.OLED_I2C_Stop     oled.o
    0x0800233a   0x0800233a   0x0000009a   Code   RO          341    i.OLED_Init         oled.o
    0x080023d4   0x080023d4   0x00000014   Code   RO          343    i.OLED_Pow          oled.o
    0x080023e8   0x080023e8   0x00000098   Code   RO          346    i.OLED_ReverseArea  oled.o
    0x08002480   0x08002480   0x00000022   Code   RO          347    i.OLED_SetCursor    oled.o
    0x080024a2   0x080024a2   0x00000002   PAD
    0x080024a4   0x080024a4   0x00000054   Code   RO          349    i.OLED_ShowChar     oled.o
    0x080024f8   0x080024f8   0x0000009c   Code   RO          351    i.OLED_ShowChinese  oled.o
    0x08002594   0x08002594   0x0000010c   Code   RO          354    i.OLED_ShowImage    oled.o
    0x080026a0   0x080026a0   0x0000004c   Code   RO          355    i.OLED_ShowNum      oled.o
    0x080026ec   0x080026ec   0x0000002e   Code   RO          357    i.OLED_ShowString   oled.o
    0x0800271a   0x0800271a   0x00000002   PAD
    0x0800271c   0x0800271c   0x0000002c   Code   RO          359    i.OLED_Update       oled.o
    0x08002748   0x08002748   0x00000080   Code   RO          360    i.OLED_UpdateArea   oled.o
    0x080027c8   0x080027c8   0x0000000c   Code   RO          361    i.OLED_W_SCL        oled.o
    0x080027d4   0x080027d4   0x0000000c   Code   RO          362    i.OLED_W_SDA        oled.o
    0x080027e0   0x080027e0   0x00000020   Code   RO          363    i.OLED_WriteCommand  oled.o
    0x08002800   0x08002800   0x0000002e   Code   RO          364    i.OLED_WriteData    oled.o
    0x0800282e   0x0800282e   0x00000002   PAD
    0x08002830   0x08002830   0x0000000c   Code   RO         4361    i.PWR_BackupAccessCmd  stm32f4xx_pwr.o
    0x0800283c   0x0800283c   0x00000002   Code   RO          230    i.PendSV_Handler    stm32f4xx_it.o
    0x0800283e   0x0800283e   0x00000002   PAD
    0x08002840   0x08002840   0x00000020   Code   RO         4483    i.RCC_AHB1PeriphClockCmd  stm32f4xx_rcc.o
    0x08002860   0x08002860   0x00000020   Code   RO         4492    i.RCC_APB1PeriphClockCmd  stm32f4xx_rcc.o
    0x08002880   0x08002880   0x00000020   Code   RO         4495    i.RCC_APB2PeriphClockCmd  stm32f4xx_rcc.o
    0x080028a0   0x080028a0   0x00000020   Code   RO         4497    i.RCC_APB2PeriphResetCmd  stm32f4xx_rcc.o
    0x080028c0   0x080028c0   0x000000e8   Code   RO         4504    i.RCC_GetClocksFreq  stm32f4xx_rcc.o
    0x080029a8   0x080029a8   0x00000040   Code   RO         4505    i.RCC_GetFlagStatus  stm32f4xx_rcc.o
    0x080029e8   0x080029e8   0x0000002c   Code   RO         4513    i.RCC_LSEConfig     stm32f4xx_rcc.o
    0x08002a14   0x08002a14   0x0000000c   Code   RO         4527    i.RCC_RTCCLKCmd     stm32f4xx_rcc.o
    0x08002a20   0x08002a20   0x0000003c   Code   RO         4528    i.RCC_RTCCLKConfig  stm32f4xx_rcc.o
    0x08002a5c   0x08002a5c   0x0000001e   Code   RO         1692    i.RTC_Alarm_IRQHandler  rtc.o
    0x08002a7a   0x08002a7a   0x00000016   Code   RO         4882    i.RTC_Bcd2ToByte    stm32f4xx_rtc.o
    0x08002a90   0x08002a90   0x0000001c   Code   RO         4884    i.RTC_ByteToBcd2    stm32f4xx_rtc.o
    0x08002aac   0x08002aac   0x0000001c   Code   RO         4887    i.RTC_ClearFlag     stm32f4xx_rtc.o
    0x08002ac8   0x08002ac8   0x00000050   Code   RO         4894    i.RTC_EnterInitMode  stm32f4xx_rtc.o
    0x08002b18   0x08002b18   0x00000014   Code   RO         4895    i.RTC_ExitInitMode  stm32f4xx_rtc.o
    0x08002b2c   0x08002b2c   0x0000004c   Code   RO         4898    i.RTC_GetDate       stm32f4xx_rtc.o
    0x08002b78   0x08002b78   0x00000028   Code   RO         4899    i.RTC_GetFlagStatus  stm32f4xx_rtc.o
    0x08002ba0   0x08002ba0   0x00000050   Code   RO         4903    i.RTC_GetTime       stm32f4xx_rtc.o
    0x08002bf0   0x08002bf0   0x00000064   Code   RO         4908    i.RTC_Init          stm32f4xx_rtc.o
    0x08002c54   0x08002c54   0x00000020   Code   RO         4911    i.RTC_ReadBackupRegister  stm32f4xx_rtc.o
    0x08002c74   0x08002c74   0x000000c8   Code   RO         4914    i.RTC_SetDate       stm32f4xx_rtc.o
    0x08002d3c   0x08002d3c   0x000000d0   Code   RO         4915    i.RTC_SetTime       stm32f4xx_rtc.o
    0x08002e0c   0x08002e0c   0x00000024   Code   RO         1694    i.RTC_Set_Date      rtc.o
    0x08002e30   0x08002e30   0x00000024   Code   RO         1695    i.RTC_Set_Time      rtc.o
    0x08002e54   0x08002e54   0x00000024   Code   RO         1697    i.RTC_Tick          rtc.o
    0x08002e78   0x08002e78   0x0000001e   Code   RO         1698    i.RTC_WKUP_IRQHandler  rtc.o
    0x08002e96   0x08002e96   0x00000002   PAD
    0x08002e98   0x08002e98   0x00000060   Code   RO         4931    i.RTC_WaitForSynchro  stm32f4xx_rtc.o
    0x08002ef8   0x08002ef8   0x0000001c   Code   RO         4934    i.RTC_WriteBackupRegister  stm32f4xx_rtc.o
    0x08002f14   0x08002f14   0x00000018   Code   RO         5600    i.SPI_Cmd           stm32f4xx_spi.o
    0x08002f2c   0x08002f2c   0x00000012   Code   RO         5608    i.SPI_I2S_GetFlagStatus  stm32f4xx_spi.o
    0x08002f3e   0x08002f3e   0x00000006   Code   RO         5611    i.SPI_I2S_ReceiveData  stm32f4xx_spi.o
    0x08002f44   0x08002f44   0x00000004   Code   RO         5612    i.SPI_I2S_SendData  stm32f4xx_spi.o
    0x08002f48   0x08002f48   0x0000003c   Code   RO         5613    i.SPI_Init          stm32f4xx_spi.o
    0x08002f84   0x08002f84   0x00000002   Code   RO          231    i.SVC_Handler       stm32f4xx_it.o
    0x08002f86   0x08002f86   0x00000002   PAD
    0x08002f88   0x08002f88   0x00000040   Code   RO         5761    i.SYSCFG_EXTILineConfig  stm32f4xx_syscfg.o
    0x08002fc8   0x08002fc8   0x000000ec   Code   RO          290    i.SetSysClock       system_stm32f4xx.o
    0x080030b4   0x080030b4   0x00000028   Code   RO          794    i.SysTick_Handler   system_it.o
    0x080030dc   0x080030dc   0x00000068   Code   RO          292    i.SystemInit        system_stm32f4xx.o
    0x08003144   0x08003144   0x0000003a   Code   RO         5814    i.TI1_Config        stm32f4xx_tim.o
    0x0800317e   0x0800317e   0x00000050   Code   RO         5815    i.TI2_Config        stm32f4xx_tim.o
    0x080031ce   0x080031ce   0x00000048   Code   RO         5816    i.TI3_Config        stm32f4xx_tim.o
    0x08003216   0x08003216   0x00000050   Code   RO         5817    i.TI4_Config        stm32f4xx_tim.o
    0x08003266   0x08003266   0x00000002   PAD
    0x08003268   0x08003268   0x00000030   Code   RO          820    i.TIM1_UP_TIM10_IRQHandler  timer_it.o
    0x08003298   0x08003298   0x0000002c   Code   RO          821    i.TIM2_IRQHandler   timer_it.o
    0x080032c4   0x080032c4   0x00000030   Code   RO          822    i.TIM3_IRQHandler   timer_it.o
    0x080032f4   0x080032f4   0x00000038   Code   RO            4    i.TIM5_IRQHandler   main.o
    0x0800332c   0x0800332c   0x00000054   Code   RO         1024    i.TIM8_CC_IRQHandler  hc_sr04.o
    0x08003380   0x08003380   0x00000030   Code   RO          823    i.TIM8_UP_TIM13_IRQHandler  timer_it.o
    0x080033b0   0x080033b0   0x0000001e   Code   RO         5822    i.TIM_CCxCmd        stm32f4xx_tim.o
    0x080033ce   0x080033ce   0x00000006   Code   RO         5824    i.TIM_ClearFlag     stm32f4xx_tim.o
    0x080033d4   0x080033d4   0x00000006   Code   RO         5825    i.TIM_ClearITPendingBit  stm32f4xx_tim.o
    0x080033da   0x080033da   0x00000018   Code   RO         5830    i.TIM_Cmd           stm32f4xx_tim.o
    0x080033f2   0x080033f2   0x00000006   Code   RO         5845    i.TIM_GetCapture1   stm32f4xx_tim.o
    0x080033f8   0x080033f8   0x00000006   Code   RO         5846    i.TIM_GetCapture2   stm32f4xx_tim.o
    0x080033fe   0x080033fe   0x00000022   Code   RO         5851    i.TIM_GetITStatus   stm32f4xx_tim.o
    0x08003420   0x08003420   0x0000006e   Code   RO         5853    i.TIM_ICInit        stm32f4xx_tim.o
    0x0800348e   0x0800348e   0x00000012   Code   RO         5855    i.TIM_ITConfig      stm32f4xx_tim.o
    0x080034a0   0x080034a0   0x00000012   Code   RO         5884    i.TIM_SelectInputTrigger  stm32f4xx_tim.o
    0x080034b2   0x080034b2   0x00000012   Code   RO         5889    i.TIM_SelectSlaveMode  stm32f4xx_tim.o
    0x080034c4   0x080034c4   0x00000012   Code   RO         5897    i.TIM_SetIC1Prescaler  stm32f4xx_tim.o
    0x080034d6   0x080034d6   0x0000001a   Code   RO         5898    i.TIM_SetIC2Prescaler  stm32f4xx_tim.o
    0x080034f0   0x080034f0   0x00000012   Code   RO         5899    i.TIM_SetIC3Prescaler  stm32f4xx_tim.o
    0x08003502   0x08003502   0x0000001a   Code   RO         5900    i.TIM_SetIC4Prescaler  stm32f4xx_tim.o
    0x0800351c   0x0800351c   0x00000084   Code   RO         5902    i.TIM_TimeBaseInit  stm32f4xx_tim.o
    0x080035a0   0x080035a0   0x00000078   Code   RO          903    i.USART1_IRQHandler  uart.o
    0x08003618   0x08003618   0x0000002c   Code   RO          904    i.USART1_SendStr    uart.o
    0x08003644   0x08003644   0x00000094   Code   RO          905    i.USART2_IRQHandler  uart.o
    0x080036d8   0x080036d8   0x00000084   Code   RO          907    i.USART3_IRQHandler  uart.o
    0x0800375c   0x0800375c   0x0000002c   Code   RO          908    i.USART3_SendStr    uart.o
    0x08003788   0x08003788   0x0000001e   Code   RO         6377    i.USART_ClearITPendingBit  stm32f4xx_usart.o
    0x080037a6   0x080037a6   0x00000018   Code   RO         6380    i.USART_Cmd         stm32f4xx_usart.o
    0x080037be   0x080037be   0x0000001a   Code   RO         6383    i.USART_GetFlagStatus  stm32f4xx_usart.o
    0x080037d8   0x080037d8   0x00000054   Code   RO         6384    i.USART_GetITStatus  stm32f4xx_usart.o
    0x0800382c   0x0800382c   0x0000004a   Code   RO         6386    i.USART_ITConfig    stm32f4xx_usart.o
    0x08003876   0x08003876   0x00000002   PAD
    0x08003878   0x08003878   0x000000d4   Code   RO         6387    i.USART_Init        stm32f4xx_usart.o
    0x0800394c   0x0800394c   0x0000000a   Code   RO         6394    i.USART_ReceiveData  stm32f4xx_usart.o
    0x08003956   0x08003956   0x00000008   Code   RO         6397    i.USART_SendData    stm32f4xx_usart.o
    0x0800395e   0x0800395e   0x00000002   PAD
    0x08003960   0x08003960   0x000000b0   Code   RO          909    i.Uart2_Init        uart.o
    0x08003a10   0x08003a10   0x000000bc   Code   RO          910    i.Uart3_Init        uart.o
    0x08003acc   0x08003acc   0x00000014   Code   RO          911    i.Uart_DataArray_clear  uart.o
    0x08003ae0   0x08003ae0   0x00000038   Code   RO          912    i.Uart_Data_Cmp     uart.o
    0x08003b18   0x08003b18   0x00000018   Code   RO          913    i.Uart_Data_Cpy     uart.o
    0x08003b30   0x08003b30   0x0000001c   Code   RO          914    i.Uart_Data_clear   uart.o
    0x08003b4c   0x08003b4c   0x000000b0   Code   RO          915    i.Uart_Init         uart.o
    0x08003bfc   0x08003bfc   0x00000004   Code   RO          232    i.UsageFault_Handler  stm32f4xx_it.o
    0x08003c00   0x08003c00   0x000000d0   Code   RO         1605    i.W25q128_Init      w25q128.o
    0x08003cd0   0x08003cd0   0x0000003e   Code   RO         1606    i.W25q64_ReadID     w25q128.o
    0x08003d0e   0x08003d0e   0x00000002   PAD
    0x08003d10   0x08003d10   0x00000020   Code   RO         6884    i.__0printf         mc_w.l(printfa.o)
    0x08003d30   0x08003d30   0x00000028   Code   RO         6886    i.__0sprintf        mc_w.l(printfa.o)
    0x08003d58   0x08003d58   0x0000000e   Code   RO         7019    i.__scatterload_copy  mc_w.l(handlers.o)
    0x08003d66   0x08003d66   0x00000002   Code   RO         7020    i.__scatterload_null  mc_w.l(handlers.o)
    0x08003d68   0x08003d68   0x0000000e   Code   RO         7021    i.__scatterload_zeroinit  mc_w.l(handlers.o)
    0x08003d76   0x08003d76   0x00000002   PAD
    0x08003d78   0x08003d78   0x00000184   Code   RO         6891    i._fp_digits        mc_w.l(printfa.o)
    0x08003efc   0x08003efc   0x000006b4   Code   RO         6892    i._printf_core      mc_w.l(printfa.o)
    0x080045b0   0x080045b0   0x00000024   Code   RO         6893    i._printf_post_padding  mc_w.l(printfa.o)
    0x080045d4   0x080045d4   0x0000002e   Code   RO         6894    i._printf_pre_padding  mc_w.l(printfa.o)
    0x08004602   0x08004602   0x0000000a   Code   RO         6896    i._sputc            mc_w.l(printfa.o)
    0x0800460c   0x0800460c   0x00000044   Code   RO         1414    i.esp8266_DataReport  esp8266.o
    0x08004650   0x08004650   0x00000028   Code   RO         1415    i.esp8266_Timer_Tick  esp8266.o
    0x08004678   0x08004678   0x00000024   Code   RO          916    i.fputc             uart.o
    0x0800469c   0x0800469c   0x0000001c   Code   RO         1699    i.get_rtc           rtc.o
    0x080046b8   0x080046b8   0x00000010   Code   RO         1081    i.key_Timer_Callback  key_timer.o
    0x080046c8   0x080046c8   0x00000040   Code   RO         1082    i.key_Timer_Init    key_timer.o
    0x08004708   0x08004708   0x00000038   Code   RO         1083    i.key_Timer_Scan    key_timer.o
    0x08004740   0x08004740   0x00000050   Code   RO         1084    i.key_Timer_Tick    key_timer.o
    0x08004790   0x08004790   0x00000178   Code   RO            5    i.main              main.o
    0x08004908   0x08004908   0x0000000a   Code   RO         1607    i.myspi_stop        w25q128.o
    0x08004912   0x08004912   0x00000ff2   Data   RO          701    .constdata          oled_data.o
    0x08005904   0x08005904   0x00000020   Data   RO         7017    Region$$Table       anon$$obj.o


    Execution Region RW_IRAM1 (Exec base: 0x20000000, Load base: 0x08005924, Size: 0x000009e8, Max: 0x00020000, ABSOLUTE)

    Exec Addr    Load Addr    Size         Type   Attr      Idx    E Section Name        Object

    0x20000000   0x08005924   0x00000002   Data   RW          795    .data               system_it.o
    0x20000002   0x08005926   0x00000002   PAD
    0x20000004   0x08005928   0x00000033   Data   RW          918    .data               uart.o
    0x20000037   0x0800595b   0x00000001   PAD
    0x20000038   0x0800595c   0x0000000b   Data   RW         1025    .data               hc_sr04.o
    0x20000043   0x08005967   0x00000010   Data   RW         1085    .data               key_timer.o
    0x20000053   0x08005977   0x00000002   Data   RW         1214    .data               key.o
    0x20000055   0x08005979   0x00000001   PAD
    0x20000056   0x0800597a   0x00000008   Data   RW         1286    .data               dht11.o
    0x2000005e   0x08005982   0x00000005   Data   RW         1347    .data               hs0038.o
    0x20000063   0x08005987   0x00000008   Data   RW         1417    .data               esp8266.o
    0x2000006b   0x0800598f   0x00000001   PAD
    0x2000006c   0x08005990   0x00000014   Data   RW         1613    .data               w25q128.o
    0x20000080   0x080059a4   0x00000009   Data   RW         1701    .data               rtc.o
    0x20000089   0x080059ad   0x00000002   Data   RW         1776    .data               adc.o
    0x2000008b   0x080059af   0x00000010   Data   RW         4536    .data               stm32f4xx_rcc.o
    0x2000009b   0x080059bf   0x00000001   PAD
    0x2000009c        -       0x00000410   Zero   RW          366    .bss                oled.o
    0x200004ac        -       0x00000128   Zero   RW          917    .bss                uart.o
    0x200005d4        -       0x00000014   Zero   RW         1775    .bss                adc.o
    0x200005e8        -       0x00000400   Zero   RW         1887    STACK               startup_stm32f40_41xxx.o


==============================================================================

Image component sizes


      Code (inc. data)   RO Data    RW Data    ZI Data      Debug   Object Name

       460         42          0          2         20       4266   adc.o
       796        128          0          0          0       6102   at24c02.o
        68          0          0          0          0       1106   delay.o
       516         48          0          8          0       5024   dht11.o
      1656        794          0          8          0      10285   esp8266.o
       568         64          0         11          0       3958   hc_sr04.o
       474         44          0          5          0       4491   hs0038.o
       392         22          0          2          0       4069   key.o
       716        126          0         16          0       5066   key_timer.o
       112         24          0          0          0     246015   led.o
       516         76          0          0          0      77361   main.o
       140         24          0          0          0       1727   misc.o
      1734         64          0          0       1040     281701   oled.o
         0          0       4082          0          0       1274   oled_data.o
       336         14          0          9          0       4566   rtc.o
        36          8        392          0       1024        852   startup_stm32f40_41xxx.o
       402         24          0          0          0       6959   stm32f4xx_adc.o
       184         16          0          0          0       2308   stm32f4xx_exti.o
       214          0          0          0          0       1959   stm32f4xx_gpio.o
        24          0          0          0          0       3804   stm32f4xx_it.o
        12          6          0          0          0        554   stm32f4xx_pwr.o
       540         66          0         16          0       7923   stm32f4xx_rcc.o
      1038         78          0          0          0      10298   stm32f4xx_rtc.o
       112          0          0          0          0       3754   stm32f4xx_spi.o
        64          4          0          0          0        676   stm32f4xx_syscfg.o
       786         28          0          0          0      13719   stm32f4xx_tim.o
       468          8          0          0          0       6463   stm32f4xx_usart.o
        40          4          0          2          0       1178   system_it.o
       340         32          0          0          0       1669   system_stm32f4xx.o
       188         28          0          0          0       2122   timer_it.o
      1192        126          0         51        296      10633   uart.o
       362         20          0         20          0       4203   w25q128.o

    ----------------------------------------------------------------------
     14518       1918       4506        156       2380     736085   Object Totals
         0          0         32          0          0          0   (incl. Generated)
        32          0          0          6          0          0   (incl. Padding)

    ----------------------------------------------------------------------

      Code (inc. data)   RO Data    RW Data    ZI Data      Debug   Library Member Name

         0          0          0          0          0          0   entry.o
         0          0          0          0          0          0   entry10a.o
         0          0          0          0          0          0   entry11a.o
         4          0          0          0          0          0   entry12b.o
         8          4          0          0          0          0   entry2.o
         4          0          0          0          0          0   entry5.o
         0          0          0          0          0          0   entry7b.o
         0          0          0          0          0          0   entry8b.o
         8          4          0          0          0          0   entry9a.o
        30          0          0          0          0          0   handlers.o
        36          8          0          0          0         68   init.o
         0          0          0          0          0          0   iusefp.o
        30          0          0          0          0         68   llshl.o
        36          0          0          0          0         68   llsshr.o
        32          0          0          0          0         68   llushr.o
        26          0          0          0          0         80   memcmp.o
        36          0          0          0          0        108   memseta.o
      2268         96          0          0          0        616   printfa.o
        28          0          0          0          0         76   strcmp.o
        36          0          0          0          0         80   strstr.o
        44          0          0          0          0         80   uidiv.o
        98          0          0          0          0         92   uldiv.o
        48          0          0          0          0         68   cdrcmple.o
       334          0          0          0          0        148   dadd.o
       222          0          0          0          0        100   ddiv.o
       186          0          0          0          0        176   depilogue.o
        48          0          0          0          0         68   dfixul.o
       228          0          0          0          0         96   dmul.o

    ----------------------------------------------------------------------
      3796        112          0          0          0       2060   Library Totals
         6          0          0          0          0          0   (incl. Padding)

    ----------------------------------------------------------------------

      Code (inc. data)   RO Data    RW Data    ZI Data      Debug   Library Name

      2724        112          0          0          0       1404   mc_w.l
      1066          0          0          0          0        656   mf_w.l

    ----------------------------------------------------------------------
      3796        112          0          0          0       2060   Library Totals

    ----------------------------------------------------------------------

==============================================================================


      Code (inc. data)   RO Data    RW Data    ZI Data      Debug   

     18314       2030       4506        156       2380     717657   Grand Totals
     18314       2030       4506        156       2380     717657   ELF Image Totals
     18314       2030       4506        156          0          0   ROM Totals

==============================================================================

    Total RO  Size (Code + RO Data)                22820 (  22.29kB)
    Total RW  Size (RW Data + ZI Data)              2536 (   2.48kB)
    Total ROM Size (Code + RO Data + RW Data)      22976 (  22.44kB)

==============================================================================

